<?xml version="1.0"?>
<link_info>
   <banner>TI ARM Linker PC v16.9.0.LTS</banner>
   <copyright>Copyright (c) 1996-2015 Texas Instruments Incorporated</copyright>
   <link_time>0x583f89be</link_time>
   <link_errors>0x0</link_errors>
   <output_file>SensorTagStack.out</output_file>
   <entry_point>
      <name>startup_entry</name>
      <address>0xf001</address>
   </entry_point>
   <input_file_list>
      <input_file id="fl-10a">
         <path>C:\Users\aleal\AppData\Local\Temp\</path>
         <kind>object</kind>
         <file>277002</file>
         <name>277002</name>
      </input_file>
      <input_file id="fl-1d">
         <path>C:\ti\tirex-content\simplelink\ble_cc26xx_2_01_00_44423_cloud\Projects\common\BLE_ROM_Releases\04242014\</path>
         <kind>object</kind>
         <file>ble_rom_PATCH.symbols</file>
         <name>ble_rom_PATCH.symbols</name>
      </input_file>
      <input_file id="fl-22">
         <path>C:\ti\tirex-content\simplelink\ble_cc26xx_2_01_00_44423_cloud\Projects\ble\Libraries\CC26xx\IAR\CC2640\bin\</path>
         <kind>archive</kind>
         <file>CC2640_BLE_peri_HF_CF_FlashROM.a</file>
         <name>att_server.o</name>
      </input_file>
      <input_file id="fl-23">
         <path>C:\ti\tirex-content\simplelink\ble_cc26xx_2_01_00_44423_cloud\Projects\ble\Libraries\CC26xx\IAR\CC2640\bin\</path>
         <kind>archive</kind>
         <file>CC2640_BLE_peri_HF_CF_FlashROM.a</file>
         <name>att_util.o</name>
      </input_file>
      <input_file id="fl-24">
         <path>C:\ti\tirex-content\simplelink\ble_cc26xx_2_01_00_44423_cloud\Projects\ble\Libraries\CC26xx\IAR\CC2640\bin\</path>
         <kind>archive</kind>
         <file>CC2640_BLE_peri_HF_CF_FlashROM.a</file>
         <name>ble_PATCH.o</name>
      </input_file>
      <input_file id="fl-25">
         <path>C:\ti\tirex-content\simplelink\ble_cc26xx_2_01_00_44423_cloud\Projects\ble\Libraries\CC26xx\IAR\CC2640\bin\</path>
         <kind>archive</kind>
         <file>CC2640_BLE_peri_HF_CF_FlashROM.a</file>
         <name>gap_configmgr.o</name>
      </input_file>
      <input_file id="fl-26">
         <path>C:\ti\tirex-content\simplelink\ble_cc26xx_2_01_00_44423_cloud\Projects\ble\Libraries\CC26xx\IAR\CC2640\bin\</path>
         <kind>archive</kind>
         <file>CC2640_BLE_peri_HF_CF_FlashROM.a</file>
         <name>gap_devmgr.o</name>
      </input_file>
      <input_file id="fl-27">
         <path>C:\ti\tirex-content\simplelink\ble_cc26xx_2_01_00_44423_cloud\Projects\ble\Libraries\CC26xx\IAR\CC2640\bin\</path>
         <kind>archive</kind>
         <file>CC2640_BLE_peri_HF_CF_FlashROM.a</file>
         <name>gap_linkmgr.o</name>
      </input_file>
      <input_file id="fl-28">
         <path>C:\ti\tirex-content\simplelink\ble_cc26xx_2_01_00_44423_cloud\Projects\ble\Libraries\CC26xx\IAR\CC2640\bin\</path>
         <kind>archive</kind>
         <file>CC2640_BLE_peri_HF_CF_FlashROM.a</file>
         <name>gap_peridevmgr.o</name>
      </input_file>
      <input_file id="fl-29">
         <path>C:\ti\tirex-content\simplelink\ble_cc26xx_2_01_00_44423_cloud\Projects\ble\Libraries\CC26xx\IAR\CC2640\bin\</path>
         <kind>archive</kind>
         <file>CC2640_BLE_peri_HF_CF_FlashROM.a</file>
         <name>gap_perilinkmgr.o</name>
      </input_file>
      <input_file id="fl-2a">
         <path>C:\ti\tirex-content\simplelink\ble_cc26xx_2_01_00_44423_cloud\Projects\ble\Libraries\CC26xx\IAR\CC2640\bin\</path>
         <kind>archive</kind>
         <file>CC2640_BLE_peri_HF_CF_FlashROM.a</file>
         <name>gap_task.o</name>
      </input_file>
      <input_file id="fl-2b">
         <path>C:\ti\tirex-content\simplelink\ble_cc26xx_2_01_00_44423_cloud\Projects\ble\Libraries\CC26xx\IAR\CC2640\bin\</path>
         <kind>archive</kind>
         <file>CC2640_BLE_peri_HF_CF_FlashROM.a</file>
         <name>gapgattserver.o</name>
      </input_file>
      <input_file id="fl-2c">
         <path>C:\ti\tirex-content\simplelink\ble_cc26xx_2_01_00_44423_cloud\Projects\ble\Libraries\CC26xx\IAR\CC2640\bin\</path>
         <kind>archive</kind>
         <file>CC2640_BLE_peri_HF_CF_FlashROM.a</file>
         <name>gatt_server.o</name>
      </input_file>
      <input_file id="fl-2d">
         <path>C:\ti\tirex-content\simplelink\ble_cc26xx_2_01_00_44423_cloud\Projects\ble\Libraries\CC26xx\IAR\CC2640\bin\</path>
         <kind>archive</kind>
         <file>CC2640_BLE_peri_HF_CF_FlashROM.a</file>
         <name>gatt_task.o</name>
      </input_file>
      <input_file id="fl-2e">
         <path>C:\ti\tirex-content\simplelink\ble_cc26xx_2_01_00_44423_cloud\Projects\ble\Libraries\CC26xx\IAR\CC2640\bin\</path>
         <kind>archive</kind>
         <file>CC2640_BLE_peri_HF_CF_FlashROM.a</file>
         <name>gatt_uuid.o</name>
      </input_file>
      <input_file id="fl-2f">
         <path>C:\ti\tirex-content\simplelink\ble_cc26xx_2_01_00_44423_cloud\Projects\ble\Libraries\CC26xx\IAR\CC2640\bin\</path>
         <kind>archive</kind>
         <file>CC2640_BLE_peri_HF_CF_FlashROM.a</file>
         <name>gattservapp.o</name>
      </input_file>
      <input_file id="fl-30">
         <path>C:\ti\tirex-content\simplelink\ble_cc26xx_2_01_00_44423_cloud\Projects\ble\Libraries\CC26xx\IAR\CC2640\bin\</path>
         <kind>archive</kind>
         <file>CC2640_BLE_peri_HF_CF_FlashROM.a</file>
         <name>hci_data_PATCH.o</name>
      </input_file>
      <input_file id="fl-31">
         <path>C:\ti\tirex-content\simplelink\ble_cc26xx_2_01_00_44423_cloud\Projects\ble\Libraries\CC26xx\IAR\CC2640\bin\</path>
         <kind>archive</kind>
         <file>CC2640_BLE_peri_HF_CF_FlashROM.a</file>
         <name>hci_event_PATCH.o</name>
      </input_file>
      <input_file id="fl-32">
         <path>C:\ti\tirex-content\simplelink\ble_cc26xx_2_01_00_44423_cloud\Projects\ble\Libraries\CC26xx\IAR\CC2640\bin\</path>
         <kind>archive</kind>
         <file>CC2640_BLE_peri_HF_CF_FlashROM.a</file>
         <name>hci_PATCH.o</name>
      </input_file>
      <input_file id="fl-33">
         <path>C:\ti\tirex-content\simplelink\ble_cc26xx_2_01_00_44423_cloud\Projects\ble\Libraries\CC26xx\IAR\CC2640\bin\</path>
         <kind>archive</kind>
         <file>CC2640_BLE_peri_HF_CF_FlashROM.a</file>
         <name>l2cap_if.o</name>
      </input_file>
      <input_file id="fl-34">
         <path>C:\ti\tirex-content\simplelink\ble_cc26xx_2_01_00_44423_cloud\Projects\ble\Libraries\CC26xx\IAR\CC2640\bin\</path>
         <kind>archive</kind>
         <file>CC2640_BLE_peri_HF_CF_FlashROM.a</file>
         <name>l2cap_task.o</name>
      </input_file>
      <input_file id="fl-35">
         <path>C:\ti\tirex-content\simplelink\ble_cc26xx_2_01_00_44423_cloud\Projects\ble\Libraries\CC26xx\IAR\CC2640\bin\</path>
         <kind>archive</kind>
         <file>CC2640_BLE_peri_HF_CF_FlashROM.a</file>
         <name>l2cap_util.o</name>
      </input_file>
      <input_file id="fl-36">
         <path>C:\ti\tirex-content\simplelink\ble_cc26xx_2_01_00_44423_cloud\Projects\ble\Libraries\CC26xx\IAR\CC2640\bin\</path>
         <kind>archive</kind>
         <file>CC2640_BLE_peri_HF_CF_FlashROM.a</file>
         <name>linkdb.o</name>
      </input_file>
      <input_file id="fl-37">
         <path>C:\ti\tirex-content\simplelink\ble_cc26xx_2_01_00_44423_cloud\Projects\ble\Libraries\CC26xx\IAR\CC2640\bin\</path>
         <kind>archive</kind>
         <file>CC2640_BLE_peri_HF_CF_FlashROM.a</file>
         <name>ll_advEndCauses_PATCH.o</name>
      </input_file>
      <input_file id="fl-38">
         <path>C:\ti\tirex-content\simplelink\ble_cc26xx_2_01_00_44423_cloud\Projects\ble\Libraries\CC26xx\IAR\CC2640\bin\</path>
         <kind>archive</kind>
         <file>CC2640_BLE_peri_HF_CF_FlashROM.a</file>
         <name>ll_common_PATCH.o</name>
      </input_file>
      <input_file id="fl-39">
         <path>C:\ti\tirex-content\simplelink\ble_cc26xx_2_01_00_44423_cloud\Projects\ble\Libraries\CC26xx\IAR\CC2640\bin\</path>
         <kind>archive</kind>
         <file>CC2640_BLE_peri_HF_CF_FlashROM.a</file>
         <name>ll_config.o</name>
      </input_file>
      <input_file id="fl-3a">
         <path>C:\ti\tirex-content\simplelink\ble_cc26xx_2_01_00_44423_cloud\Projects\ble\Libraries\CC26xx\IAR\CC2640\bin\</path>
         <kind>archive</kind>
         <file>CC2640_BLE_peri_HF_CF_FlashROM.a</file>
         <name>ll_isr.o</name>
      </input_file>
      <input_file id="fl-3b">
         <path>C:\ti\tirex-content\simplelink\ble_cc26xx_2_01_00_44423_cloud\Projects\ble\Libraries\CC26xx\IAR\CC2640\bin\</path>
         <kind>archive</kind>
         <file>CC2640_BLE_peri_HF_CF_FlashROM.a</file>
         <name>ll_PATCH.o</name>
      </input_file>
      <input_file id="fl-3c">
         <path>C:\ti\tirex-content\simplelink\ble_cc26xx_2_01_00_44423_cloud\Projects\ble\Libraries\CC26xx\IAR\CC2640\bin\</path>
         <kind>archive</kind>
         <file>CC2640_BLE_peri_HF_CF_FlashROM.a</file>
         <name>ll_scheduler_PATCH.o</name>
      </input_file>
      <input_file id="fl-3d">
         <path>C:\ti\tirex-content\simplelink\ble_cc26xx_2_01_00_44423_cloud\Projects\ble\Libraries\CC26xx\IAR\CC2640\bin\</path>
         <kind>archive</kind>
         <file>CC2640_BLE_peri_HF_CF_FlashROM.a</file>
         <name>ll_slaveEndCauses_PATCH.o</name>
      </input_file>
      <input_file id="fl-3e">
         <path>C:\ti\tirex-content\simplelink\ble_cc26xx_2_01_00_44423_cloud\Projects\ble\Libraries\CC26xx\IAR\CC2640\bin\</path>
         <kind>archive</kind>
         <file>CC2640_BLE_peri_HF_CF_FlashROM.a</file>
         <name>ll_sleep.o</name>
      </input_file>
      <input_file id="fl-3f">
         <path>C:\ti\tirex-content\simplelink\ble_cc26xx_2_01_00_44423_cloud\Projects\ble\Libraries\CC26xx\IAR\CC2640\bin\</path>
         <kind>archive</kind>
         <file>CC2640_BLE_peri_HF_CF_FlashROM.a</file>
         <name>sm_mgr.o</name>
      </input_file>
      <input_file id="fl-40">
         <path>C:\ti\tirex-content\simplelink\ble_cc26xx_2_01_00_44423_cloud\Projects\ble\Libraries\CC26xx\IAR\CC2640\bin\</path>
         <kind>archive</kind>
         <file>CC2640_BLE_peri_HF_CF_FlashROM.a</file>
         <name>sm_pairing.o</name>
      </input_file>
      <input_file id="fl-41">
         <path>C:\ti\tirex-content\simplelink\ble_cc26xx_2_01_00_44423_cloud\Projects\ble\Libraries\CC26xx\IAR\CC2640\bin\</path>
         <kind>archive</kind>
         <file>CC2640_BLE_peri_HF_CF_FlashROM.a</file>
         <name>sm_rsppairing.o</name>
      </input_file>
      <input_file id="fl-42">
         <path>C:\ti\tirex-content\simplelink\ble_cc26xx_2_01_00_44423_cloud\Projects\ble\Libraries\CC26xx\IAR\CC2640\bin\</path>
         <kind>archive</kind>
         <file>CC2640_BLE_peri_HF_CF_FlashROM.a</file>
         <name>sm_task.o</name>
      </input_file>
      <input_file id="fl-43">
         <path>C:\ti\tirex-content\simplelink\ble_cc26xx_2_01_00_44423_cloud\Projects\ble\Libraries\CC26xx\IAR\CC2640\bin\</path>
         <kind>archive</kind>
         <file>CC2640_BLE_peri_HF_CF_FlashROM.a</file>
         <name>smp.o</name>
      </input_file>
      <input_file id="fl-44">
         <path>C:\ti\tirex-content\simplelink\ble_cc26xx_2_01_00_44423_cloud\Projects\ble\Libraries\CC26xx\IAR\Common\bin\</path>
         <kind>archive</kind>
         <file>CC2640_BLE_HCI_TL_None_v41.a</file>
         <name>hci_tl.o</name>
      </input_file>
      <input_file id="fl-45">
         <path>C:\ti\tirex-content\tirtos_simplelink_2_13_00_06\products\cc26xxware_2_21_01_15600\driverlib\bin\ccs\</path>
         <kind>archive</kind>
         <file>driverlib.lib</file>
         <name>cpu.obj</name>
      </input_file>
      <input_file id="fl-fe">
         <path>C:\ti\ccsv6\tools\compiler\ti-cgt-arm_16.9.0.LTS\lib\</path>
         <kind>archive</kind>
         <file>rtsv7M3_T_le_eabi.lib</file>
         <name>autoinit.obj</name>
      </input_file>
      <input_file id="fl-103">
         <path>C:\ti\ccsv6\tools\compiler\ti-cgt-arm_16.9.0.LTS\lib\</path>
         <kind>archive</kind>
         <file>rtsv7M3_T_le_eabi.lib</file>
         <name>ll_mul_t2.obj</name>
      </input_file>
      <input_file id="fl-105">
         <path>C:\ti\ccsv6\tools\compiler\ti-cgt-arm_16.9.0.LTS\lib\</path>
         <kind>archive</kind>
         <file>rtsv7M3_T_le_eabi.lib</file>
         <name>memcpy_t2.obj</name>
      </input_file>
      <input_file id="fl-106">
         <path>C:\ti\ccsv6\tools\compiler\ti-cgt-arm_16.9.0.LTS\lib\</path>
         <kind>archive</kind>
         <file>rtsv7M3_T_le_eabi.lib</file>
         <name>memset_t2.obj</name>
      </input_file>
      <input_file id="fl-109">
         <path>C:\ti\ccsv6\tools\compiler\ti-cgt-arm_16.9.0.LTS\lib\</path>
         <kind>archive</kind>
         <file>rtsv7M3_T_le_eabi.lib</file>
         <name>ull_div_t2.obj</name>
      </input_file>
   </input_file_list>
   <object_component_list>
      <object_component id="oc-4b6">
         <name>.text</name>
         <load_address>0xf1f4</load_address>
         <run_address>0xf1f4</run_address>
         <size>0x10c0</size>
         <input_file_ref idref="fl-38"/>
      </object_component>
      <object_component id="oc-2ce">
         <name>.text</name>
         <load_address>0x102b4</load_address>
         <run_address>0x102b4</run_address>
         <size>0x1030</size>
         <input_file_ref idref="fl-2f"/>
      </object_component>
      <object_component id="oc-275">
         <name>.text</name>
         <load_address>0x112e4</load_address>
         <run_address>0x112e4</run_address>
         <size>0xfc0</size>
         <input_file_ref idref="fl-3b"/>
      </object_component>
      <object_component id="oc-423">
         <name>.text</name>
         <load_address>0x122a4</load_address>
         <run_address>0x122a4</run_address>
         <size>0xed4</size>
         <input_file_ref idref="fl-35"/>
      </object_component>
      <object_component id="oc-5b5">
         <name>.text</name>
         <load_address>0x13178</load_address>
         <run_address>0x13178</run_address>
         <size>0xa4c</size>
         <input_file_ref idref="fl-2c"/>
      </object_component>
      <object_component id="oc-757">
         <name>.text</name>
         <load_address>0x13bc4</load_address>
         <run_address>0x13bc4</run_address>
         <size>0x93e</size>
         <input_file_ref idref="fl-3d"/>
      </object_component>
      <object_component id="oc-4b0">
         <name>.text:Onboard_soft_reset</name>
         <load_address>0x14502</load_address>
         <run_address>0x14502</run_address>
         <size>0x2</size>
         <input_file_ref idref="fl-19"/>
      </object_component>
      <object_component id="oc-572">
         <name>.text</name>
         <load_address>0x14504</load_address>
         <run_address>0x14504</run_address>
         <size>0x8dc</size>
         <input_file_ref idref="fl-27"/>
      </object_component>
      <object_component id="oc-85d">
         <name>.text:bleDispatch_ProcessEvent</name>
         <load_address>0x14de0</load_address>
         <run_address>0x14de0</run_address>
         <size>0x7f0</size>
         <input_file_ref idref="fl-7"/>
      </object_component>
      <object_component id="oc-594">
         <name>.text</name>
         <load_address>0x155d0</load_address>
         <run_address>0x155d0</run_address>
         <size>0x75c</size>
         <input_file_ref idref="fl-40"/>
      </object_component>
      <object_component id="oc-549">
         <name>.text</name>
         <load_address>0x15d2c</load_address>
         <run_address>0x15d2c</run_address>
         <size>0x708</size>
         <input_file_ref idref="fl-3f"/>
      </object_component>
      <object_component id="oc-47e">
         <name>.text</name>
         <load_address>0x16434</load_address>
         <run_address>0x16434</run_address>
         <size>0x6d4</size>
         <input_file_ref idref="fl-3e"/>
      </object_component>
      <object_component id="oc-8d7">
         <name>.text</name>
         <load_address>0x16b08</load_address>
         <run_address>0x16b08</run_address>
         <size>0x69c</size>
         <input_file_ref idref="fl-28"/>
      </object_component>
      <object_component id="oc-7cf">
         <name>.text</name>
         <load_address>0x171a4</load_address>
         <run_address>0x171a4</run_address>
         <size>0x618</size>
         <input_file_ref idref="fl-39"/>
      </object_component>
      <object_component id="oc-5de">
         <name>.text</name>
         <load_address>0x177bc</load_address>
         <run_address>0x177bc</run_address>
         <size>0x5b0</size>
         <input_file_ref idref="fl-23"/>
      </object_component>
      <object_component id="oc-505">
         <name>.text</name>
         <load_address>0x17d6c</load_address>
         <run_address>0x17d6c</run_address>
         <size>0x57e</size>
         <input_file_ref idref="fl-24"/>
      </object_component>
      <object_component id="oc-6bc">
         <name>.text:halAssertHandler</name>
         <load_address>0x182ea</load_address>
         <run_address>0x182ea</run_address>
         <size>0x2</size>
         <input_file_ref idref="fl-2"/>
      </object_component>
      <object_component id="oc-8f7">
         <name>.text</name>
         <load_address>0x182ec</load_address>
         <run_address>0x182ec</run_address>
         <size>0x558</size>
         <input_file_ref idref="fl-41"/>
      </object_component>
      <object_component id="oc-2a5">
         <name>.text</name>
         <load_address>0x18844</load_address>
         <run_address>0x18844</run_address>
         <size>0x530</size>
         <input_file_ref idref="fl-34"/>
      </object_component>
      <object_component id="oc-761">
         <name>.text</name>
         <load_address>0x18d74</load_address>
         <run_address>0x18d74</run_address>
         <size>0x4b0</size>
         <input_file_ref idref="fl-3a"/>
      </object_component>
      <object_component id="oc-751">
         <name>.text</name>
         <load_address>0x19224</load_address>
         <run_address>0x19224</run_address>
         <size>0x42e</size>
         <input_file_ref idref="fl-37"/>
      </object_component>
      <object_component id="oc-405">
         <name>.text</name>
         <load_address>0x19652</load_address>
         <run_address>0x19652</run_address>
         <size>0x2</size>
         <input_file_ref idref="fl-107"/>
      </object_component>
      <object_component id="oc-24b">
         <name>.text</name>
         <load_address>0x19654</load_address>
         <run_address>0x19654</run_address>
         <size>0x3fc</size>
         <input_file_ref idref="fl-33"/>
      </object_component>
      <object_component id="oc-4f5">
         <name>.text</name>
         <load_address>0x19a50</load_address>
         <run_address>0x19a50</run_address>
         <size>0x3dc</size>
         <input_file_ref idref="fl-31"/>
      </object_component>
      <object_component id="oc-805">
         <name>.text</name>
         <load_address>0x19e2c</load_address>
         <run_address>0x19e2c</run_address>
         <size>0x39a</size>
         <input_file_ref idref="fl-43"/>
      </object_component>
      <object_component id="oc-730">
         <name>.text</name>
         <load_address>0x1a1c8</load_address>
         <run_address>0x1a1c8</run_address>
         <size>0x37c</size>
         <input_file_ref idref="fl-32"/>
      </object_component>
      <object_component id="oc-535">
         <name>.text</name>
         <load_address>0x1a544</load_address>
         <run_address>0x1a544</run_address>
         <size>0x358</size>
         <input_file_ref idref="fl-25"/>
      </object_component>
      <object_component id="oc-8b9">
         <name>.text</name>
         <load_address>0x1a89c</load_address>
         <run_address>0x1a89c</run_address>
         <size>0x308</size>
         <input_file_ref idref="fl-2b"/>
      </object_component>
      <object_component id="oc-2bc">
         <name>.text</name>
         <load_address>0x1aba4</load_address>
         <run_address>0x1aba4</run_address>
         <size>0x2fc</size>
         <input_file_ref idref="fl-2d"/>
      </object_component>
      <object_component id="oc-412">
         <name>.text</name>
         <load_address>0x1aea0</load_address>
         <run_address>0x1aea0</run_address>
         <size>0x294</size>
         <input_file_ref idref="fl-36"/>
      </object_component>
      <object_component id="oc-2af">
         <name>.text</name>
         <load_address>0x1b134</load_address>
         <run_address>0x1b134</run_address>
         <size>0x28c</size>
         <input_file_ref idref="fl-2a"/>
      </object_component>
      <object_component id="oc-300">
         <name>.text:osal_start_system</name>
         <load_address>0x1b3c0</load_address>
         <run_address>0x1b3c0</run_address>
         <size>0x1fc</size>
         <input_file_ref idref="fl-9"/>
      </object_component>
      <object_component id="oc-697">
         <name>.text</name>
         <load_address>0x1b5bc</load_address>
         <run_address>0x1b5bc</run_address>
         <size>0x1f4</size>
         <input_file_ref idref="fl-109"/>
      </object_component>
      <object_component id="oc-621">
         <name>.text</name>
         <load_address>0x1b7b0</load_address>
         <run_address>0x1b7b0</run_address>
         <size>0x1ec</size>
         <input_file_ref idref="fl-22"/>
      </object_component>
      <object_component id="oc-682">
         <name>.text</name>
         <load_address>0x1b99c</load_address>
         <run_address>0x1b99c</run_address>
         <size>0x13e</size>
         <input_file_ref idref="fl-2e"/>
      </object_component>
      <object_component id="oc-4e7">
         <name>.text</name>
         <load_address>0x1badc</load_address>
         <run_address>0x1badc</run_address>
         <size>0x138</size>
         <input_file_ref idref="fl-3c"/>
      </object_component>
      <object_component id="oc-8f2">
         <name>.text</name>
         <load_address>0x1bc14</load_address>
         <run_address>0x1bc14</run_address>
         <size>0x10c</size>
         <input_file_ref idref="fl-29"/>
      </object_component>
      <object_component id="oc-2b8">
         <name>.text</name>
         <load_address>0x1bd20</load_address>
         <run_address>0x1bd20</run_address>
         <size>0x104</size>
         <input_file_ref idref="fl-42"/>
      </object_component>
      <object_component id="oc-6a1">
         <name>.text:osalTimerUpdate</name>
         <load_address>0x1be24</load_address>
         <run_address>0x1be24</run_address>
         <size>0xe8</size>
         <input_file_ref idref="fl-d"/>
      </object_component>
      <object_component id="oc-6e6">
         <name>.text:MB_SendCommandSynch</name>
         <load_address>0x1bf0c</load_address>
         <run_address>0x1bf0c</run_address>
         <size>0xd4</size>
         <input_file_ref idref="fl-6"/>
      </object_component>
      <object_component id="oc-46b">
         <name>.text:osal_set_event</name>
         <load_address>0x1bfe0</load_address>
         <run_address>0x1bfe0</run_address>
         <size>0xac</size>
         <input_file_ref idref="fl-9"/>
      </object_component>
      <object_component id="oc-29d">
         <name>.text</name>
         <load_address>0x1c08c</load_address>
         <run_address>0x1c08c</run_address>
         <size>0xa8</size>
         <input_file_ref idref="fl-44"/>
      </object_component>
      <object_component id="oc-74f">
         <name>.text</name>
         <load_address>0x1c134</load_address>
         <run_address>0x1c134</run_address>
         <size>0xa8</size>
         <input_file_ref idref="fl-30"/>
      </object_component>
      <object_component id="oc-9c0">
         <name>.tramp.LL_CtrlToHostFlowControl.1</name>
         <load_address>0x1c1dc</load_address>
         <run_address>0x1c1dc</run_address>
         <size>0x8</size>
         <input_file_ref idref="fl-1d"/>
      </object_component>
      <object_component id="oc-825">
         <name>.text:cbTimerSetup$13</name>
         <load_address>0x1c1e4</load_address>
         <run_address>0x1c1e4</run_address>
         <size>0x9c</size>
         <input_file_ref idref="fl-f"/>
      </object_component>
      <object_component id="oc-7d5">
         <name>.text:osal_msg_enqueue_push$7</name>
         <load_address>0x1c280</load_address>
         <run_address>0x1c280</run_address>
         <size>0x9c</size>
         <input_file_ref idref="fl-9"/>
      </object_component>
      <object_component id="oc-236">
         <name>.text</name>
         <load_address>0x1c31c</load_address>
         <run_address>0x1c31c</run_address>
         <size>0x9c</size>
         <input_file_ref idref="fl-105"/>
      </object_component>
      <object_component id="oc-857">
         <name>.text:osal_CbTimerProcessEvent</name>
         <load_address>0x1c3b8</load_address>
         <run_address>0x1c3b8</run_address>
         <size>0x94</size>
         <input_file_ref idref="fl-f"/>
      </object_component>
      <object_component id="oc-515">
         <name>.text:osal_msg_receive</name>
         <load_address>0x1c44c</load_address>
         <run_address>0x1c44c</run_address>
         <size>0x94</size>
         <input_file_ref idref="fl-9"/>
      </object_component>
      <object_component id="oc-6e0">
         <name>.text:MB_SendCommand</name>
         <load_address>0x1c4e0</load_address>
         <run_address>0x1c4e0</run_address>
         <size>0x84</size>
         <input_file_ref idref="fl-6"/>
      </object_component>
      <object_component id="oc-52e">
         <name>.text</name>
         <load_address>0x1c564</load_address>
         <run_address>0x1c564</run_address>
         <size>0x82</size>
         <input_file_ref idref="fl-26"/>
      </object_component>
      <object_component id="oc-23f">
         <name>.text</name>
         <load_address>0x1c5e6</load_address>
         <run_address>0x1c5e6</run_address>
         <size>0x7a</size>
         <input_file_ref idref="fl-106"/>
      </object_component>
      <object_component id="oc-724">
         <name>.text:NOROM_IntDisable</name>
         <load_address>0x1c660</load_address>
         <run_address>0x1c660</run_address>
         <size>0x78</size>
         <input_file_ref idref="fl-47"/>
      </object_component>
      <object_component id="oc-71e">
         <name>.text:NOROM_IntEnable</name>
         <load_address>0x1c6d8</load_address>
         <run_address>0x1c6d8</run_address>
         <size>0x78</size>
         <input_file_ref idref="fl-47"/>
      </object_component>
      <object_component id="oc-245">
         <name>.text</name>
         <load_address>0x1c750</load_address>
         <run_address>0x1c750</run_address>
         <size>0x70</size>
         <input_file_ref idref="fl-fe"/>
      </object_component>
      <object_component id="oc-6c8">
         <name>.text:MB_EnableInts</name>
         <load_address>0x1c7c0</load_address>
         <run_address>0x1c7c0</run_address>
         <size>0x6c</size>
         <input_file_ref idref="fl-6"/>
      </object_component>
      <object_component id="oc-14">
         <name>.text:decompress:lzss</name>
         <load_address>0x1c82c</load_address>
         <run_address>0x1c82c</run_address>
         <size>0x68</size>
         <input_file_ref idref="fl-ff"/>
      </object_component>
      <object_component id="oc-4ef">
         <name>.text:osal_CbTimerUpdate</name>
         <load_address>0x1c894</load_address>
         <run_address>0x1c894</run_address>
         <size>0x68</size>
         <input_file_ref idref="fl-f"/>
      </object_component>
      <object_component id="oc-4aa">
         <name>.text:osal_pwrmgr_task_state</name>
         <load_address>0x1c8fc</load_address>
         <run_address>0x1c8fc</run_address>
         <size>0x68</size>
         <input_file_ref idref="fl-c"/>
      </object_component>
      <object_component id="oc-66e">
         <name>.text:GATTServApp_ProcessCCCWriteReq</name>
         <load_address>0x1c964</load_address>
         <run_address>0x1c964</run_address>
         <size>0x62</size>
         <input_file_ref idref="fl-13"/>
      </object_component>
      <object_component id="oc-528">
         <name>.text:osal_msg_send</name>
         <load_address>0x1c9c8</load_address>
         <run_address>0x1c9c8</run_address>
         <size>0x60</size>
         <input_file_ref idref="fl-9"/>
      </object_component>
      <object_component id="oc-64a">
         <name>.text:osal_CbTimerStop</name>
         <load_address>0x1ca28</load_address>
         <run_address>0x1ca28</run_address>
         <size>0x58</size>
         <input_file_ref idref="fl-f"/>
      </object_component>
      <object_component id="oc-901">
         <name>.text:sendGapCmdStatus$5</name>
         <load_address>0x1ca80</load_address>
         <run_address>0x1ca80</run_address>
         <size>0x54</size>
         <input_file_ref idref="fl-7"/>
      </object_component>
      <object_component id="oc-6c2">
         <name>.text:MB_Init</name>
         <load_address>0x1cad4</load_address>
         <run_address>0x1cad4</run_address>
         <size>0x4c</size>
         <input_file_ref idref="fl-6"/>
      </object_component>
      <object_component id="oc-50b">
         <name>.text:osal_bm_free</name>
         <load_address>0x1cb20</load_address>
         <run_address>0x1cb20</run_address>
         <size>0x4c</size>
         <input_file_ref idref="fl-e"/>
      </object_component>
      <object_component id="oc-3ff">
         <name>.text</name>
         <load_address>0x1cb6c</load_address>
         <run_address>0x1cb6c</run_address>
         <size>0x4c</size>
         <input_file_ref idref="fl-102"/>
      </object_component>
      <object_component id="oc-886">
         <name>.text:osalAddTimer</name>
         <load_address>0x1cbb8</load_address>
         <run_address>0x1cbb8</run_address>
         <size>0x48</size>
         <input_file_ref idref="fl-d"/>
      </object_component>
      <object_component id="oc-6ce">
         <name>.text:MB_DisableInts</name>
         <load_address>0x1cc00</load_address>
         <run_address>0x1cc00</run_address>
         <size>0x44</size>
         <input_file_ref idref="fl-6"/>
      </object_component>
      <object_component id="oc-72a">
         <name>.text:HalTRNG_GetTRNG</name>
         <load_address>0x1cc44</load_address>
         <run_address>0x1cc44</run_address>
         <size>0x40</size>
         <input_file_ref idref="fl-5"/>
      </object_component>
      <object_component id="oc-685">
         <name>.text:ICall_setTimer$7</name>
         <load_address>0x1cc84</load_address>
         <run_address>0x1cc84</run_address>
         <size>0x40</size>
         <input_file_ref idref="fl-9"/>
      </object_component>
      <object_component id="oc-6ad">
         <name>.text:ICall_setTimerMSecs$7</name>
         <load_address>0x1ccc4</load_address>
         <run_address>0x1ccc4</run_address>
         <size>0x3c</size>
         <input_file_ref idref="fl-9"/>
      </object_component>
      <object_component id="oc-6da">
         <name>.text:MB_EnableHWInts</name>
         <load_address>0x1cd00</load_address>
         <run_address>0x1cd00</run_address>
         <size>0x3c</size>
         <input_file_ref idref="fl-6"/>
      </object_component>
      <object_component id="oc-665">
         <name>.text:osal_bm_alloc</name>
         <load_address>0x1cd3c</load_address>
         <run_address>0x1cd3c</run_address>
         <size>0x3c</size>
         <input_file_ref idref="fl-e"/>
      </object_component>
      <object_component id="oc-7e4">
         <name>.text:osal_start_reload_timer</name>
         <load_address>0x1cd78</load_address>
         <run_address>0x1cd78</run_address>
         <size>0x3c</size>
         <input_file_ref idref="fl-d"/>
      </object_component>
      <object_component id="oc-263">
         <name>.text:ICall_enrollService$20</name>
         <load_address>0x1cdb4</load_address>
         <run_address>0x1cdb4</run_address>
         <size>0x38</size>
         <input_file_ref idref="fl-16"/>
      </object_component>
      <object_component id="oc-659">
         <name>.text:GATTServApp_InitCharCfg</name>
         <load_address>0x1cdec</load_address>
         <run_address>0x1cdec</run_address>
         <size>0x34</size>
         <input_file_ref idref="fl-13"/>
      </object_component>
      <object_component id="oc-4a4">
         <name>.text:HalTRNG_InitTRNG</name>
         <load_address>0x1ce20</load_address>
         <run_address>0x1ce20</run_address>
         <size>0x34</size>
         <input_file_ref idref="fl-5"/>
      </object_component>
      <object_component id="oc-7aa">
         <name>.text:ICall_send$7</name>
         <load_address>0x1ce54</load_address>
         <run_address>0x1ce54</run_address>
         <size>0x34</size>
         <input_file_ref idref="fl-9"/>
      </object_component>
      <object_component id="oc-6f2">
         <name>.text:mbCpe0Isr</name>
         <load_address>0x1ce88</load_address>
         <run_address>0x1ce88</run_address>
         <size>0x34</size>
         <input_file_ref idref="fl-6"/>
      </object_component>
      <object_component id="oc-6f8">
         <name>.text:mbCpe1Isr</name>
         <load_address>0x1cebc</load_address>
         <run_address>0x1cebc</run_address>
         <size>0x34</size>
         <input_file_ref idref="fl-6"/>
      </object_component>
      <object_component id="oc-6fe">
         <name>.text:mbHwIsr</name>
         <load_address>0x1cef0</load_address>
         <run_address>0x1cef0</run_address>
         <size>0x34</size>
         <input_file_ref idref="fl-6"/>
      </object_component>
      <object_component id="oc-70c">
         <name>.text:osal_clear_event</name>
         <load_address>0x1cf24</load_address>
         <run_address>0x1cf24</run_address>
         <size>0x34</size>
         <input_file_ref idref="fl-9"/>
      </object_component>
      <object_component id="oc-706">
         <name>.text:osal_start_timerEx</name>
         <load_address>0x1cf58</load_address>
         <run_address>0x1cf58</run_address>
         <size>0x34</size>
         <input_file_ref idref="fl-d"/>
      </object_component>
      <object_component id="oc-56c">
         <name>.text:osal_stop_timerEx</name>
         <load_address>0x1cf8c</load_address>
         <run_address>0x1cf8c</run_address>
         <size>0x34</size>
         <input_file_ref idref="fl-d"/>
      </object_component>
      <object_component id="oc-6a7">
         <name>.text:osal_alien2proxy$7</name>
         <load_address>0x1cfc0</load_address>
         <run_address>0x1cfc0</run_address>
         <size>0x30</size>
         <input_file_ref idref="fl-9"/>
      </object_component>
      <object_component id="oc-7c3">
         <name>.text:osal_get_timeoutEx</name>
         <load_address>0x1cff0</load_address>
         <run_address>0x1cff0</run_address>
         <size>0x30</size>
         <input_file_ref idref="fl-d"/>
      </object_component>
      <object_component id="oc-790">
         <name>.text:osal_build_uint32</name>
         <load_address>0x1d020</load_address>
         <run_address>0x1d020</run_address>
         <size>0x2e</size>
         <input_file_ref idref="fl-9"/>
      </object_component>
      <object_component id="oc-866">
         <name>.text:ICall_registerISR_Ext$4</name>
         <load_address>0x1d050</load_address>
         <run_address>0x1d050</run_address>
         <size>0x2c</size>
         <input_file_ref idref="fl-6"/>
      </object_component>
      <object_component id="oc-30f">
         <name>.text:bleDispatch_BMAlloc</name>
         <load_address>0x1d07c</load_address>
         <run_address>0x1d07c</run_address>
         <size>0x2c</size>
         <input_file_ref idref="fl-7"/>
      </object_component>
      <object_component id="oc-842">
         <name>.text:osal_msec_timer_cback$7</name>
         <load_address>0x1d0a8</load_address>
         <run_address>0x1d0a8</run_address>
         <size>0x2c</size>
         <input_file_ref idref="fl-9"/>
      </object_component>
      <object_component id="oc-653">
         <name>.text:osal_bm_adjust_header</name>
         <load_address>0x1d0d4</load_address>
         <run_address>0x1d0d4</run_address>
         <size>0x28</size>
         <input_file_ref idref="fl-e"/>
      </object_component>
      <object_component id="oc-269">
         <name>.text:osal_mem_alloc</name>
         <load_address>0x1d0fc</load_address>
         <run_address>0x1d0fc</run_address>
         <size>0x28</size>
         <input_file_ref idref="fl-b"/>
      </object_component>
      <object_component id="oc-691">
         <name>.text:osal_next_timeout</name>
         <load_address>0x1d124</load_address>
         <run_address>0x1d124</run_address>
         <size>0x28</size>
         <input_file_ref idref="fl-d"/>
      </object_component>
      <object_component id="oc-6d4">
         <name>.text:MB_ClearInts</name>
         <load_address>0x1d14c</load_address>
         <run_address>0x1d14c</run_address>
         <size>0x24</size>
         <input_file_ref idref="fl-6"/>
      </object_component>
      <object_component id="oc-82d">
         <name>.text:bm_desc_from_payload$12</name>
         <load_address>0x1d170</load_address>
         <run_address>0x1d170</run_address>
         <size>0x24</size>
         <input_file_ref idref="fl-e"/>
      </object_component>
      <object_component id="oc-638">
         <name>.text:osal_msg_allocate</name>
         <load_address>0x1d194</load_address>
         <run_address>0x1d194</run_address>
         <size>0x24</size>
         <input_file_ref idref="fl-9"/>
      </object_component>
      <object_component id="oc-31f">
         <name>.text:osal_service_entry</name>
         <load_address>0x1d1b8</load_address>
         <run_address>0x1d1b8</run_address>
         <size>0x24</size>
         <input_file_ref idref="fl-9"/>
      </object_component>
      <object_component id="oc-877">
         <name>.text:ICall_disableInt$4</name>
         <load_address>0x1d1dc</load_address>
         <run_address>0x1d1dc</run_address>
         <size>0x20</size>
         <input_file_ref idref="fl-6"/>
      </object_component>
      <object_component id="oc-870">
         <name>.text:ICall_enableInt$4</name>
         <load_address>0x1d1fc</load_address>
         <run_address>0x1d1fc</run_address>
         <size>0x20</size>
         <input_file_ref idref="fl-6"/>
      </object_component>
      <object_component id="oc-2fa">
         <name>.text:ICall_getTicks$7</name>
         <load_address>0x1d21c</load_address>
         <run_address>0x1d21c</run_address>
         <size>0x20</size>
         <input_file_ref idref="fl-9"/>
      </object_component>
      <object_component id="oc-7b9">
         <name>.text:ICall_pwrUpdActivityCounter$10</name>
         <load_address>0x1d23c</load_address>
         <run_address>0x1d23c</run_address>
         <size>0x20</size>
         <input_file_ref idref="fl-c"/>
      </object_component>
      <object_component id="oc-798">
         <name>.text:ICall_signal$7</name>
         <load_address>0x1d25c</load_address>
         <run_address>0x1d25c</run_address>
         <size>0x20</size>
         <input_file_ref idref="fl-9"/>
      </object_component>
      <object_component id="oc-834">
         <name>.text:gattServApp_FindCharCfgItem$17</name>
         <load_address>0x1d27c</load_address>
         <run_address>0x1d27c</run_address>
         <size>0x20</size>
         <input_file_ref idref="fl-13"/>
      </object_component>
      <object_component id="oc-6ec">
         <name>.text:mbCmdAckIsr</name>
         <load_address>0x1d29c</load_address>
         <run_address>0x1d29c</run_address>
         <size>0x20</size>
         <input_file_ref idref="fl-6"/>
      </object_component>
      <object_component id="oc-7f8">
         <name>.text:osalFindTimer</name>
         <load_address>0x1d2bc</load_address>
         <run_address>0x1d2bc</run_address>
         <size>0x20</size>
         <input_file_ref idref="fl-d"/>
      </object_component>
      <object_component id="oc-478">
         <name>.text:osal_mem_free</name>
         <load_address>0x1d2dc</load_address>
         <run_address>0x1d2dc</run_address>
         <size>0x20</size>
         <input_file_ref idref="fl-b"/>
      </object_component>
      <object_component id="oc-65f">
         <name>.text:osal_memcmp</name>
         <load_address>0x1d2fc</load_address>
         <run_address>0x1d2fc</run_address>
         <size>0x20</size>
         <input_file_ref idref="fl-9"/>
      </object_component>
      <object_component id="oc-51b">
         <name>.text:osal_msg_deallocate</name>
         <load_address>0x1d31c</load_address>
         <run_address>0x1d31c</run_address>
         <size>0x20</size>
         <input_file_ref idref="fl-9"/>
      </object_component>
      <object_component id="oc-68b">
         <name>.text:ICall_abort$7</name>
         <load_address>0x1d33c</load_address>
         <run_address>0x1d33c</run_address>
         <size>0x1c</size>
         <input_file_ref idref="fl-9"/>
      </object_component>
      <object_component id="oc-8c5">
         <name>.text:checkNVLen$5</name>
         <load_address>0x1d358</load_address>
         <run_address>0x1d358</run_address>
         <size>0x1c</size>
         <input_file_ref idref="fl-7"/>
      </object_component>
      <object_component id="oc-7ff">
         <name>.text:osal_memdup</name>
         <load_address>0x1d374</load_address>
         <run_address>0x1d374</run_address>
         <size>0x1c</size>
         <input_file_ref idref="fl-9"/>
      </object_component>
      <object_component id="oc-7a4">
         <name>.text:osal_proxy2alien$7</name>
         <load_address>0x1d390</load_address>
         <run_address>0x1d390</run_address>
         <size>0x1c</size>
         <input_file_ref idref="fl-9"/>
      </object_component>
      <object_component id="oc-7eb">
         <name>.text:osal_revmemcpy</name>
         <load_address>0x1d3ac</load_address>
         <run_address>0x1d3ac</run_address>
         <size>0x1c</size>
         <input_file_ref idref="fl-9"/>
      </object_component>
      <object_component id="oc-7de">
         <name>.text:osal_isbufset</name>
         <load_address>0x1d3c8</load_address>
         <run_address>0x1d3c8</run_address>
         <size>0x1a</size>
         <input_file_ref idref="fl-9"/>
      </object_component>
      <object_component id="oc-315">
         <name>.text:bleDispatch_BMFree</name>
         <load_address>0x1d3e2</load_address>
         <run_address>0x1d3e2</run_address>
         <size>0x18</size>
         <input_file_ref idref="fl-7"/>
      </object_component>
      <object_component id="oc-78a">
         <name>.text:osal_buffer_uint32</name>
         <load_address>0x1d3fa</load_address>
         <run_address>0x1d3fa</run_address>
         <size>0x18</size>
         <input_file_ref idref="fl-9"/>
      </object_component>
      <object_component id="oc-63e">
         <name>.text:osal_memcpy</name>
         <load_address>0x1d412</load_address>
         <run_address>0x1d412</run_address>
         <size>0x18</size>
         <input_file_ref idref="fl-9"/>
      </object_component>
      <object_component id="oc-69c">
         <name>.text</name>
         <load_address>0x1d42a</load_address>
         <run_address>0x1d42a</run_address>
         <size>0x18</size>
         <input_file_ref idref="fl-103"/>
      </object_component>
      <object_component id="oc-749">
         <name>.text:ROM_Spinlock</name>
         <load_address>0x1d442</load_address>
         <run_address>0x1d442</run_address>
         <size>0x16</size>
         <input_file_ref idref="fl-17"/>
      </object_component>
      <object_component id="oc-67a">
         <name>.text:osal_strlen</name>
         <load_address>0x1d458</load_address>
         <run_address>0x1d458</run_address>
         <size>0x14</size>
         <input_file_ref idref="fl-9"/>
      </object_component>
      <object_component id="oc-674">
         <name>.text:GATTServApp_ReadCharCfg</name>
         <load_address>0x1d46c</load_address>
         <run_address>0x1d46c</run_address>
         <size>0x10</size>
         <input_file_ref idref="fl-13"/>
      </object_component>
      <object_component id="oc-718">
         <name>.text:IntMasterDisable$21</name>
         <load_address>0x1d47c</load_address>
         <run_address>0x1d47c</run_address>
         <size>0x10</size>
         <input_file_ref idref="fl-17"/>
      </object_component>
      <object_component id="oc-712">
         <name>.text:IntMasterEnable$21</name>
         <load_address>0x1d48c</load_address>
         <run_address>0x1d48c</run_address>
         <size>0x10</size>
         <input_file_ref idref="fl-17"/>
      </object_component>
      <object_component id="oc-7f2">
         <name>.text:osal_rand</name>
         <load_address>0x1d49c</load_address>
         <run_address>0x1d49c</run_address>
         <size>0x10</size>
         <input_file_ref idref="fl-9"/>
      </object_component>
      <object_component id="oc-9c1">
         <name>.tramp.LL_PseudoRand.1</name>
         <load_address>0x1d4ac</load_address>
         <run_address>0x1d4ac</run_address>
         <size>0x8</size>
         <input_file_ref idref="fl-1d"/>
      </object_component>
      <object_component id="oc-1a">
         <name>.text:decompress:none</name>
         <load_address>0x1d4b4</load_address>
         <run_address>0x1d4b4</run_address>
         <size>0xe</size>
         <input_file_ref idref="fl-100"/>
      </object_component>
      <object_component id="oc-895">
         <name>.text:NOROM_CPUcpsid</name>
         <load_address>0x1d4c2</load_address>
         <run_address>0x1d4c2</run_address>
         <size>0xc</size>
         <input_file_ref idref="fl-45"/>
      </object_component>
      <object_component id="oc-88e">
         <name>.text:NOROM_CPUcpsie</name>
         <load_address>0x1d4ce</load_address>
         <run_address>0x1d4ce</run_address>
         <size>0xc</size>
         <input_file_ref idref="fl-45"/>
      </object_component>
      <object_component id="oc-20">
         <name>.text:decompress:ZI</name>
         <load_address>0x1d4da</load_address>
         <run_address>0x1d4da</run_address>
         <size>0xc</size>
         <input_file_ref idref="fl-101"/>
      </object_component>
      <object_component id="oc-644">
         <name>.text:osal_CbTimerStart</name>
         <load_address>0x1d4e6</load_address>
         <run_address>0x1d4e6</run_address>
         <size>0xc</size>
         <input_file_ref idref="fl-f"/>
      </object_component>
      <object_component id="oc-79e">
         <name>.text:osal_self</name>
         <load_address>0x1d4f4</load_address>
         <run_address>0x1d4f4</run_address>
         <size>0xc</size>
         <input_file_ref idref="fl-9"/>
      </object_component>
      <object_component id="oc-26f">
         <name>.text:osal_memset</name>
         <load_address>0x1d500</load_address>
         <run_address>0x1d500</run_address>
         <size>0x4</size>
         <input_file_ref idref="fl-9"/>
      </object_component>
      <object_component id="oc-8d1">
         <name>.text:osal_snv_read</name>
         <load_address>0x1d504</load_address>
         <run_address>0x1d504</run_address>
         <size>0x4</size>
         <input_file_ref idref="fl-10"/>
      </object_component>
      <object_component id="oc-8cb">
         <name>.text:osal_snv_write</name>
         <load_address>0x1d508</load_address>
         <run_address>0x1d508</run_address>
         <size>0x4</size>
         <input_file_ref idref="fl-10"/>
      </object_component>
      <object_component id="oc-9bf">
         <name>.tramp.HCI_LE_SetRandomAddressCmd.1</name>
         <load_address>0x1d50c</load_address>
         <run_address>0x1d50c</run_address>
         <size>0x8</size>
         <input_file_ref idref="fl-1d"/>
      </object_component>
      <object_component id="oc-9be">
         <name>.tramp.LL_ReadLocalVersionInfo.1</name>
         <load_address>0x1d514</load_address>
         <run_address>0x1d514</run_address>
         <size>0x8</size>
         <input_file_ref idref="fl-1d"/>
      </object_component>
      <object_component id="oc-9bd">
         <name>.tramp.LL_EXT_ResetSystem.1</name>
         <load_address>0x1d51c</load_address>
         <run_address>0x1d51c</run_address>
         <size>0x8</size>
         <input_file_ref idref="fl-1d"/>
      </object_component>
      <object_component id="oc-9bc">
         <name>.tramp.HCI_CommandStatusEvent.1</name>
         <load_address>0x1d524</load_address>
         <run_address>0x1d524</run_address>
         <size>0x8</size>
         <input_file_ref idref="fl-1d"/>
      </object_component>
      <object_component id="oc-9bb">
         <name>.tramp.HCI_CommandCompleteEvent.1</name>
         <load_address>0x1d52c</load_address>
         <run_address>0x1d52c</run_address>
         <size>0x8</size>
         <input_file_ref idref="fl-1d"/>
      </object_component>
      <object_component id="oc-9ba">
         <name>.tramp.HCI_SendCommandCompleteEvent.1</name>
         <load_address>0x1d534</load_address>
         <run_address>0x1d534</run_address>
         <size>0x8</size>
         <input_file_ref idref="fl-1d"/>
      </object_component>
      <object_component id="oc-9b9">
         <name>.tramp.HCI_HostNumCompletedPktCmd.1</name>
         <load_address>0x1d53c</load_address>
         <run_address>0x1d53c</run_address>
         <size>0x8</size>
         <input_file_ref idref="fl-1d"/>
      </object_component>
      <object_component id="oc-9b8">
         <name>.tramp.HCI_HostBufferSizeCmd.1</name>
         <load_address>0x1d544</load_address>
         <run_address>0x1d544</run_address>
         <size>0x8</size>
         <input_file_ref idref="fl-1d"/>
      </object_component>
      <object_component id="oc-9b7">
         <name>.tramp.HCI_SetControllerToHostFlowCtrlCmd.1</name>
         <load_address>0x1d54c</load_address>
         <run_address>0x1d54c</run_address>
         <size>0x8</size>
         <input_file_ref idref="fl-1d"/>
      </object_component>
      <object_component id="oc-9b6">
         <name>.tramp.llCalcScaFactor.1</name>
         <load_address>0x1d554</load_address>
         <run_address>0x1d554</run_address>
         <size>0x8</size>
         <input_file_ref idref="fl-1d"/>
      </object_component>
      <object_component id="oc-9b5">
         <name>.tramp.LL_ENC_Decrypt.1</name>
         <load_address>0x1d55c</load_address>
         <run_address>0x1d55c</run_address>
         <size>0x8</size>
         <input_file_ref idref="fl-1d"/>
      </object_component>
      <object_component id="oc-9b4">
         <name>.tramp.HCI_LE_LtkReqNegReplyCmd.1</name>
         <load_address>0x1d564</load_address>
         <run_address>0x1d564</run_address>
         <size>0x8</size>
         <input_file_ref idref="fl-1d"/>
      </object_component>
      <object_component id="oc-9b3">
         <name>.tramp.HCI_LE_LtkReqReplyCmd.1</name>
         <load_address>0x1d56c</load_address>
         <run_address>0x1d56c</run_address>
         <size>0x8</size>
         <input_file_ref idref="fl-1d"/>
      </object_component>
      <object_component id="oc-9b2">
         <name>.tramp.llGetNumTxDataEntries.1</name>
         <load_address>0x1d574</load_address>
         <run_address>0x1d574</run_address>
         <size>0x8</size>
         <input_file_ref idref="fl-1d"/>
      </object_component>
      <object_component id="oc-9b1">
         <name>.tramp.LL_ENC_GenDeviceIV.1</name>
         <load_address>0x1d57c</load_address>
         <run_address>0x1d57c</run_address>
         <size>0x8</size>
         <input_file_ref idref="fl-1d"/>
      </object_component>
      <object_component id="oc-9b0">
         <name>.tramp.LL_ENC_GenDeviceSKD.1</name>
         <load_address>0x1d584</load_address>
         <run_address>0x1d584</run_address>
         <size>0x8</size>
         <input_file_ref idref="fl-1d"/>
      </object_component>
      <object_component id="oc-9af">
         <name>.tramp.LL_ENC_ReverseBytes.1</name>
         <load_address>0x1d58c</load_address>
         <run_address>0x1d58c</run_address>
         <size>0x8</size>
         <input_file_ref idref="fl-1d"/>
      </object_component>
      <object_component id="oc-9ae">
         <name>.tramp.llMemCopySrc.1</name>
         <load_address>0x1d594</load_address>
         <run_address>0x1d594</run_address>
         <size>0x8</size>
         <input_file_ref idref="fl-1d"/>
      </object_component>
      <object_component id="oc-9ad">
         <name>.tramp.HCI_LE_SetAdvParamCmd.1</name>
         <load_address>0x1d59c</load_address>
         <run_address>0x1d59c</run_address>
         <size>0x8</size>
         <input_file_ref idref="fl-1d"/>
      </object_component>
      <object_component id="oc-9ac">
         <name>.tramp.HCI_LE_SetAdvEnableCmd.1</name>
         <load_address>0x1d5a4</load_address>
         <run_address>0x1d5a4</run_address>
         <size>0x8</size>
         <input_file_ref idref="fl-1d"/>
      </object_component>
      <object_component id="oc-9ab">
         <name>.tramp.HCI_LE_SetScanRspDataCmd.1</name>
         <load_address>0x1d5ac</load_address>
         <run_address>0x1d5ac</run_address>
         <size>0x8</size>
         <input_file_ref idref="fl-1d"/>
      </object_component>
      <object_component id="oc-9aa">
         <name>.tramp.HCI_LE_SetAdvDataCmd.1</name>
         <load_address>0x1d5b4</load_address>
         <run_address>0x1d5b4</run_address>
         <size>0x8</size>
         <input_file_ref idref="fl-1d"/>
      </object_component>
      <object_component id="oc-9a9">
         <name>.tramp.llPatchCM0.1</name>
         <load_address>0x1d5bc</load_address>
         <run_address>0x1d5bc</run_address>
         <size>0x8</size>
         <input_file_ref idref="fl-1d"/>
      </object_component>
      <object_component id="oc-9a8">
         <name>.tramp.LL_Encrypt.1</name>
         <load_address>0x1d5c4</load_address>
         <run_address>0x1d5c4</run_address>
         <size>0x8</size>
         <input_file_ref idref="fl-1d"/>
      </object_component>
      <object_component id="oc-9a7">
         <name>.tramp.HCI_LE_RandCmd.1</name>
         <load_address>0x1d5cc</load_address>
         <run_address>0x1d5cc</run_address>
         <size>0x8</size>
         <input_file_ref idref="fl-1d"/>
      </object_component>
      <object_component id="oc-9a6">
         <name>.tramp.HCI_ReadRemoteVersionInfoCmd.1</name>
         <load_address>0x1d5d4</load_address>
         <run_address>0x1d5d4</run_address>
         <size>0x8</size>
         <input_file_ref idref="fl-1d"/>
      </object_component>
      <object_component id="oc-9a5">
         <name>.tramp.HCI_SetEventMaskCmd.1</name>
         <load_address>0x1d5dc</load_address>
         <run_address>0x1d5dc</run_address>
         <size>0x8</size>
         <input_file_ref idref="fl-1d"/>
      </object_component>
      <object_component id="oc-9a4">
         <name>.tramp.HCI_ReadTransmitPowerLevelCmd.1</name>
         <load_address>0x1d5e4</load_address>
         <run_address>0x1d5e4</run_address>
         <size>0x8</size>
         <input_file_ref idref="fl-1d"/>
      </object_component>
      <object_component id="oc-9a3">
         <name>.tramp.HCI_ReadLocalSupportedFeaturesCmd.1</name>
         <load_address>0x1d5ec</load_address>
         <run_address>0x1d5ec</run_address>
         <size>0x8</size>
         <input_file_ref idref="fl-1d"/>
      </object_component>
      <object_component id="oc-9a2">
         <name>.tramp.HCI_ReadBDADDRCmd.1</name>
         <load_address>0x1d5f4</load_address>
         <run_address>0x1d5f4</run_address>
         <size>0x8</size>
         <input_file_ref idref="fl-1d"/>
      </object_component>
      <object_component id="oc-9a1">
         <name>.tramp.HCI_ReadRssiCmd.1</name>
         <load_address>0x1d5fc</load_address>
         <run_address>0x1d5fc</run_address>
         <size>0x8</size>
         <input_file_ref idref="fl-1d"/>
      </object_component>
      <object_component id="oc-9a0">
         <name>.tramp.HCI_LE_ReadLocalSupportedFeaturesCmd.1</name>
         <load_address>0x1d604</load_address>
         <run_address>0x1d604</run_address>
         <size>0x8</size>
         <input_file_ref idref="fl-1d"/>
      </object_component>
      <object_component id="oc-99f">
         <name>.tramp.HCI_LE_ReadAdvChanTxPowerCmd.1</name>
         <load_address>0x1d60c</load_address>
         <run_address>0x1d60c</run_address>
         <size>0x8</size>
         <input_file_ref idref="fl-1d"/>
      </object_component>
      <object_component id="oc-99e">
         <name>.tramp.HCI_LE_ReadWhiteListSizeCmd.1</name>
         <load_address>0x1d614</load_address>
         <run_address>0x1d614</run_address>
         <size>0x8</size>
         <input_file_ref idref="fl-1d"/>
      </object_component>
      <object_component id="oc-99d">
         <name>.tramp.HCI_LE_ClearWhiteListCmd.1</name>
         <load_address>0x1d61c</load_address>
         <run_address>0x1d61c</run_address>
         <size>0x8</size>
         <input_file_ref idref="fl-1d"/>
      </object_component>
      <object_component id="oc-99c">
         <name>.tramp.HCI_LE_AddWhiteListCmd.1</name>
         <load_address>0x1d624</load_address>
         <run_address>0x1d624</run_address>
         <size>0x8</size>
         <input_file_ref idref="fl-1d"/>
      </object_component>
      <object_component id="oc-99b">
         <name>.tramp.HCI_LE_RemoveWhiteListCmd.1</name>
         <load_address>0x1d62c</load_address>
         <run_address>0x1d62c</run_address>
         <size>0x8</size>
         <input_file_ref idref="fl-1d"/>
      </object_component>
      <object_component id="oc-99a">
         <name>.tramp.HCI_LE_ReadChannelMapCmd.1</name>
         <load_address>0x1d634</load_address>
         <run_address>0x1d634</run_address>
         <size>0x8</size>
         <input_file_ref idref="fl-1d"/>
      </object_component>
      <object_component id="oc-999">
         <name>.tramp.HCI_LE_EncryptCmd.1</name>
         <load_address>0x1d63c</load_address>
         <run_address>0x1d63c</run_address>
         <size>0x8</size>
         <input_file_ref idref="fl-1d"/>
      </object_component>
      <object_component id="oc-998">
         <name>.tramp.HCI_LE_ReadSupportedStatesCmd.1</name>
         <load_address>0x1d644</load_address>
         <run_address>0x1d644</run_address>
         <size>0x8</size>
         <input_file_ref idref="fl-1d"/>
      </object_component>
      <object_component id="oc-997">
         <name>.tramp.HCI_LE_TestEndCmd.1</name>
         <load_address>0x1d64c</load_address>
         <run_address>0x1d64c</run_address>
         <size>0x8</size>
         <input_file_ref idref="fl-1d"/>
      </object_component>
      <object_component id="oc-996">
         <name>.tramp.HCI_EXT_SetTxPowerCmd.1</name>
         <load_address>0x1d654</load_address>
         <run_address>0x1d654</run_address>
         <size>0x8</size>
         <input_file_ref idref="fl-1d"/>
      </object_component>
      <object_component id="oc-995">
         <name>.tramp.HCI_EXT_OnePktPerEvtCmd.1</name>
         <load_address>0x1d65c</load_address>
         <run_address>0x1d65c</run_address>
         <size>0x8</size>
         <input_file_ref idref="fl-1d"/>
      </object_component>
      <object_component id="oc-994">
         <name>.tramp.HCI_EXT_DecryptCmd.1</name>
         <load_address>0x1d664</load_address>
         <run_address>0x1d664</run_address>
         <size>0x8</size>
         <input_file_ref idref="fl-1d"/>
      </object_component>
      <object_component id="oc-993">
         <name>.tramp.HCI_EXT_SetLocalSupportedFeaturesCmd.1</name>
         <load_address>0x1d66c</load_address>
         <run_address>0x1d66c</run_address>
         <size>0x8</size>
         <input_file_ref idref="fl-1d"/>
      </object_component>
      <object_component id="oc-992">
         <name>.tramp.HCI_EXT_SetFastTxResponseTimeCmd.1</name>
         <load_address>0x1d674</load_address>
         <run_address>0x1d674</run_address>
         <size>0x8</size>
         <input_file_ref idref="fl-1d"/>
      </object_component>
      <object_component id="oc-991">
         <name>.tramp.HCI_EXT_ModemTestTxCmd.1</name>
         <load_address>0x1d67c</load_address>
         <run_address>0x1d67c</run_address>
         <size>0x8</size>
         <input_file_ref idref="fl-1d"/>
      </object_component>
      <object_component id="oc-990">
         <name>.tramp.HCI_EXT_ModemHopTestTxCmd.1</name>
         <load_address>0x1d684</load_address>
         <run_address>0x1d684</run_address>
         <size>0x8</size>
         <input_file_ref idref="fl-1d"/>
      </object_component>
      <object_component id="oc-98f">
         <name>.tramp.HCI_EXT_ModemTestRxCmd.1</name>
         <load_address>0x1d68c</load_address>
         <run_address>0x1d68c</run_address>
         <size>0x8</size>
         <input_file_ref idref="fl-1d"/>
      </object_component>
      <object_component id="oc-98e">
         <name>.tramp.HCI_EXT_EndModemTestCmd.1</name>
         <load_address>0x1d694</load_address>
         <run_address>0x1d694</run_address>
         <size>0x8</size>
         <input_file_ref idref="fl-1d"/>
      </object_component>
      <object_component id="oc-98d">
         <name>.tramp.HCI_EXT_SetBDADDRCmd.1</name>
         <load_address>0x1d69c</load_address>
         <run_address>0x1d69c</run_address>
         <size>0x8</size>
         <input_file_ref idref="fl-1d"/>
      </object_component>
      <object_component id="oc-98c">
         <name>.tramp.HCI_EXT_SetSCACmd.1</name>
         <load_address>0x1d6a4</load_address>
         <run_address>0x1d6a4</run_address>
         <size>0x8</size>
         <input_file_ref idref="fl-1d"/>
      </object_component>
      <object_component id="oc-98b">
         <name>.tramp.HCI_EXT_EnablePTMCmd.1</name>
         <load_address>0x1d6ac</load_address>
         <run_address>0x1d6ac</run_address>
         <size>0x8</size>
         <input_file_ref idref="fl-1d"/>
      </object_component>
      <object_component id="oc-98a">
         <name>.tramp.HCI_EXT_SetMaxDtmTxPowerCmd.1</name>
         <load_address>0x1d6b4</load_address>
         <run_address>0x1d6b4</run_address>
         <size>0x8</size>
         <input_file_ref idref="fl-1d"/>
      </object_component>
      <object_component id="oc-989">
         <name>.tramp.HCI_EXT_DisconnectImmedCmd.1</name>
         <load_address>0x1d6bc</load_address>
         <run_address>0x1d6bc</run_address>
         <size>0x8</size>
         <input_file_ref idref="fl-1d"/>
      </object_component>
      <object_component id="oc-988">
         <name>.tramp.HCI_EXT_PacketErrorRateCmd.1</name>
         <load_address>0x1d6c4</load_address>
         <run_address>0x1d6c4</run_address>
         <size>0x8</size>
         <input_file_ref idref="fl-1d"/>
      </object_component>
      <object_component id="oc-987">
         <name>.tramp.HCI_EXT_PERbyChanCmd.1</name>
         <load_address>0x1d6cc</load_address>
         <run_address>0x1d6cc</run_address>
         <size>0x8</size>
         <input_file_ref idref="fl-1d"/>
      </object_component>
      <object_component id="oc-986">
         <name>.tramp.HCI_EXT_AdvEventNoticeCmd.1</name>
         <load_address>0x1d6d4</load_address>
         <run_address>0x1d6d4</run_address>
         <size>0x8</size>
         <input_file_ref idref="fl-1d"/>
      </object_component>
      <object_component id="oc-985">
         <name>.tramp.HCI_EXT_SetSlaveLatencyOverrideCmd.1</name>
         <load_address>0x1d6dc</load_address>
         <run_address>0x1d6dc</run_address>
         <size>0x8</size>
         <input_file_ref idref="fl-1d"/>
      </object_component>
      <object_component id="oc-984">
         <name>.tramp.HCI_EXT_BuildRevisionCmd.1</name>
         <load_address>0x1d6e4</load_address>
         <run_address>0x1d6e4</run_address>
         <size>0x8</size>
         <input_file_ref idref="fl-1d"/>
      </object_component>
      <object_component id="oc-983">
         <name>.tramp.HCI_EXT_NumComplPktsLimitCmd.1</name>
         <load_address>0x1d6ec</load_address>
         <run_address>0x1d6ec</run_address>
         <size>0x8</size>
         <input_file_ref idref="fl-1d"/>
      </object_component>
      <object_component id="oc-982">
         <name>.tramp.HCI_DisconnectCmd.1</name>
         <load_address>0x1d6f4</load_address>
         <run_address>0x1d6f4</run_address>
         <size>0x8</size>
         <input_file_ref idref="fl-1d"/>
      </object_component>
      <object_component id="oc-981">
         <name>.tramp.llMoveTempTxDataEntries.1</name>
         <load_address>0x1d6fc</load_address>
         <run_address>0x1d6fc</run_address>
         <size>0x8</size>
         <input_file_ref idref="fl-1d"/>
      </object_component>
      <object_component id="oc-980">
         <name>.tramp.llSetupVersionIndReq.1</name>
         <load_address>0x1d704</load_address>
         <run_address>0x1d704</run_address>
         <size>0x8</size>
         <input_file_ref idref="fl-1d"/>
      </object_component>
      <object_component id="oc-97f">
         <name>.tramp.LL_ReadRemoteVersionInfoCback.1</name>
         <load_address>0x1d70c</load_address>
         <run_address>0x1d70c</run_address>
         <size>0x8</size>
         <input_file_ref idref="fl-1d"/>
      </object_component>
      <object_component id="oc-97e">
         <name>.tramp.llSetupPauseEncRsp.1</name>
         <load_address>0x1d714</load_address>
         <run_address>0x1d714</run_address>
         <size>0x8</size>
         <input_file_ref idref="fl-1d"/>
      </object_component>
      <object_component id="oc-97d">
         <name>.tramp.llSetupStartEncRsp.1</name>
         <load_address>0x1d71c</load_address>
         <run_address>0x1d71c</run_address>
         <size>0x8</size>
         <input_file_ref idref="fl-1d"/>
      </object_component>
      <object_component id="oc-97c">
         <name>.tramp.LL_EncChangeCback.1</name>
         <load_address>0x1d724</load_address>
         <run_address>0x1d724</run_address>
         <size>0x8</size>
         <input_file_ref idref="fl-1d"/>
      </object_component>
      <object_component id="oc-97b">
         <name>.tramp.LL_EncKeyRefreshCback.1</name>
         <load_address>0x1d72c</load_address>
         <run_address>0x1d72c</run_address>
         <size>0x8</size>
         <input_file_ref idref="fl-1d"/>
      </object_component>
      <object_component id="oc-97a">
         <name>.tramp.LL_ENC_AES128_Encrypt.1</name>
         <load_address>0x1d734</load_address>
         <run_address>0x1d734</run_address>
         <size>0x8</size>
         <input_file_ref idref="fl-1d"/>
      </object_component>
      <object_component id="oc-979">
         <name>.tramp.llSetupStartEncReq.1</name>
         <load_address>0x1d73c</load_address>
         <run_address>0x1d73c</run_address>
         <size>0x8</size>
         <input_file_ref idref="fl-1d"/>
      </object_component>
      <object_component id="oc-978">
         <name>.tramp.llSetupEncRsp.1</name>
         <load_address>0x1d744</load_address>
         <run_address>0x1d744</run_address>
         <size>0x8</size>
         <input_file_ref idref="fl-1d"/>
      </object_component>
      <object_component id="oc-977">
         <name>.tramp.LL_EncLtkReqCback.1</name>
         <load_address>0x1d74c</load_address>
         <run_address>0x1d74c</run_address>
         <size>0x8</size>
         <input_file_ref idref="fl-1d"/>
      </object_component>
      <object_component id="oc-976">
         <name>.tramp.llSetupUnknownRsp.1</name>
         <load_address>0x1d754</load_address>
         <run_address>0x1d754</run_address>
         <size>0x8</size>
         <input_file_ref idref="fl-1d"/>
      </object_component>
      <object_component id="oc-975">
         <name>.tramp.llEventInRange.1</name>
         <load_address>0x1d75c</load_address>
         <run_address>0x1d75c</run_address>
         <size>0x8</size>
         <input_file_ref idref="fl-1d"/>
      </object_component>
      <object_component id="oc-974">
         <name>.tramp.llCheckForLstoDuringSL.1</name>
         <load_address>0x1d764</load_address>
         <run_address>0x1d764</run_address>
         <size>0x8</size>
         <input_file_ref idref="fl-1d"/>
      </object_component>
      <object_component id="oc-973">
         <name>.tramp.llConnTerminate.1</name>
         <load_address>0x1d76c</load_address>
         <run_address>0x1d76c</run_address>
         <size>0x8</size>
         <input_file_ref idref="fl-1d"/>
      </object_component>
      <object_component id="oc-972">
         <name>.tramp.HCI_SendDataPkt.1</name>
         <load_address>0x1d774</load_address>
         <run_address>0x1d774</run_address>
         <size>0x8</size>
         <input_file_ref idref="fl-1d"/>
      </object_component>
      <object_component id="oc-971">
         <name>.tramp.llGetNumTasks.1</name>
         <load_address>0x1d77c</load_address>
         <run_address>0x1d77c</run_address>
         <size>0x8</size>
         <input_file_ref idref="fl-1d"/>
      </object_component>
      <object_component id="oc-970">
         <name>.tramp.llScheduler.1</name>
         <load_address>0x1d784</load_address>
         <run_address>0x1d784</run_address>
         <size>0x8</size>
         <input_file_ref idref="fl-1d"/>
      </object_component>
      <object_component id="oc-96f">
         <name>.tramp.llSetupAdv.1</name>
         <load_address>0x1d78c</load_address>
         <run_address>0x1d78c</run_address>
         <size>0x8</size>
         <input_file_ref idref="fl-1d"/>
      </object_component>
      <object_component id="oc-96e">
         <name>.tramp.LL_DirectTestEndDoneCback.1</name>
         <load_address>0x1d794</load_address>
         <run_address>0x1d794</run_address>
         <size>0x8</size>
         <input_file_ref idref="fl-1d"/>
      </object_component>
      <object_component id="oc-96d">
         <name>.tramp.llRfStartFS.1</name>
         <load_address>0x1d79c</load_address>
         <run_address>0x1d79c</run_address>
         <size>0x8</size>
         <input_file_ref idref="fl-1d"/>
      </object_component>
      <object_component id="oc-96c">
         <name>.tramp.HCI_DataBufferOverflowEvent.1</name>
         <load_address>0x1d7a4</load_address>
         <run_address>0x1d7a4</run_address>
         <size>0x8</size>
         <input_file_ref idref="fl-1d"/>
      </object_component>
      <object_component id="oc-96b">
         <name>.tramp.llReleaseAllConnId.1</name>
         <load_address>0x1d7ac</load_address>
         <run_address>0x1d7ac</run_address>
         <size>0x8</size>
         <input_file_ref idref="fl-1d"/>
      </object_component>
      <object_component id="oc-96a">
         <name>.tramp.LL_ClearWhiteList.1</name>
         <load_address>0x1d7b4</load_address>
         <run_address>0x1d7b4</run_address>
         <size>0x8</size>
         <input_file_ref idref="fl-1d"/>
      </object_component>
      <object_component id="oc-969">
         <name>.tramp.LL_ENC_Init.1</name>
         <load_address>0x1d7bc</load_address>
         <run_address>0x1d7bc</run_address>
         <size>0x8</size>
         <input_file_ref idref="fl-1d"/>
      </object_component>
      <object_component id="oc-968">
         <name>.tramp.WL_Init.1</name>
         <load_address>0x1d7c4</load_address>
         <run_address>0x1d7c4</run_address>
         <size>0x8</size>
         <input_file_ref idref="fl-1d"/>
      </object_component>
      <object_component id="oc-967">
         <name>.tramp.LL_ConnectionCompleteCback.1</name>
         <load_address>0x1d7cc</load_address>
         <run_address>0x1d7cc</run_address>
         <size>0x8</size>
         <input_file_ref idref="fl-1d"/>
      </object_component>
      <object_component id="oc-966">
         <name>.tramp.LL_ENC_GenerateTrueRandNum.1</name>
         <load_address>0x1d7d4</load_address>
         <run_address>0x1d7d4</run_address>
         <size>0x8</size>
         <input_file_ref idref="fl-1d"/>
      </object_component>
      <object_component id="oc-965">
         <name>.tramp.llInitRAT.1</name>
         <load_address>0x1d7dc</load_address>
         <run_address>0x1d7dc</run_address>
         <size>0x8</size>
         <input_file_ref idref="fl-1d"/>
      </object_component>
      <object_component id="oc-964">
         <name>.tramp.llSetupRfHal.1</name>
         <load_address>0x1d7e4</load_address>
         <run_address>0x1d7e4</run_address>
         <size>0x8</size>
         <input_file_ref idref="fl-1d"/>
      </object_component>
      <object_component id="oc-963">
         <name>.tramp.llSetupMailbox.1</name>
         <load_address>0x1d7ec</load_address>
         <run_address>0x1d7ec</run_address>
         <size>0x8</size>
         <input_file_ref idref="fl-1d"/>
      </object_component>
      <object_component id="oc-962">
         <name>.tramp.llResetRadio.1</name>
         <load_address>0x1d7f4</load_address>
         <run_address>0x1d7f4</run_address>
         <size>0x8</size>
         <input_file_ref idref="fl-1d"/>
      </object_component>
      <object_component id="oc-961">
         <name>.tramp.llSetupRejectInd.1</name>
         <load_address>0x1d7fc</load_address>
         <run_address>0x1d7fc</run_address>
         <size>0x8</size>
         <input_file_ref idref="fl-1d"/>
      </object_component>
      <object_component id="oc-960">
         <name>.tramp.WL_FindEntry.1</name>
         <load_address>0x1d804</load_address>
         <run_address>0x1d804</run_address>
         <size>0x8</size>
         <input_file_ref idref="fl-1d"/>
      </object_component>
      <object_component id="oc-95f">
         <name>.tramp.llEnqueueCtrlPkt.1</name>
         <load_address>0x1d80c</load_address>
         <run_address>0x1d80c</run_address>
         <size>0x8</size>
         <input_file_ref idref="fl-1d"/>
      </object_component>
      <object_component id="oc-95e">
         <name>.tramp.LL_ConnActive.1</name>
         <load_address>0x1d814</load_address>
         <run_address>0x1d814</run_address>
         <size>0x8</size>
         <input_file_ref idref="fl-1d"/>
      </object_component>
      <object_component id="oc-95d">
         <name>.tramp.llHaltRadio.1</name>
         <load_address>0x1d81c</load_address>
         <run_address>0x1d81c</run_address>
         <size>0x8</size>
         <input_file_ref idref="fl-1d"/>
      </object_component>
      <object_component id="oc-95c">
         <name>.tramp.llGetCurrentTask.1</name>
         <load_address>0x1d824</load_address>
         <run_address>0x1d824</run_address>
         <size>0x8</size>
         <input_file_ref idref="fl-1d"/>
      </object_component>
      <object_component id="oc-95b">
         <name>.tramp.LL_RX_bm_alloc.1</name>
         <load_address>0x1d82c</load_address>
         <run_address>0x1d82c</run_address>
         <size>0x8</size>
         <input_file_ref idref="fl-1d"/>
      </object_component>
      <object_component id="oc-95a">
         <name>.tramp.HCI_HardwareErrorEvent.1</name>
         <load_address>0x1d834</load_address>
         <run_address>0x1d834</run_address>
         <size>0x8</size>
         <input_file_ref idref="fl-1d"/>
      </object_component>
      <object_component id="oc-959">
         <name>.tramp.HCI_bm_alloc.1</name>
         <load_address>0x1d83c</load_address>
         <run_address>0x1d83c</run_address>
         <size>0x8</size>
         <input_file_ref idref="fl-1d"/>
      </object_component>
      <object_component id="oc-958">
         <name>.tramp.llWriteTxData.1</name>
         <load_address>0x1d844</load_address>
         <run_address>0x1d844</run_address>
         <size>0x8</size>
         <input_file_ref idref="fl-1d"/>
      </object_component>
      <object_component id="oc-957">
         <name>.tramp.llGetCurrentTime.1</name>
         <load_address>0x1d84c</load_address>
         <run_address>0x1d84c</run_address>
         <size>0x8</size>
         <input_file_ref idref="fl-1d"/>
      </object_component>
      <object_component id="oc-956">
         <name>.tramp.llConvertCtrlProcTimeoutToEvent.1</name>
         <load_address>0x1d854</load_address>
         <run_address>0x1d854</run_address>
         <size>0x8</size>
         <input_file_ref idref="fl-1d"/>
      </object_component>
      <object_component id="oc-955">
         <name>.tramp.llConvertLstoToEvent.1</name>
         <load_address>0x1d85c</load_address>
         <run_address>0x1d85c</run_address>
         <size>0x8</size>
         <input_file_ref idref="fl-1d"/>
      </object_component>
      <object_component id="oc-954">
         <name>.tramp.llTimeDelta.1</name>
         <load_address>0x1d864</load_address>
         <run_address>0x1d864</run_address>
         <size>0x8</size>
         <input_file_ref idref="fl-1d"/>
      </object_component>
      <object_component id="oc-953">
         <name>.tramp.llTimeCompare.1</name>
         <load_address>0x1d86c</load_address>
         <run_address>0x1d86c</run_address>
         <size>0x8</size>
         <input_file_ref idref="fl-1d"/>
      </object_component>
      <object_component id="oc-952">
         <name>.tramp.llFreeTask.1</name>
         <load_address>0x1d874</load_address>
         <run_address>0x1d874</run_address>
         <size>0x8</size>
         <input_file_ref idref="fl-1d"/>
      </object_component>
      <object_component id="oc-951">
         <name>.tramp.llReleaseConnId.1</name>
         <load_address>0x1d87c</load_address>
         <run_address>0x1d87c</run_address>
         <size>0x8</size>
         <input_file_ref idref="fl-1d"/>
      </object_component>
      <object_component id="oc-950">
         <name>.tramp.LL_ENC_Encrypt.1</name>
         <load_address>0x1d884</load_address>
         <run_address>0x1d884</run_address>
         <size>0x8</size>
         <input_file_ref idref="fl-1d"/>
      </object_component>
      <object_component id="oc-94f">
         <name>.tramp.LL_TX_bm_alloc.1</name>
         <load_address>0x1d88c</load_address>
         <run_address>0x1d88c</run_address>
         <size>0x8</size>
         <input_file_ref idref="fl-1d"/>
      </object_component>
      <object_component id="oc-94e">
         <name>.tramp.llEventDelta.1</name>
         <load_address>0x1d894</load_address>
         <run_address>0x1d894</run_address>
         <size>0x8</size>
         <input_file_ref idref="fl-1d"/>
      </object_component>
      <object_component id="oc-30c">
         <name>.const:$O11$$</name>
         <load_address>0x1d89c</load_address>
         <run_address>0x1d89c</run_address>
         <size>0x664</size>
         <input_file_ref idref="fl-17"/>
      </object_component>
      <object_component id="oc-309">
         <name>.const:$O9$$</name>
         <load_address>0x1df00</load_address>
         <run_address>0x1df00</run_address>
         <size>0x10c</size>
         <input_file_ref idref="fl-14"/>
      </object_component>
      <object_component id="oc-6b6">
         <name>.const:tasksArr</name>
         <load_address>0x1e00c</load_address>
         <run_address>0x1e00c</run_address>
         <size>0x24</size>
         <input_file_ref idref="fl-16"/>
      </object_component>
      <object_component id="oc-512">
         <name>.rodata</name>
         <load_address>0x1e030</load_address>
         <run_address>0x1e030</run_address>
         <size>0x5c</size>
         <input_file_ref idref="fl-39"/>
      </object_component>
      <object_component id="oc-920">
         <name>.rodata</name>
         <load_address>0x1e08c</load_address>
         <run_address>0x1e08c</run_address>
[...]
         <object_component_ref idref="oc-757"/>
      </symbol>
      <symbol id="sm-1380">
         <name>llSetupNextSlaveEvent</name>
         <value>0x13dc1</value>
         <object_component_ref idref="oc-757"/>
      </symbol>
      <symbol id="sm-1381">
         <name>llSlave_TaskEnd</name>
         <value>0x13bc5</value>
         <object_component_ref idref="oc-757"/>
      </symbol>
      <symbol id="sm-1417">
         <name>LL_PM_Enter_AES</name>
         <value>0x16af1</value>
         <object_component_ref idref="oc-47e"/>
      </symbol>
      <symbol id="sm-1418">
         <name>LL_PM_Exit_AES</name>
         <value>0x16b03</value>
         <object_component_ref idref="oc-47e"/>
      </symbol>
      <symbol id="sm-1419">
         <name>LL_PM_ForceSysBusThroughRF</name>
         <value>0x164d5</value>
         <object_component_ref idref="oc-47e"/>
      </symbol>
      <symbol id="sm-141a">
         <name>LL_PM_GetRfCoreState</name>
         <value>0x168a9</value>
         <object_component_ref idref="oc-47e"/>
      </symbol>
      <symbol id="sm-141b">
         <name>LL_PM_Init</name>
         <value>0x1683b</value>
         <object_component_ref idref="oc-47e"/>
      </symbol>
      <symbol id="sm-141c">
         <name>LL_PM_InitRadioSetupCmd</name>
         <value>0x164dd</value>
         <object_component_ref idref="oc-47e"/>
      </symbol>
      <symbol id="sm-141d">
         <name>LL_PM_PowerCycleRadio</name>
         <value>0x169cb</value>
         <object_component_ref idref="oc-47e"/>
      </symbol>
      <symbol id="sm-141e">
         <name>LL_PM_PowerOffRfCore</name>
         <value>0x166ff</value>
         <object_component_ref idref="oc-47e"/>
      </symbol>
      <symbol id="sm-141f">
         <name>LL_PM_PowerOffRfCoreOptimize</name>
         <value>0x16763</value>
         <object_component_ref idref="oc-47e"/>
      </symbol>
      <symbol id="sm-1420">
         <name>LL_PM_PowerOnReq</name>
         <value>0x16a3d</value>
         <object_component_ref idref="oc-47e"/>
      </symbol>
      <symbol id="sm-1421">
         <name>LL_PM_PowerOnRfCore</name>
         <value>0x16689</value>
         <object_component_ref idref="oc-47e"/>
      </symbol>
      <symbol id="sm-1422">
         <name>LL_PM_PowerOnRfCoreOptimize</name>
         <value>0x16593</value>
         <object_component_ref idref="oc-47e"/>
      </symbol>
      <symbol id="sm-1423">
         <name>LL_PM_RFCmdDoneEventCallback</name>
         <value>0x20004610</value>
         <object_component_ref idref="oc-7b2"/>
      </symbol>
      <symbol id="sm-1424">
         <name>LL_PM_ShutdownFS</name>
         <value>0x1672b</value>
         <object_component_ref idref="oc-47e"/>
      </symbol>
      <symbol id="sm-1425">
         <name>LL_PM_StartRfTask</name>
         <value>0x168bf</value>
         <object_component_ref idref="oc-47e"/>
      </symbol>
      <symbol id="sm-1426">
         <name>LL_PM_StopCurTaskTimer</name>
         <value>0x1698d</value>
         <object_component_ref idref="oc-47e"/>
      </symbol>
      <symbol id="sm-1486">
         <name>SM_CalcRandomAddr</name>
         <value>0x15d5d</value>
         <object_component_ref idref="oc-549"/>
      </symbol>
      <symbol id="sm-1487">
         <name>SM_Encrypt</name>
         <value>0x15ddd</value>
         <object_component_ref idref="oc-549"/>
      </symbol>
      <symbol id="sm-1488">
         <name>SM_GenerateAuthenSig</name>
         <value>0x160d1</value>
         <object_component_ref idref="oc-549"/>
      </symbol>
      <symbol id="sm-1489">
         <name>SM_NewRandKey</name>
         <value>0x15d2d</value>
         <object_component_ref idref="oc-549"/>
      </symbol>
      <symbol id="sm-148a">
         <name>SM_ResolveRandomAddrs</name>
         <value>0x15d8f</value>
         <object_component_ref idref="oc-549"/>
      </symbol>
      <symbol id="sm-148b">
         <name>SM_VerifyAuthenSig</name>
         <value>0x1616b</value>
         <object_component_ref idref="oc-549"/>
      </symbol>
      <symbol id="sm-148c">
         <name>smAuthReqToUint8</name>
         <value>0x16073</value>
         <object_component_ref idref="oc-549"/>
      </symbol>
      <symbol id="sm-148d">
         <name>smGenerateRandBuf</name>
         <value>0x1604d</value>
         <object_component_ref idref="oc-549"/>
      </symbol>
      <symbol id="sm-148e">
         <name>smInProcess</name>
         <value>0x15eab</value>
         <object_component_ref idref="oc-549"/>
      </symbol>
      <symbol id="sm-148f">
         <name>smProcessRandComplete</name>
         <value>0x15e1b</value>
         <object_component_ref idref="oc-549"/>
      </symbol>
      <symbol id="sm-1490">
         <name>smStartRspTimer</name>
         <value>0x15e85</value>
         <object_component_ref idref="oc-549"/>
      </symbol>
      <symbol id="sm-1491">
         <name>smStopRspTimer</name>
         <value>0x15ea1</value>
         <object_component_ref idref="oc-549"/>
      </symbol>
      <symbol id="sm-1492">
         <name>smUint8ToAuthReq</name>
         <value>0x16093</value>
         <object_component_ref idref="oc-549"/>
      </symbol>
      <symbol id="sm-1493">
         <name>sm_ah</name>
         <value>0x15edf</value>
         <object_component_ref idref="oc-549"/>
      </symbol>
      <symbol id="sm-1494">
         <name>sm_c1new</name>
         <value>0x15f3f</value>
         <object_component_ref idref="oc-549"/>
      </symbol>
      <symbol id="sm-1495">
         <name>sm_d1</name>
         <value>0x15ebd</value>
         <object_component_ref idref="oc-549"/>
      </symbol>
      <symbol id="sm-1496">
         <name>sm_dm</name>
         <value>0x15f15</value>
         <object_component_ref idref="oc-549"/>
      </symbol>
      <symbol id="sm-1497">
         <name>sm_s1</name>
         <value>0x1600d</value>
         <object_component_ref idref="oc-549"/>
      </symbol>
      <symbol id="sm-14ed">
         <name>SM_PasskeyUpdate</name>
         <value>0x15657</value>
         <object_component_ref idref="oc-594"/>
      </symbol>
      <symbol id="sm-14ee">
         <name>SM_StartPairing</name>
         <value>0x155d1</value>
         <object_component_ref idref="oc-594"/>
      </symbol>
      <symbol id="sm-14ef">
         <name>pPairingParams</name>
         <value>0x20004860</value>
         <object_component_ref idref="oc-5b4"/>
      </symbol>
      <symbol id="sm-14f0">
         <name>pfnResponderCBs</name>
         <value>0x20004864</value>
         <object_component_ref idref="oc-5b4"/>
      </symbol>
      <symbol id="sm-14f1">
         <name>smDetermineKeySize</name>
         <value>0x15c8b</value>
         <object_component_ref idref="oc-594"/>
      </symbol>
      <symbol id="sm-14f2">
         <name>smEndPairing</name>
         <value>0x15c5b</value>
         <object_component_ref idref="oc-594"/>
      </symbol>
      <symbol id="sm-14f3">
         <name>smGenerateConfirm</name>
         <value>0x159ef</value>
         <object_component_ref idref="oc-594"/>
      </symbol>
      <symbol id="sm-14f4">
         <name>smGeneratePairingReqRsp</name>
         <value>0x159c3</value>
         <object_component_ref idref="oc-594"/>
      </symbol>
      <symbol id="sm-14f5">
         <name>smGenerateRandMsg</name>
         <value>0x15a07</value>
         <object_component_ref idref="oc-594"/>
      </symbol>
      <symbol id="sm-14f6">
         <name>smLinkCheck</name>
         <value>0x156e1</value>
         <object_component_ref idref="oc-594"/>
      </symbol>
      <symbol id="sm-14f7">
         <name>smNextPairingState</name>
         <value>0x1588f</value>
         <object_component_ref idref="oc-594"/>
      </symbol>
      <symbol id="sm-14f8">
         <name>smPairingSendEncInfo</name>
         <value>0x15baf</value>
         <object_component_ref idref="oc-594"/>
      </symbol>
      <symbol id="sm-14f9">
         <name>smPairingSendIdentityAddrInfo</name>
         <value>0x15be7</value>
         <object_component_ref idref="oc-594"/>
      </symbol>
      <symbol id="sm-14fa">
         <name>smPairingSendIdentityInfo</name>
         <value>0x15bdd</value>
         <object_component_ref idref="oc-594"/>
      </symbol>
      <symbol id="sm-14fb">
         <name>smPairingSendMasterID</name>
         <value>0x15bb5</value>
         <object_component_ref idref="oc-594"/>
      </symbol>
      <symbol id="sm-14fc">
         <name>smPairingSendSingingInfo</name>
         <value>0x15c0b</value>
         <object_component_ref idref="oc-594"/>
      </symbol>
      <symbol id="sm-14fd">
         <name>smProcessDataMsg</name>
         <value>0x156fd</value>
         <object_component_ref idref="oc-594"/>
      </symbol>
      <symbol id="sm-14fe">
         <name>smProcessEncryptChange</name>
         <value>0x157e5</value>
         <object_component_ref idref="oc-594"/>
      </symbol>
      <symbol id="sm-14ff">
         <name>smProcessPairingReq</name>
         <value>0x15955</value>
         <object_component_ref idref="oc-594"/>
      </symbol>
      <symbol id="sm-1500">
         <name>smRegisterInitiator</name>
         <value>0x156d1</value>
         <object_component_ref idref="oc-594"/>
      </symbol>
      <symbol id="sm-1501">
         <name>smRegisterResponder</name>
         <value>0x156d9</value>
         <object_component_ref idref="oc-594"/>
      </symbol>
      <symbol id="sm-1502">
         <name>smSavePairInfo</name>
         <value>0x15a31</value>
         <object_component_ref idref="oc-594"/>
      </symbol>
      <symbol id="sm-1503">
         <name>smSendFailAndEnd</name>
         <value>0x157c9</value>
         <object_component_ref idref="oc-594"/>
      </symbol>
      <symbol id="sm-1504">
         <name>smStartEncryption</name>
         <value>0x159a9</value>
         <object_component_ref idref="oc-594"/>
      </symbol>
      <symbol id="sm-1505">
         <name>smTimedOut</name>
         <value>0x156f9</value>
         <object_component_ref idref="oc-594"/>
      </symbol>
      <symbol id="sm-1506">
         <name>sm_c1</name>
         <value>0x158bf</value>
         <object_component_ref idref="oc-594"/>
      </symbol>
      <symbol id="sm-1528">
         <name>SM_ResponderInit</name>
         <value>0x182ed</value>
         <object_component_ref idref="oc-8f7"/>
      </symbol>
      <symbol id="sm-1529">
         <name>smpResponderProcessPairingReq</name>
         <value>0x185ad</value>
         <object_component_ref idref="oc-8f7"/>
      </symbol>
      <symbol id="sm-1539">
         <name>SM_Init</name>
         <value>0x1bd21</value>
         <object_component_ref idref="oc-2b8"/>
      </symbol>
      <symbol id="sm-153a">
         <name>SM_ProcessEvent</name>
         <value>0x1bd3d</value>
         <object_component_ref idref="oc-2b8"/>
      </symbol>
      <symbol id="sm-153b">
         <name>smTaskID</name>
         <value>0x200048bd</value>
         <object_component_ref idref="oc-5b3"/>
      </symbol>
      <symbol id="sm-1573">
         <name>smSendSMMsg</name>
         <value>0x1a17f</value>
         <object_component_ref idref="oc-805"/>
      </symbol>
      <symbol id="sm-1574">
         <name>smpBuildEncInfo</name>
         <value>0x1a04d</value>
         <object_component_ref idref="oc-805"/>
      </symbol>
      <symbol id="sm-1575">
         <name>smpBuildIdentityAddrInfo</name>
         <value>0x1a0cf</value>
         <object_component_ref idref="oc-805"/>
      </symbol>
      <symbol id="sm-1576">
         <name>smpBuildIdentityInfo</name>
         <value>0x1a0bd</value>
         <object_component_ref idref="oc-805"/>
      </symbol>
      <symbol id="sm-1577">
         <name>smpBuildMasterID</name>
         <value>0x1a075</value>
         <object_component_ref idref="oc-805"/>
      </symbol>
      <symbol id="sm-1578">
         <name>smpBuildPairingConfirm</name>
         <value>0x19fb7</value>
         <object_component_ref idref="oc-805"/>
      </symbol>
      <symbol id="sm-1579">
         <name>smpBuildPairingFailed</name>
         <value>0x1a017</value>
         <object_component_ref idref="oc-805"/>
      </symbol>
      <symbol id="sm-157a">
         <name>smpBuildPairingRandom</name>
         <value>0x19fdf</value>
         <object_component_ref idref="oc-805"/>
      </symbol>
      <symbol id="sm-157b">
         <name>smpBuildPairingReq</name>
         <value>0x19e2d</value>
         <object_component_ref idref="oc-805"/>
      </symbol>
      <symbol id="sm-157c">
         <name>smpBuildPairingReqRsp</name>
         <value>0x19e3b</value>
         <object_component_ref idref="oc-805"/>
      </symbol>
      <symbol id="sm-157d">
         <name>smpBuildPairingRsp</name>
         <value>0x19e35</value>
         <object_component_ref idref="oc-805"/>
      </symbol>
      <symbol id="sm-157e">
         <name>smpBuildSecurityReq</name>
         <value>0x1a147</value>
         <object_component_ref idref="oc-805"/>
      </symbol>
      <symbol id="sm-157f">
         <name>smpBuildSigningInfo</name>
         <value>0x1a11f</value>
         <object_component_ref idref="oc-805"/>
      </symbol>
      <symbol id="sm-1580">
         <name>smpParseEncInfo</name>
         <value>0x1a05f</value>
         <object_component_ref idref="oc-805"/>
      </symbol>
      <symbol id="sm-1581">
         <name>smpParseIdentityAddrInfo</name>
         <value>0x1a103</value>
         <object_component_ref idref="oc-805"/>
      </symbol>
      <symbol id="sm-1582">
         <name>smpParseIdentityInfo</name>
         <value>0x1a0ed</value>
         <object_component_ref idref="oc-805"/>
      </symbol>
      <symbol id="sm-1583">
         <name>smpParseMasterID</name>
         <value>0x1a099</value>
         <object_component_ref idref="oc-805"/>
      </symbol>
      <symbol id="sm-1584">
         <name>smpParsePairingConfirm</name>
         <value>0x19fc9</value>
         <object_component_ref idref="oc-805"/>
      </symbol>
      <symbol id="sm-1585">
         <name>smpParsePairingFailed</name>
         <value>0x1a02f</value>
         <object_component_ref idref="oc-805"/>
      </symbol>
      <symbol id="sm-1586">
         <name>smpParsePairingRandom</name>
         <value>0x1a001</value>
         <object_component_ref idref="oc-805"/>
      </symbol>
      <symbol id="sm-1587">
         <name>smpParsePairingReq</name>
         <value>0x19ee3</value>
         <object_component_ref idref="oc-805"/>
      </symbol>
      <symbol id="sm-1588">
         <name>smpParseSecurityReq</name>
         <value>0x1a163</value>
         <object_component_ref idref="oc-805"/>
      </symbol>
      <symbol id="sm-1589">
         <name>smpParseSigningInfo</name>
         <value>0x1a131</value>
         <object_component_ref idref="oc-805"/>
      </symbol>
      <symbol id="sm-15a8">
         <name>HCI_ExtTaskRegister</name>
         <value>0x1c113</value>
         <object_component_ref idref="oc-29d"/>
      </symbol>
      <symbol id="sm-15a9">
         <name>HCI_GAPTaskRegister</name>
         <value>0x1c101</value>
         <object_component_ref idref="oc-29d"/>
      </symbol>
      <symbol id="sm-15aa">
         <name>HCI_Init</name>
         <value>0x1c08d</value>
         <object_component_ref idref="oc-29d"/>
      </symbol>
      <symbol id="sm-15ab">
         <name>HCI_L2CAPTaskRegister</name>
         <value>0x1c107</value>
         <object_component_ref idref="oc-29d"/>
      </symbol>
      <symbol id="sm-15ac">
         <name>HCI_ProcessEvent</name>
         <value>0x1c0bf</value>
         <object_component_ref idref="oc-29d"/>
      </symbol>
      <symbol id="sm-15ad">
         <name>HCI_SMPTaskRegister</name>
         <value>0x1c10d</value>
         <object_component_ref idref="oc-29d"/>
      </symbol>
      <symbol id="sm-15ae">
         <name>HCI_TestAppTaskRegister</name>
         <value>0x1c0fb</value>
         <object_component_ref idref="oc-29d"/>
      </symbol>
      <symbol id="sm-15af">
         <name>hciExtTaskID</name>
         <value>0x200048b7</value>
         <object_component_ref idref="oc-526"/>
      </symbol>
      <symbol id="sm-15b0">
         <name>hciGapTaskID</name>
         <value>0x200048b4</value>
         <object_component_ref idref="oc-523"/>
      </symbol>
      <symbol id="sm-15b1">
         <name>hciL2capTaskID</name>
         <value>0x200048b5</value>
         <object_component_ref idref="oc-524"/>
      </symbol>
      <symbol id="sm-15b2">
         <name>hciSmpTaskID</name>
         <value>0x200048b6</value>
         <object_component_ref idref="oc-525"/>
      </symbol>
      <symbol id="sm-15b3">
         <name>hciTaskID</name>
         <value>0x200048b2</value>
         <object_component_ref idref="oc-521"/>
      </symbol>
      <symbol id="sm-15b4">
         <name>hciTestTaskID</name>
         <value>0x200048b3</value>
         <object_component_ref idref="oc-522"/>
      </symbol>
      <symbol id="sm-15d0">
         <name>NOROM_CPUcpsie</name>
         <value>0x1d4cf</value>
         <object_component_ref idref="oc-88e"/>
      </symbol>
      <symbol id="sm-15d1">
         <name>NOROM_CPUcpsid</name>
         <value>0x1d4c3</value>
         <object_component_ref idref="oc-895"/>
      </symbol>
      <symbol id="sm-15f1">
         <name>__TI_auto_init</name>
         <value>0x1c751</value>
         <object_component_ref idref="oc-245"/>
      </symbol>
      <symbol id="sm-15fa">
         <name>__aeabi_lmul</name>
         <value>0x1d42b</value>
         <object_component_ref idref="oc-69c"/>
      </symbol>
      <symbol id="sm-1615">
         <name>memcpy</name>
         <value>0x1c31d</value>
         <object_component_ref idref="oc-236"/>
      </symbol>
      <symbol id="sm-1616">
         <name>__aeabi_memcpy</name>
         <value>0x1c31d</value>
         <object_component_ref idref="oc-236"/>
      </symbol>
      <symbol id="sm-1617">
         <name>__aeabi_memcpy8</name>
         <value>0x1c31d</value>
         <object_component_ref idref="oc-236"/>
      </symbol>
      <symbol id="sm-1618">
         <name>__aeabi_memcpy4</name>
         <value>0x1c31d</value>
         <object_component_ref idref="oc-236"/>
      </symbol>
      <symbol id="sm-1627">
         <name>__aeabi_memset</name>
         <value>0x1c5e9</value>
         <object_component_ref idref="oc-23f"/>
      </symbol>
      <symbol id="sm-1628">
         <name>memset</name>
         <value>0x1c5ef</value>
         <object_component_ref idref="oc-23f"/>
      </symbol>
      <symbol id="sm-1629">
         <name>__aeabi_memset8</name>
         <value>0x1c5e9</value>
         <object_component_ref idref="oc-23f"/>
      </symbol>
      <symbol id="sm-162a">
         <name>__aeabi_memset4</name>
         <value>0x1c5e9</value>
         <object_component_ref idref="oc-23f"/>
      </symbol>
      <symbol id="sm-162b">
         <name>__aeabi_memclr8</name>
         <value>0x1c5e7</value>
         <object_component_ref idref="oc-23f"/>
      </symbol>
      <symbol id="sm-162c">
         <name>__aeabi_memclr4</name>
         <value>0x1c5e7</value>
         <object_component_ref idref="oc-23f"/>
      </symbol>
      <symbol id="sm-162d">
         <name>__aeabi_memclr</name>
         <value>0x1c5e7</value>
         <object_component_ref idref="oc-23f"/>
      </symbol>
      <symbol id="sm-1649">
         <name>__aeabi_uldivmod</name>
         <value>0x1b5bd</value>
         <object_component_ref idref="oc-697"/>
      </symbol>
      <symbol id="sm-164a">
         <name>__TI_static_base__</name>
         <value>0x1e0a0</value>
      </symbol>
      <symbol id="sm-164f">
         <name>SHT$$INIT_ARRAY$$Limit</name>
         <value>0x0</value>
      </symbol>
      <symbol id="sm-1650">
         <name>SHT$$INIT_ARRAY$$Base</name>
         <value>0x0</value>
      </symbol>
   </symbol_table>
   <title>Link successful</title>
</link_info>
