******************************************************************************
                  TI ARM Linker PC v16.9.0                     
******************************************************************************
>> Linked Wed Nov 30 20:23:58 2016

OUTPUT FILE NAME:   <SensorTagStack.out>
ENTRY POINT SYMBOL: "startup_entry"  address: 0000f001


MEMORY CONFIGURATION

         name            origin    length      used     unused   attr    fill
----------------------  --------  ---------  --------  --------  ----  --------
  FLASH                 0000f000   00010000  0000f1c6  00000e3a  R  X
  SRAM                  20004460   00000487  0000045b  0000002c  RW X
  $BOUND$0x20004fec     20004fec   00000010  00000010  00000000  R IX


SEGMENT ALLOCATION MAP

run origin  load origin   length   init length attrs members
----------  ----------- ---------- ----------- ----- -------
0000f000    0000f000    0000f1c8   0000f1c8    r-x
  0000f000    0000f000    000001f4   000001f4    r-x EntrySection
  0000f1f4    0000f1f4    0000e6a8   0000e6a8    r-x .text
  0001d89c    0001d89c    00000794   00000794    r-- .const
  0001e030    0001e030    0000006e   0000006e    r-- .rodata
  0001e0a0    0001e0a0    00000128   00000128    r-- .cinit
20004460    20004460    0000045e   00000000    rw-
  20004460    20004460    000002dd   00000000    rw- .data
  20004740    20004740    0000017e   00000000    rw- .bss
20004fec    20004fec    00000010   00000000    rw-
  20004fec    20004fec    00000010   00000000    rw- .TI.bound:mbIntCbackTable


SECTION ALLOCATION MAP

 output                                  attributes/
section   page    origin      length       input sections
--------  ----  ----------  ----------   ----------------
EntrySection 
*          0    0000f000    000001f4     
                  0000f000    000001f4     ICall_startup.obj (EntrySection:startup_entry)

.text      0    0000f1f4    0000e6a8     
                  0000f1f4    000010c0     CC2640_BLE_peri_HF_CF_FlashROM.a : ll_common_PATCH.o (.text)
                  000102b4    00001030                                      : gattservapp.o (.text)
                  000112e4    00000fc0                                      : ll_PATCH.o (.text)
                  000122a4    00000ed4                                      : l2cap_util.o (.text)
                  00013178    00000a4c                                      : gatt_server.o (.text)
                  00013bc4    0000093e                                      : ll_slaveEndCauses_PATCH.o (.text)
                  00014502    00000002     OnBoard.obj (.text:Onboard_soft_reset)
                  00014504    000008dc     CC2640_BLE_peri_HF_CF_FlashROM.a : gap_linkmgr.o (.text)
                  00014de0    000007f0     bleDispatch.obj (.text:bleDispatch_ProcessEvent)
                  000155d0    0000075c     CC2640_BLE_peri_HF_CF_FlashROM.a : sm_pairing.o (.text)
                  00015d2c    00000708                                      : sm_mgr.o (.text)
                  00016434    000006d4                                      : ll_sleep.o (.text)
                  00016b08    0000069c                                      : gap_peridevmgr.o (.text)
                  000171a4    00000618                                      : ll_config.o (.text)
                  000177bc    000005b0                                      : att_util.o (.text)
                  00017d6c    0000057e                                      : ble_PATCH.o (.text)
                  000182ea    00000002     hal_assert.obj (.text:halAssertHandler)
                  000182ec    00000558     CC2640_BLE_peri_HF_CF_FlashROM.a : sm_rsppairing.o (.text)
                  00018844    00000530                                      : l2cap_task.o (.text)
                  00018d74    000004b0                                      : ll_isr.o (.text)
                  00019224    0000042e                                      : ll_advEndCauses_PATCH.o (.text)
                  00019652    00000002     rtsv7M3_T_le_eabi.lib : startup.obj (.text)
                  00019654    000003fc     CC2640_BLE_peri_HF_CF_FlashROM.a : l2cap_if.o (.text)
                  00019a50    000003dc                                      : hci_event_PATCH.o (.text)
                  00019e2c    0000039a                                      : smp.o (.text)
                  0001a1c6    00000002     --HOLE-- [fill = 0]
                  0001a1c8    0000037c                                      : hci_PATCH.o (.text)
                  0001a544    00000358                                      : gap_configmgr.o (.text)
                  0001a89c    00000308                                      : gapgattserver.o (.text)
                  0001aba4    000002fc                                      : gatt_task.o (.text)
                  0001aea0    00000294                                      : linkdb.o (.text)
                  0001b134    0000028c                                      : gap_task.o (.text)
                  0001b3c0    000001fc     OSAL.obj (.text:osal_start_system)
                  0001b5bc    000001f4     rtsv7M3_T_le_eabi.lib : ull_div_t2.obj (.text)
                  0001b7b0    000001ec     CC2640_BLE_peri_HF_CF_FlashROM.a : att_server.o (.text)
                  0001b99c    0000013e                                      : gatt_uuid.o (.text)
                  0001bada    00000002     --HOLE-- [fill = 0]
                  0001badc    00000138                                      : ll_scheduler_PATCH.o (.text)
                  0001bc14    0000010c                                      : gap_perilinkmgr.o (.text)
                  0001bd20    00000104                                      : sm_task.o (.text)
                  0001be24    000000e8     OSAL_Timers.obj (.text:osalTimerUpdate)
                  0001bf0c    000000d4     mb_PATCH.obj (.text:MB_SendCommandSynch)
                  0001bfe0    000000ac     OSAL.obj (.text:osal_set_event)
                  0001c08c    000000a8     CC2640_BLE_HCI_TL_None_v41.a : hci_tl.o (.text)
                  0001c134    000000a8     CC2640_BLE_peri_HF_CF_FlashROM.a : hci_data_PATCH.o (.text)
                  0001c1dc    00000008     ble_rom_PATCH.symbols (.tramp.LL_CtrlToHostFlowControl.1)
                  0001c1e4    0000009c     osal_cbtimer.obj (.text:cbTimerSetup$13)
                  0001c280    0000009c     OSAL.obj (.text:osal_msg_enqueue_push$7)
                  0001c31c    0000009c     rtsv7M3_T_le_eabi.lib : memcpy_t2.obj (.text)
                  0001c3b8    00000094     osal_cbtimer.obj (.text:osal_CbTimerProcessEvent)
                  0001c44c    00000094     OSAL.obj (.text:osal_msg_receive)
                  0001c4e0    00000084     mb_PATCH.obj (.text:MB_SendCommand)
                  0001c564    00000082     CC2640_BLE_peri_HF_CF_FlashROM.a : gap_devmgr.o (.text)
                  0001c5e6    0000007a     rtsv7M3_T_le_eabi.lib : memset_t2.obj (.text)
                  0001c660    00000078     driverlib.lib : interrupt.obj (.text:NOROM_IntDisable)
                  0001c6d8    00000078                   : interrupt.obj (.text:NOROM_IntEnable)
                  0001c750    00000070     rtsv7M3_T_le_eabi.lib : autoinit.obj (.text)
                  0001c7c0    0000006c     mb_PATCH.obj (.text:MB_EnableInts)
                  0001c82c    00000068     rtsv7M3_T_le_eabi.lib : copy_decompress_lzss.obj (.text:decompress:lzss)
                  0001c894    00000068     osal_cbtimer.obj (.text:osal_CbTimerUpdate)
                  0001c8fc    00000068     OSAL_PwrMgr.obj (.text:osal_pwrmgr_task_state)
                  0001c964    00000062     gattservapp_util.obj (.text:GATTServApp_ProcessCCCWriteReq)
                  0001c9c6    00000002     --HOLE-- [fill = 0]
                  0001c9c8    00000060     OSAL.obj (.text:osal_msg_send)
                  0001ca28    00000058     osal_cbtimer.obj (.text:osal_CbTimerStop)
                  0001ca80    00000054     bleDispatch.obj (.text:sendGapCmdStatus$5)
                  0001cad4    0000004c     mb_PATCH.obj (.text:MB_Init)
                  0001cb20    0000004c     osal_bufmgr.obj (.text:osal_bm_free)
                  0001cb6c    0000004c     rtsv7M3_T_le_eabi.lib : cpy_tbl.obj (.text)
                  0001cbb8    00000048     OSAL_Timers.obj (.text:osalAddTimer)
                  0001cc00    00000044     mb_PATCH.obj (.text:MB_DisableInts)
                  0001cc44    00000040     hal_trng_wrapper.obj (.text:HalTRNG_GetTRNG)
                  0001cc84    00000040     OSAL.obj (.text:ICall_setTimer$7)
                  0001ccc4    0000003c     OSAL.obj (.text:ICall_setTimerMSecs$7)
                  0001cd00    0000003c     mb_PATCH.obj (.text:MB_EnableHWInts)
                  0001cd3c    0000003c     osal_bufmgr.obj (.text:osal_bm_alloc)
                  0001cd78    0000003c     OSAL_Timers.obj (.text:osal_start_reload_timer)
                  0001cdb4    00000038     OSAL_ICallBle.obj (.text:ICall_enrollService$20)
                  0001cdec    00000034     gattservapp_util.obj (.text:GATTServApp_InitCharCfg)
                  0001ce20    00000034     hal_trng_wrapper.obj (.text:HalTRNG_InitTRNG)
                  0001ce54    00000034     OSAL.obj (.text:ICall_send$7)
                  0001ce88    00000034     mb_PATCH.obj (.text:mbCpe0Isr)
                  0001cebc    00000034     mb_PATCH.obj (.text:mbCpe1Isr)
                  0001cef0    00000034     mb_PATCH.obj (.text:mbHwIsr)
                  0001cf24    00000034     OSAL.obj (.text:osal_clear_event)
                  0001cf58    00000034     OSAL_Timers.obj (.text:osal_start_timerEx)
                  0001cf8c    00000034     OSAL_Timers.obj (.text:osal_stop_timerEx)
                  0001cfc0    00000030     OSAL.obj (.text:osal_alien2proxy$7)
                  0001cff0    00000030     OSAL_Timers.obj (.text:osal_get_timeoutEx)
                  0001d020    0000002e     OSAL.obj (.text:osal_build_uint32)
                  0001d04e    00000002     --HOLE-- [fill = 0]
                  0001d050    0000002c     mb_PATCH.obj (.text:ICall_registerISR_Ext$4)
                  0001d07c    0000002c     bleDispatch.obj (.text:bleDispatch_BMAlloc)
                  0001d0a8    0000002c     OSAL.obj (.text:osal_msec_timer_cback$7)
                  0001d0d4    00000028     osal_bufmgr.obj (.text:osal_bm_adjust_header)
                  0001d0fc    00000028     OSAL_MemoryICall.obj (.text:osal_mem_alloc)
                  0001d124    00000028     OSAL_Timers.obj (.text:osal_next_timeout)
                  0001d14c    00000024     mb_PATCH.obj (.text:MB_ClearInts)
                  0001d170    00000024     osal_bufmgr.obj (.text:bm_desc_from_payload$12)
                  0001d194    00000024     OSAL.obj (.text:osal_msg_allocate)
                  0001d1b8    00000024     OSAL.obj (.text:osal_service_entry)
                  0001d1dc    00000020     mb_PATCH.obj (.text:ICall_disableInt$4)
                  0001d1fc    00000020     mb_PATCH.obj (.text:ICall_enableInt$4)
                  0001d21c    00000020     OSAL.obj (.text:ICall_getTicks$7)
                  0001d23c    00000020     OSAL_PwrMgr.obj (.text:ICall_pwrUpdActivityCounter$10)
                  0001d25c    00000020     OSAL.obj (.text:ICall_signal$7)
                  0001d27c    00000020     gattservapp_util.obj (.text:gattServApp_FindCharCfgItem$17)
                  0001d29c    00000020     mb_PATCH.obj (.text:mbCmdAckIsr)
                  0001d2bc    00000020     OSAL_Timers.obj (.text:osalFindTimer)
                  0001d2dc    00000020     OSAL_MemoryICall.obj (.text:osal_mem_free)
                  0001d2fc    00000020     OSAL.obj (.text:osal_memcmp)
                  0001d31c    00000020     OSAL.obj (.text:osal_msg_deallocate)
                  0001d33c    0000001c     OSAL.obj (.text:ICall_abort$7)
                  0001d358    0000001c     bleDispatch.obj (.text:checkNVLen$5)
                  0001d374    0000001c     OSAL.obj (.text:osal_memdup)
                  0001d390    0000001c     OSAL.obj (.text:osal_proxy2alien$7)
                  0001d3ac    0000001c     OSAL.obj (.text:osal_revmemcpy)
                  0001d3c8    0000001a     OSAL.obj (.text:osal_isbufset)
                  0001d3e2    00000018     bleDispatch.obj (.text:bleDispatch_BMFree)
                  0001d3fa    00000018     OSAL.obj (.text:osal_buffer_uint32)
                  0001d412    00000018     OSAL.obj (.text:osal_memcpy)
                  0001d42a    00000018     rtsv7M3_T_le_eabi.lib : ll_mul_t2.obj (.text)
                  0001d442    00000016     ROM_Init.obj (.text:ROM_Spinlock)
                  0001d458    00000014     OSAL.obj (.text:osal_strlen)
                  0001d46c    00000010     gattservapp_util.obj (.text:GATTServApp_ReadCharCfg)
                  0001d47c    00000010     ROM_Init.obj (.text:IntMasterDisable$21)
                  0001d48c    00000010     ROM_Init.obj (.text:IntMasterEnable$21)
                  0001d49c    00000010     OSAL.obj (.text:osal_rand)
                  0001d4ac    00000008     ble_rom_PATCH.symbols (.tramp.LL_PseudoRand.1)
                  0001d4b4    0000000e     rtsv7M3_T_le_eabi.lib : copy_decompress_none.obj (.text:decompress:none)
                  0001d4c2    0000000c     driverlib.lib : cpu.obj (.text:NOROM_CPUcpsid)
                  0001d4ce    0000000c                   : cpu.obj (.text:NOROM_CPUcpsie)
                  0001d4da    0000000c     rtsv7M3_T_le_eabi.lib : copy_zero_init.obj (.text:decompress:ZI)
                  0001d4e6    0000000c     osal_cbtimer.obj (.text:osal_CbTimerStart)
                  0001d4f2    00000002     --HOLE-- [fill = 0]
                  0001d4f4    0000000c     OSAL.obj (.text:osal_self)
                  0001d500    00000004     OSAL.obj (.text:osal_memset)
                  0001d504    00000004     osal_snv_wrapper.obj (.text:osal_snv_read)
                  0001d508    00000004     osal_snv_wrapper.obj (.text:osal_snv_write)
                  0001d50c    00000008     ble_rom_PATCH.symbols (.tramp.HCI_LE_SetRandomAddressCmd.1)
                  0001d514    00000008     ble_rom_PATCH.symbols (.tramp.LL_ReadLocalVersionInfo.1)
                  0001d51c    00000008     ble_rom_PATCH.symbols (.tramp.LL_EXT_ResetSystem.1)
                  0001d524    00000008     ble_rom_PATCH.symbols (.tramp.HCI_CommandStatusEvent.1)
                  0001d52c    00000008     ble_rom_PATCH.symbols (.tramp.HCI_CommandCompleteEvent.1)
                  0001d534    00000008     ble_rom_PATCH.symbols (.tramp.HCI_SendCommandCompleteEvent.1)
                  0001d53c    00000008     ble_rom_PATCH.symbols (.tramp.HCI_HostNumCompletedPktCmd.1)
                  0001d544    00000008     ble_rom_PATCH.symbols (.tramp.HCI_HostBufferSizeCmd.1)
                  0001d54c    00000008     ble_rom_PATCH.symbols (.tramp.HCI_SetControllerToHostFlowCtrlCmd.1)
                  0001d554    00000008     ble_rom_PATCH.symbols (.tramp.llCalcScaFactor.1)
                  0001d55c    00000008     ble_rom_PATCH.symbols (.tramp.LL_ENC_Decrypt.1)
                  0001d564    00000008     ble_rom_PATCH.symbols (.tramp.HCI_LE_LtkReqNegReplyCmd.1)
                  0001d56c    00000008     ble_rom_PATCH.symbols (.tramp.HCI_LE_LtkReqReplyCmd.1)
                  0001d574    00000008     ble_rom_PATCH.symbols (.tramp.llGetNumTxDataEntries.1)
                  0001d57c    00000008     ble_rom_PATCH.symbols (.tramp.LL_ENC_GenDeviceIV.1)
                  0001d584    00000008     ble_rom_PATCH.symbols (.tramp.LL_ENC_GenDeviceSKD.1)
                  0001d58c    00000008     ble_rom_PATCH.symbols (.tramp.LL_ENC_ReverseBytes.1)
                  0001d594    00000008     ble_rom_PATCH.symbols (.tramp.llMemCopySrc.1)
                  0001d59c    00000008     ble_rom_PATCH.symbols (.tramp.HCI_LE_SetAdvParamCmd.1)
                  0001d5a4    00000008     ble_rom_PATCH.symbols (.tramp.HCI_LE_SetAdvEnableCmd.1)
                  0001d5ac    00000008     ble_rom_PATCH.symbols (.tramp.HCI_LE_SetScanRspDataCmd.1)
                  0001d5b4    00000008     ble_rom_PATCH.symbols (.tramp.HCI_LE_SetAdvDataCmd.1)
                  0001d5bc    00000008     ble_rom_PATCH.symbols (.tramp.llPatchCM0.1)
                  0001d5c4    00000008     ble_rom_PATCH.symbols (.tramp.LL_Encrypt.1)
                  0001d5cc    00000008     ble_rom_PATCH.symbols (.tramp.HCI_LE_RandCmd.1)
                  0001d5d4    00000008     ble_rom_PATCH.symbols (.tramp.HCI_ReadRemoteVersionInfoCmd.1)
                  0001d5dc    00000008     ble_rom_PATCH.symbols (.tramp.HCI_SetEventMaskCmd.1)
                  0001d5e4    00000008     ble_rom_PATCH.symbols (.tramp.HCI_ReadTransmitPowerLevelCmd.1)
                  0001d5ec    00000008     ble_rom_PATCH.symbols (.tramp.HCI_ReadLocalSupportedFeaturesCmd.1)
                  0001d5f4    00000008     ble_rom_PATCH.symbols (.tramp.HCI_ReadBDADDRCmd.1)
                  0001d5fc    00000008     ble_rom_PATCH.symbols (.tramp.HCI_ReadRssiCmd.1)
                  0001d604    00000008     ble_rom_PATCH.symbols (.tramp.HCI_LE_ReadLocalSupportedFeaturesCmd.1)
                  0001d60c    00000008     ble_rom_PATCH.symbols (.tramp.HCI_LE_ReadAdvChanTxPowerCmd.1)
                  0001d614    00000008     ble_rom_PATCH.symbols (.tramp.HCI_LE_ReadWhiteListSizeCmd.1)
                  0001d61c    00000008     ble_rom_PATCH.symbols (.tramp.HCI_LE_ClearWhiteListCmd.1)
                  0001d624    00000008     ble_rom_PATCH.symbols (.tramp.HCI_LE_AddWhiteListCmd.1)
                  0001d62c    00000008     ble_rom_PATCH.symbols (.tramp.HCI_LE_RemoveWhiteListCmd.1)
                  0001d634    00000008     ble_rom_PATCH.symbols (.tramp.HCI_LE_ReadChannelMapCmd.1)
                  0001d63c    00000008     ble_rom_PATCH.symbols (.tramp.HCI_LE_EncryptCmd.1)
                  0001d644    00000008     ble_rom_PATCH.symbols (.tramp.HCI_LE_ReadSupportedStatesCmd.1)
                  0001d64c    00000008     ble_rom_PATCH.symbols (.tramp.HCI_LE_TestEndCmd.1)
                  0001d654    00000008     ble_rom_PATCH.symbols (.tramp.HCI_EXT_SetTxPowerCmd.1)
                  0001d65c    00000008     ble_rom_PATCH.symbols (.tramp.HCI_EXT_OnePktPerEvtCmd.1)
                  0001d664    00000008     ble_rom_PATCH.symbols (.tramp.HCI_EXT_DecryptCmd.1)
                  0001d66c    00000008     ble_rom_PATCH.symbols (.tramp.HCI_EXT_SetLocalSupportedFeaturesCmd.1)
                  0001d674    00000008     ble_rom_PATCH.symbols (.tramp.HCI_EXT_SetFastTxResponseTimeCmd.1)
                  0001d67c    00000008     ble_rom_PATCH.symbols (.tramp.HCI_EXT_ModemTestTxCmd.1)
                  0001d684    00000008     ble_rom_PATCH.symbols (.tramp.HCI_EXT_ModemHopTestTxCmd.1)
                  0001d68c    00000008     ble_rom_PATCH.symbols (.tramp.HCI_EXT_ModemTestRxCmd.1)
                  0001d694    00000008     ble_rom_PATCH.symbols (.tramp.HCI_EXT_EndModemTestCmd.1)
                  0001d69c    00000008     ble_rom_PATCH.symbols (.tramp.HCI_EXT_SetBDADDRCmd.1)
                  0001d6a4    00000008     ble_rom_PATCH.symbols (.tramp.HCI_EXT_SetSCACmd.1)
                  0001d6ac    00000008     ble_rom_PATCH.symbols (.tramp.HCI_EXT_EnablePTMCmd.1)
                  0001d6b4    00000008     ble_rom_PATCH.symbols (.tramp.HCI_EXT_SetMaxDtmTxPowerCmd.1)
                  0001d6bc    00000008     ble_rom_PATCH.symbols (.tramp.HCI_EXT_DisconnectImmedCmd.1)
                  0001d6c4    00000008     ble_rom_PATCH.symbols (.tramp.HCI_EXT_PacketErrorRateCmd.1)
                  0001d6cc    00000008     ble_rom_PATCH.symbols (.tramp.HCI_EXT_PERbyChanCmd.1)
                  0001d6d4    00000008     ble_rom_PATCH.symbols (.tramp.HCI_EXT_AdvEventNoticeCmd.1)
                  0001d6dc    00000008     ble_rom_PATCH.symbols (.tramp.HCI_EXT_SetSlaveLatencyOverrideCmd.1)
                  0001d6e4    00000008     ble_rom_PATCH.symbols (.tramp.HCI_EXT_BuildRevisionCmd.1)
                  0001d6ec    00000008     ble_rom_PATCH.symbols (.tramp.HCI_EXT_NumComplPktsLimitCmd.1)
                  0001d6f4    00000008     ble_rom_PATCH.symbols (.tramp.HCI_DisconnectCmd.1)
                  0001d6fc    00000008     ble_rom_PATCH.symbols (.tramp.llMoveTempTxDataEntries.1)
                  0001d704    00000008     ble_rom_PATCH.symbols (.tramp.llSetupVersionIndReq.1)
                  0001d70c    00000008     ble_rom_PATCH.symbols (.tramp.LL_ReadRemoteVersionInfoCback.1)
                  0001d714    00000008     ble_rom_PATCH.symbols (.tramp.llSetupPauseEncRsp.1)
                  0001d71c    00000008     ble_rom_PATCH.symbols (.tramp.llSetupStartEncRsp.1)
                  0001d724    00000008     ble_rom_PATCH.symbols (.tramp.LL_EncChangeCback.1)
                  0001d72c    00000008     ble_rom_PATCH.symbols (.tramp.LL_EncKeyRefreshCback.1)
                  0001d734    00000008     ble_rom_PATCH.symbols (.tramp.LL_ENC_AES128_Encrypt.1)
                  0001d73c    00000008     ble_rom_PATCH.symbols (.tramp.llSetupStartEncReq.1)
                  0001d744    00000008     ble_rom_PATCH.symbols (.tramp.llSetupEncRsp.1)
                  0001d74c    00000008     ble_rom_PATCH.symbols (.tramp.LL_EncLtkReqCback.1)
                  0001d754    00000008     ble_rom_PATCH.symbols (.tramp.llSetupUnknownRsp.1)
                  0001d75c    00000008     ble_rom_PATCH.symbols (.tramp.llEventInRange.1)
                  0001d764    00000008     ble_rom_PATCH.symbols (.tramp.llCheckForLstoDuringSL.1)
                  0001d76c    00000008     ble_rom_PATCH.symbols (.tramp.llConnTerminate.1)
                  0001d774    00000008     ble_rom_PATCH.symbols (.tramp.HCI_SendDataPkt.1)
                  0001d77c    00000008     ble_rom_PATCH.symbols (.tramp.llGetNumTasks.1)
                  0001d784    00000008     ble_rom_PATCH.symbols (.tramp.llScheduler.1)
                  0001d78c    00000008     ble_rom_PATCH.symbols (.tramp.llSetupAdv.1)
                  0001d794    00000008     ble_rom_PATCH.symbols (.tramp.LL_DirectTestEndDoneCback.1)
                  0001d79c    00000008     ble_rom_PATCH.symbols (.tramp.llRfStartFS.1)
                  0001d7a4    00000008     ble_rom_PATCH.symbols (.tramp.HCI_DataBufferOverflowEvent.1)
                  0001d7ac    00000008     ble_rom_PATCH.symbols (.tramp.llReleaseAllConnId.1)
                  0001d7b4    00000008     ble_rom_PATCH.symbols (.tramp.LL_ClearWhiteList.1)
                  0001d7bc    00000008     ble_rom_PATCH.symbols (.tramp.LL_ENC_Init.1)
                  0001d7c4    00000008     ble_rom_PATCH.symbols (.tramp.WL_Init.1)
                  0001d7cc    00000008     ble_rom_PATCH.symbols (.tramp.LL_ConnectionCompleteCback.1)
                  0001d7d4    00000008     ble_rom_PATCH.symbols (.tramp.LL_ENC_GenerateTrueRandNum.1)
                  0001d7dc    00000008     ble_rom_PATCH.symbols (.tramp.llInitRAT.1)
                  0001d7e4    00000008     ble_rom_PATCH.symbols (.tramp.llSetupRfHal.1)
                  0001d7ec    00000008     ble_rom_PATCH.symbols (.tramp.llSetupMailbox.1)
                  0001d7f4    00000008     ble_rom_PATCH.symbols (.tramp.llResetRadio.1)
                  0001d7fc    00000008     ble_rom_PATCH.symbols (.tramp.llSetupRejectInd.1)
                  0001d804    00000008     ble_rom_PATCH.symbols (.tramp.WL_FindEntry.1)
                  0001d80c    00000008     ble_rom_PATCH.symbols (.tramp.llEnqueueCtrlPkt.1)
                  0001d814    00000008     ble_rom_PATCH.symbols (.tramp.LL_ConnActive.1)
                  0001d81c    00000008     ble_rom_PATCH.symbols (.tramp.llHaltRadio.1)
                  0001d824    00000008     ble_rom_PATCH.symbols (.tramp.llGetCurrentTask.1)
                  0001d82c    00000008     ble_rom_PATCH.symbols (.tramp.LL_RX_bm_alloc.1)
                  0001d834    00000008     ble_rom_PATCH.symbols (.tramp.HCI_HardwareErrorEvent.1)
                  0001d83c    00000008     ble_rom_PATCH.symbols (.tramp.HCI_bm_alloc.1)
                  0001d844    00000008     ble_rom_PATCH.symbols (.tramp.llWriteTxData.1)
                  0001d84c    00000008     ble_rom_PATCH.symbols (.tramp.llGetCurrentTime.1)
                  0001d854    00000008     ble_rom_PATCH.symbols (.tramp.llConvertCtrlProcTimeoutToEvent.1)
                  0001d85c    00000008     ble_rom_PATCH.symbols (.tramp.llConvertLstoToEvent.1)
                  0001d864    00000008     ble_rom_PATCH.symbols (.tramp.llTimeDelta.1)
                  0001d86c    00000008     ble_rom_PATCH.symbols (.tramp.llTimeCompare.1)
                  0001d874    00000008     ble_rom_PATCH.symbols (.tramp.llFreeTask.1)
                  0001d87c    00000008     ble_rom_PATCH.symbols (.tramp.llReleaseConnId.1)
                  0001d884    00000008     ble_rom_PATCH.symbols (.tramp.LL_ENC_Encrypt.1)
                  0001d88c    00000008     ble_rom_PATCH.symbols (.tramp.LL_TX_bm_alloc.1)
                  0001d894    00000008     ble_rom_PATCH.symbols (.tramp.llEventDelta.1)

.const     0    0001d89c    00000794     
                  0001d89c    00000664     ROM_Init.obj (.const:$O11$$)
                  0001df00    0000010c     CommonROM_Init.obj (.const:$O9$$)
                  0001e00c    00000024     OSAL_ICallBle.obj (.const:tasksArr)

.rodata    0    0001e030    0000006e     
                  0001e030    0000005c     CC2640_BLE_peri_HF_CF_FlashROM.a : ll_config.o (.rodata)
                  0001e08c    00000008                                      : gapgattserver.o (.rodata)
                  0001e094    00000008                                      : gattservapp.o (.rodata)
                  0001e09c    00000002                                      : ll_PATCH.o (.rodata)

.cinit     0    0001e0a0    00000128     
                  0001e0a0    000000f4     (.cinit..data.load) [load image, compression = lzss]
                  0001e194    0000000c     (__TI_handler_table)
                  0001e1a0    00000008     (.cinit..TI.bound:mbIntCbackTable.load) [load image, compression = zero_init]
                  0001e1a8    00000008     (.cinit..bss.load) [load image, compression = zero_init]
                  0001e1b0    00000018     (__TI_cinit_table)

.init_array 
*          0    0000f000    00000000     UNINITIALIZED

.data      0    20004460    000002dd     UNINITIALIZED
                  20004460    0000007c     osal_cbtimer.obj (.data:$O7$$)
                  200044dc    00000070     CC2640_BLE_peri_HF_CF_FlashROM.a : gapgattserver.o (.data)
                  2000454c    00000050                                      : gap_configmgr.o (.data)
                  2000459c    00000040                                      : gattservapp.o (.data)
                  200045dc    0000003c                                      : ll_sleep.o (.data)
                  20004618    00000030     OSAL.obj (.data:$O3$$)
                  20004648    0000002c     CC2640_BLE_peri_HF_CF_FlashROM.a : gap_configmgr.o (.data)
                  20004674    00000024                                      : gapgattserver.o (.data)
                  20004698    0000001c                                      : gap_linkmgr.o (.data)
                  200046b4    0000001c                                      : gap_peridevmgr.o (.data)
                  200046d0    00000014                                      : l2cap_task.o (.data)
                  200046e4    00000010                                      : ll_config.o (.data)
                  200046f4    0000000c                                      : gap_task.o (.data)
                  20004700    0000000c                                      : ll_common_PATCH.o (.data)
                  2000470c    0000000c                                      : sm_rsppairing.o (.data)
                  20004718    00000008     OSAL_Clock.obj (.data:$O4$$)
                  20004720    00000008     CC2640_BLE_peri_HF_CF_FlashROM.a : gatt_server.o (.data)
                  20004728    00000004     OSAL_PwrMgr.obj (.data:$O5$$)
                  2000472c    00000004     CC2640_BLE_peri_HF_CF_FlashROM.a : gap_perilinkmgr.o (.data)
                  20004730    00000004     osal_bufmgr.obj (.data)
                  20004734    00000002     CC2640_BLE_peri_HF_CF_FlashROM.a : l2cap_task.o (.data)
                  20004736    00000001                                      : gapgattserver.o (.data)
                  20004737    00000001                                      : gapgattserver.o (.data)
                  20004738    00000001                                      : gapgattserver.o (.data)
                  20004739    00000001                                      : gatt_server.o (.data)
                  2000473a    00000001                                      : gatt_task.o (.data)
                  2000473b    00000001                                      : gattservapp.o (.data)
                  2000473c    00000001                                      : gattservapp.o (.data)

.bss       0    20004740    0000017e     UNINITIALIZED
                  20004740    0000003c     bleDispatch.obj (.bss:$O2$$)
                  2000477c    00000038     CC2640_BLE_peri_HF_CF_FlashROM.a : linkdb.o (.bss)
                  200047b4    00000030                                      : l2cap_task.o (.bss)
                  200047e4    00000020                                      : gattservapp.o (.bss)
                  20004804    0000001c                                      : ll_PATCH.o (.bss)
                  20004820    00000018                                      : ll_sleep.o (.bss)
                  20004838    00000010                                      : hci_event_PATCH.o (.bss)
                  20004848    0000000c     ICall_startup.obj (.bss:$O10$$)
                  20004854    0000000c     CC2640_BLE_peri_HF_CF_FlashROM.a : gattservapp.o (.bss)
                  20004860    0000000c                                      : sm_pairing.o (.bss)
                  2000486c    00000008     OSAL_Timers.obj (.bss:$O6$$)
                  20004874    00000008     CC2640_BLE_peri_HF_CF_FlashROM.a : gatt_task.o (.bss)
                  2000487c    00000004                                      : att_server.o (.bss)
                  20004880    00000004                                      : ble_PATCH.o (.bss)
                  20004884    00000004                                      : ble_PATCH.o (.bss)
                  20004888    00000004                                      : gap_devmgr.o (.bss)
                  2000488c    00000004                                      : gap_devmgr.o (.bss)
                  20004890    00000004                                      : gap_linkmgr.o (.bss)
                  20004894    00000004                                      : gapgattserver.o (.bss)
                  20004898    00000004                                      : gatt_server.o (.bss)
                  2000489c    00000004                                      : gattservapp.o (.bss)
                  200048a0    00000004                                      : sm_mgr.o (.bss)
                  200048a4    00000004     hal_trng_wrapper.obj (.bss)
                  200048a8    00000004     (.common:tasksEvents)
                  200048ac    00000002     CC2640_BLE_peri_HF_CF_FlashROM.a : gap_peridevmgr.o (.bss)
                  200048ae    00000002                                      : gatt_task.o (.bss)
                  200048b0    00000002                                      : ll_slaveEndCauses_PATCH.o (.bss)
                  200048b2    00000001     CC2640_BLE_HCI_TL_None_v41.a : hci_tl.o (.bss)
                  200048b3    00000001                                  : hci_tl.o (.bss)
                  200048b4    00000001                                  : hci_tl.o (.bss)
                  200048b5    00000001                                  : hci_tl.o (.bss)
                  200048b6    00000001                                  : hci_tl.o (.bss)
                  200048b7    00000001                                  : hci_tl.o (.bss)
                  200048b8    00000001     CC2640_BLE_peri_HF_CF_FlashROM.a : l2cap_if.o (.bss)
                  200048b9    00000001                                      : l2cap_util.o (.bss)
                  200048ba    00000001                                      : l2cap_util.o (.bss)
                  200048bb    00000001                                      : ll_common_PATCH.o (.bss)
                  200048bc    00000001                                      : ll_sleep.o (.bss)
                  200048bd    00000001                                      : sm_task.o (.bss)

.TI.bound:mbIntCbackTable 
*          0    20004fec    00000010     UNINITIALIZED
                  20004fec    00000010     mb_PATCH.obj (.TI.bound:mbIntCbackTable)

MODULE SUMMARY

       Module                      code    ro data   rw data
       ------                      ----    -------   -------
    .\HAL\Common\
       hal_assert.obj              2       0         0      
    +--+---------------------------+-------+---------+---------+
       Total:                      2       0         0      
                                                            
    .\HAL\Target\CC2650\Drivers\
       hal_trng_wrapper.obj        116     0         4      
    +--+---------------------------+-------+---------+---------+
       Total:                      116     0         4      
                                                            
    .\HAL\Target\CC2650\_common\
       mb_PATCH.obj                988     0         16     
    +--+---------------------------+-------+---------+---------+
       Total:                      988     0         16     
                                                            
    .\ICallBLE\
       bleDispatch.obj             2212    0         60     
    +--+---------------------------+-------+---------+---------+
       Total:                      2212    0         60     
                                                            
    .\OSAL\
       OSAL.obj                    1884    0         48     
       osal_cbtimer.obj            508     0         124    
       OSAL_Timers.obj             588     0         8      
       osal_bufmgr.obj             212     0         4      
       OSAL_PwrMgr.obj             136     0         4      
       OSAL_MemoryICall.obj        72      0         0      
       OSAL_Clock.obj              0       0         8      
       osal_snv_wrapper.obj        8       0         0      
    +--+---------------------------+-------+---------+---------+
       Total:                      3408    0         196    
                                                            
    .\PROFILES\
       gattservapp_util.obj        198     0         0      
    +--+---------------------------+-------+---------+---------+
       Total:                      198     0         0      
                                                            
    .\Startup\
       ROM_Init.obj                54      1636      0      
       ICall_startup.obj           500     0         12     
       CommonROM_Init.obj          0       268       0      
       OSAL_ICallBle.obj           56      36        0      
    +--+---------------------------+-------+---------+---------+
       Total:                      610     1940      12     
                                                            
    .\TOOLS\
       OnBoard.obj                 2       0         0      
    +--+---------------------------+-------+---------+---------+
       Total:                      2       0         0      
                                                            
    C:\Users\aleal\AppData\Local\Temp\
       277002                      0       0         4      
    +--+---------------------------+-------+---------+---------+
       Total:                      0       0         4      
                                                            
    C:\ti\tirex-content\simplelink\ble_cc26xx_2_01_00_44423_cloud\Projects\common\BLE_ROM_Releases\04242014\
       ble_rom_PATCH.symbols       928     0         0      
    +--+---------------------------+-------+---------+---------+
       Total:                      928     0         0      
                                                            
    C:/ti/tirex-content/simplelink/ble_cc26xx_2_01_00_44423_cloud/Projects/ble/Libraries/CC26xx/IAR/CC2640/bin/CC2640_BLE_peri_HF_CF_FlashROM.a
       ll_common_PATCH.o           4288    0         13     
       gattservapp.o               4144    8         114    
       ll_PATCH.o                  4032    2         28     
       l2cap_util.o                3796    0         2      
       gatt_server.o               2636    0         13     
       ll_slaveEndCauses_PATCH.o   2366    0         2      
       gap_linkmgr.o               2268    0         32     
       sm_pairing.o                1884    0         12     
       ll_sleep.o                  1748    0         85     
       sm_mgr.o                    1800    0         4      
       gap_peridevmgr.o            1692    0         30     
       ll_config.o                 1560    92        16     
       att_util.o                  1456    0         0      
       ble_PATCH.o                 1406    0         8      
       l2cap_task.o                1328    0         70     
       sm_rsppairing.o             1368    0         12     
       ll_isr.o                    1200    0         0      
       ll_advEndCauses_PATCH.o     1070    0         0      
       l2cap_if.o                  1020    0         1      
       hci_event_PATCH.o           988     0         16     
       gap_configmgr.o             856     0         124    
       gapgattserver.o             776     8         155    
       smp.o                       922     0         0      
       hci_PATCH.o                 892     0         0      
       gatt_task.o                 764     0         11     
       linkdb.o                    660     0         56     
       gap_task.o                  652     0         12     
       att_server.o                492     0         4      
       gatt_uuid.o                 318     0         0      
       ll_scheduler_PATCH.o        312     0         0      
       gap_perilinkmgr.o           268     0         4      
       sm_task.o                   260     0         1      
       hci_data_PATCH.o            168     0         0      
       gap_devmgr.o                130     0         8      
    +--+---------------------------+-------+---------+---------+
       Total:                      49520   110       833    
                                                            
    C:/ti/tirex-content/simplelink/ble_cc26xx_2_01_00_44423_cloud/Projects/ble/Libraries/CC26xx/IAR/Common/bin/CC2640_BLE_HCI_TL_None_v41.a
       hci_tl.o                    168     0         6      
    +--+---------------------------+-------+---------+---------+
       Total:                      168     0         6      
                                                            
    C:/ti/tirex-content/tirtos_simplelink_2_13_00_06/products/cc26xxware_2_21_01_15600/driverlib/bin/ccs/driverlib.lib
       interrupt.obj               240     0         0      
       cpu.obj                     24      0         0      
    +--+---------------------------+-------+---------+---------+
       Total:                      264     0         0      
                                                            
    C:\ti\ccsv6\tools\compiler\ti-cgt-arm_16.9.0.LTS\lib\rtsv7M3_T_le_eabi.lib
       ull_div_t2.obj              500     0         0      
       memcpy_t2.obj               156     0         0      
       memset_t2.obj               122     0         0      
       autoinit.obj                112     0         0      
       copy_decompress_lzss.obj    104     0         0      
       cpy_tbl.obj                 76      0         0      
       ll_mul_t2.obj               24      0         0      
       copy_decompress_none.obj    14      0         0      
       copy_zero_init.obj          12      0         0      
       startup.obj                 2       0         0      
    +--+---------------------------+-------+---------+---------+
       Total:                      1122    0         0      
                                                            
       Linker Generated:           0       296       0      
    +--+---------------------------+-------+---------+---------+
       Grand Total:                59538   2346      1131   


LINKER GENERATED COPY TABLES

__TI_cinit_table @ 0001e1b0 records: 3, size/record: 8, table size: 24
	.data: load addr=0001e0a0, load size=000000f4 bytes, run addr=20004460, run size=000002dd bytes, compression=lzss
	.TI.bound:mbIntCbackTable: load addr=0001e1a0, load size=00000008 bytes, run addr=20004fec, run size=00000010 bytes, compression=zero_init
	.bss: load addr=0001e1a8, load size=00000008 bytes, run addr=20004740, run size=0000017e bytes, compression=zero_init


LINKER GENERATED HANDLER TABLE

__TI_handler_table @ 0001e194 records: 3, size/record: 4, table size: 12
	index: 0, handler: __TI_decompress_lzss
	index: 1, handler: __TI_decompress_none
	index: 2, handler: __TI_zero_init


FAR CALL TRAMPOLINES

callee name               trampoline name
   callee addr  tramp addr   call addr  call info
--------------  -----------  ---------  ----------------
LL_CtrlToHostFlowControl  $Tramp$TT$L$PI$$LL_CtrlToHostFlowControl
   100058d5     0001c1dc     0001c156   CC2640_BLE_peri_HF_CF_FlashROM.a : hci_data_PATCH.o (.text)
LL_PseudoRand             $Tramp$TT$L$PI$$LL_PseudoRand
   10005801     0001d4ac     0001d4a2   OSAL.obj (.text:osal_rand)
HCI_LE_SetRandomAddressCmd  $Tramp$TT$L$PI$$HCI_LE_SetRandomAddressCmd
   10009849     0001d50c     0001a74c   CC2640_BLE_peri_HF_CF_FlashROM.a : gap_configmgr.o (.text)
LL_ReadLocalVersionInfo   $Tramp$TT$L$PI$$LL_ReadLocalVersionInfo
   1000589d     0001d514     0001a4b4   CC2640_BLE_peri_HF_CF_FlashROM.a : hci_PATCH.o (.text)
LL_EXT_ResetSystem        $Tramp$TT$L$PI$$LL_EXT_ResetSystem
   100070d5     0001d51c     0001a42e   CC2640_BLE_peri_HF_CF_FlashROM.a : hci_PATCH.o (.text)
HCI_CommandStatusEvent    $Tramp$TT$L$PI$$HCI_CommandStatusEvent
   10008ba1     0001d524     0001a38e   CC2640_BLE_peri_HF_CF_FlashROM.a : hci_PATCH.o (.text)
                             0001a410                                    : hci_PATCH.o (.text)
HCI_CommandCompleteEvent  $Tramp$TT$L$PI$$HCI_CommandCompleteEvent
   10008add     0001d52c     0001a232   CC2640_BLE_peri_HF_CF_FlashROM.a : hci_PATCH.o (.text)
                             0001a2f2                                    : hci_PATCH.o (.text)
                             0001a320                                    : hci_PATCH.o (.text)
                             0001a354                                    : hci_PATCH.o (.text)
                             0001a3a4                                    : hci_PATCH.o (.text)
                             0001a4f6                                    : hci_PATCH.o (.text)
HCI_SendCommandCompleteEvent  $Tramp$TT$L$PI$$HCI_SendCommandCompleteEvent
   10008c81     0001d534     00019e08   CC2640_BLE_peri_HF_CF_FlashROM.a : hci_event_PATCH.o (.text)
HCI_HostNumCompletedPktCmd  $Tramp$TT$L$PI$$HCI_HostNumCompletedPktCmd
   1000965d     0001d53c     000199ea   CC2640_BLE_peri_HF_CF_FlashROM.a : l2cap_if.o (.text)
HCI_HostBufferSizeCmd     $Tramp$TT$L$PI$$HCI_HostBufferSizeCmd
   10009631     0001d544     000199cc   CC2640_BLE_peri_HF_CF_FlashROM.a : l2cap_if.o (.text)
HCI_SetControllerToHostFlowCtrlCmd  $Tramp$TT$L$PI$$HCI_SetControllerToHostFlowCtrlCmd
   100095f5     0001d54c     000199b4   CC2640_BLE_peri_HF_CF_FlashROM.a : l2cap_if.o (.text)
                             000199d6                                    : l2cap_if.o (.text)
llCalcScaFactor           $Tramp$TT$L$PI$$llCalcScaFactor
   1000d94d     0001d554     0001936a   CC2640_BLE_peri_HF_CF_FlashROM.a : ll_advEndCauses_PATCH.o (.text)
LL_ENC_Decrypt            $Tramp$TT$L$PI$$LL_ENC_Decrypt
   1000b9dd     0001d55c     00019048   CC2640_BLE_peri_HF_CF_FlashROM.a : ll_isr.o (.text)
HCI_LE_LtkReqNegReplyCmd  $Tramp$TT$L$PI$$HCI_LE_LtkReqNegReplyCmd
   10009be1     0001d564     000183be   CC2640_BLE_peri_HF_CF_FlashROM.a : sm_rsppairing.o (.text)
HCI_LE_LtkReqReplyCmd     $Tramp$TT$L$PI$$HCI_LE_LtkReqReplyCmd
   10009bc5     0001d56c     000183a4   CC2640_BLE_peri_HF_CF_FlashROM.a : sm_rsppairing.o (.text)
llGetNumTxDataEntries     $Tramp$TT$L$PI$$llGetNumTxDataEntries
   1000b009     0001d574     00018218   CC2640_BLE_peri_HF_CF_FlashROM.a : ble_PATCH.o (.text)
LL_ENC_GenDeviceIV        $Tramp$TT$L$PI$$LL_ENC_GenDeviceIV
   1000b555     0001d57c     00017f1c   CC2640_BLE_peri_HF_CF_FlashROM.a : ble_PATCH.o (.text)
LL_ENC_GenDeviceSKD       $Tramp$TT$L$PI$$LL_ENC_GenDeviceSKD
   1000b541     0001d584     00017f14   CC2640_BLE_peri_HF_CF_FlashROM.a : ble_PATCH.o (.text)
LL_ENC_ReverseBytes       $Tramp$TT$L$PI$$LL_ENC_ReverseBytes
   1000b4ed     0001d58c     00017ef6   CC2640_BLE_peri_HF_CF_FlashROM.a : ble_PATCH.o (.text)
                             00017f0c                                    : ble_PATCH.o (.text)
llMemCopySrc              $Tramp$TT$L$PI$$llMemCopySrc
   100089d9     0001d594     00017de2   CC2640_BLE_peri_HF_CF_FlashROM.a : ble_PATCH.o (.text)
                             00017dee                                    : ble_PATCH.o (.text)
                             00017dfa                                    : ble_PATCH.o (.text)
                             00017e06                                    : ble_PATCH.o (.text)
                             00017e2a                                    : ble_PATCH.o (.text)
                             00017e6e                                    : ble_PATCH.o (.text)
                             00017e7a                                    : ble_PATCH.o (.text)
                             00017ed2                                    : ble_PATCH.o (.text)
                             00017ede                                    : ble_PATCH.o (.text)
                             00017eec                                    : ble_PATCH.o (.text)
                             00017f04                                    : ble_PATCH.o (.text)
                             00017fb4                                    : ble_PATCH.o (.text)
                             00017fc0                                    : ble_PATCH.o (.text)
HCI_LE_SetAdvParamCmd     $Tramp$TT$L$PI$$HCI_LE_SetAdvParamCmd
   1000986d     0001d59c     00016e42   CC2640_BLE_peri_HF_CF_FlashROM.a : gap_peridevmgr.o (.text)
HCI_LE_SetAdvEnableCmd    $Tramp$TT$L$PI$$HCI_LE_SetAdvEnableCmd
   100098d9     0001d5a4     00016c64   CC2640_BLE_peri_HF_CF_FlashROM.a : gap_peridevmgr.o (.text)
                             00016e60                                    : gap_peridevmgr.o (.text)
HCI_LE_SetScanRspDataCmd  $Tramp$TT$L$PI$$HCI_LE_SetScanRspDataCmd
   100098bd     0001d5ac     00016c14   CC2640_BLE_peri_HF_CF_FlashROM.a : gap_peridevmgr.o (.text)
                             00017102                                    : gap_peridevmgr.o (.text)
HCI_LE_SetAdvDataCmd      $Tramp$TT$L$PI$$HCI_LE_SetAdvDataCmd
   100098a1     0001d5b4     00016c0a   CC2640_BLE_peri_HF_CF_FlashROM.a : gap_peridevmgr.o (.text)
                             000170f8                                    : gap_peridevmgr.o (.text)
llPatchCM0                $Tramp$TT$L$PI$$llPatchCM0
   1000adb1     0001d5bc     000165ec   CC2640_BLE_peri_HF_CF_FlashROM.a : ll_sleep.o (.text)
LL_Encrypt                $Tramp$TT$L$PI$$LL_Encrypt
   100057d5     0001d5c4     000160cc   CC2640_BLE_peri_HF_CF_FlashROM.a : sm_mgr.o (.text)
HCI_LE_RandCmd            $Tramp$TT$L$PI$$HCI_LE_RandCmd
   10009b51     0001d5cc     00015d3a   CC2640_BLE_peri_HF_CF_FlashROM.a : sm_mgr.o (.text)
                             00015e32                                    : sm_mgr.o (.text)
HCI_ReadRemoteVersionInfoCmd  $Tramp$TT$L$PI$$HCI_ReadRemoteVersionInfoCmd
   10009541     0001d5d4     000155a0   bleDispatch.obj (.text:bleDispatch_ProcessEvent)
HCI_SetEventMaskCmd       $Tramp$TT$L$PI$$HCI_SetEventMaskCmd
   10009571     0001d5dc     00015598   bleDispatch.obj (.text:bleDispatch_ProcessEvent)
HCI_ReadTransmitPowerLevelCmd  $Tramp$TT$L$PI$$HCI_ReadTransmitPowerLevelCmd
   100095d1     0001d5e4     0001558a   bleDispatch.obj (.text:bleDispatch_ProcessEvent)
HCI_ReadLocalSupportedFeaturesCmd  $Tramp$TT$L$PI$$HCI_ReadLocalSupportedFeaturesCmd
   1000973d     0001d5ec     0001556c   bleDispatch.obj (.text:bleDispatch_ProcessEvent)
HCI_ReadBDADDRCmd         $Tramp$TT$L$PI$$HCI_ReadBDADDRCmd
   10009765     0001d5f4     00015566   bleDispatch.obj (.text:bleDispatch_ProcessEvent)
                             0001a588   CC2640_BLE_peri_HF_CF_FlashROM.a : gap_configmgr.o (.text)
HCI_ReadRssiCmd           $Tramp$TT$L$PI$$HCI_ReadRssiCmd
   1000978d     0001d5fc     00015560   bleDispatch.obj (.text:bleDispatch_ProcessEvent)
HCI_LE_ReadLocalSupportedFeaturesCmd  $Tramp$TT$L$PI$$HCI_LE_ReadLocalSupportedFeaturesCmd
   10009829     0001d604     00015550   bleDispatch.obj (.text:bleDispatch_ProcessEvent)
HCI_LE_ReadAdvChanTxPowerCmd  $Tramp$TT$L$PI$$HCI_LE_ReadAdvChanTxPowerCmd
   100098f5     0001d60c     0001554a   bleDispatch.obj (.text:bleDispatch_ProcessEvent)
HCI_LE_ReadWhiteListSizeCmd  $Tramp$TT$L$PI$$HCI_LE_ReadWhiteListSizeCmd
   100099c9     0001d614     00015544   bleDispatch.obj (.text:bleDispatch_ProcessEvent)
HCI_LE_ClearWhiteListCmd  $Tramp$TT$L$PI$$HCI_LE_ClearWhiteListCmd
   100099f9     0001d61c     0001553e   bleDispatch.obj (.text:bleDispatch_ProcessEvent)
HCI_LE_AddWhiteListCmd    $Tramp$TT$L$PI$$HCI_LE_AddWhiteListCmd
   10009a15     0001d624     00015538   bleDispatch.obj (.text:bleDispatch_ProcessEvent)
HCI_LE_RemoveWhiteListCmd  $Tramp$TT$L$PI$$HCI_LE_RemoveWhiteListCmd
   10009a31     0001d62c     0001552e   bleDispatch.obj (.text:bleDispatch_ProcessEvent)
HCI_LE_ReadChannelMapCmd  $Tramp$TT$L$PI$$HCI_LE_ReadChannelMapCmd
   10009aa1     0001d634     00015524   bleDispatch.obj (.text:bleDispatch_ProcessEvent)
HCI_LE_EncryptCmd         $Tramp$TT$L$PI$$HCI_LE_EncryptCmd
   10009af5     0001d63c     00015514   bleDispatch.obj (.text:bleDispatch_ProcessEvent)
HCI_LE_ReadSupportedStatesCmd  $Tramp$TT$L$PI$$HCI_LE_ReadSupportedStatesCmd
   10009c15     0001d644     0001550a   bleDispatch.obj (.text:bleDispatch_ProcessEvent)
HCI_LE_TestEndCmd         $Tramp$TT$L$PI$$HCI_LE_TestEndCmd
   10009c8d     0001d64c     000154f0   bleDispatch.obj (.text:bleDispatch_ProcessEvent)
HCI_EXT_SetTxPowerCmd     $Tramp$TT$L$PI$$HCI_EXT_SetTxPowerCmd
   10009d09     0001d654     000154ea   bleDispatch.obj (.text:bleDispatch_ProcessEvent)
HCI_EXT_OnePktPerEvtCmd   $Tramp$TT$L$PI$$HCI_EXT_OnePktPerEvtCmd
   10009d45     0001d65c     000154e2   bleDispatch.obj (.text:bleDispatch_ProcessEvent)
HCI_EXT_DecryptCmd        $Tramp$TT$L$PI$$HCI_EXT_DecryptCmd
   10009dd1     0001d664     000154da   bleDispatch.obj (.text:bleDispatch_ProcessEvent)
HCI_EXT_SetLocalSupportedFeaturesCmd  $Tramp$TT$L$PI$$HCI_EXT_SetLocalSupportedFeaturesCmd
   10009e2d     0001d66c     000154d0   bleDispatch.obj (.text:bleDispatch_ProcessEvent)
HCI_EXT_SetFastTxResponseTimeCmd  $Tramp$TT$L$PI$$HCI_EXT_SetFastTxResponseTimeCmd
   10009e4d     0001d674     000154c8   bleDispatch.obj (.text:bleDispatch_ProcessEvent)
HCI_EXT_ModemTestTxCmd    $Tramp$TT$L$PI$$HCI_EXT_ModemTestTxCmd
   10009e8d     0001d67c     000154c0   bleDispatch.obj (.text:bleDispatch_ProcessEvent)
HCI_EXT_ModemHopTestTxCmd  $Tramp$TT$L$PI$$HCI_EXT_ModemHopTestTxCmd
   10009ead     0001d684     000154b6   bleDispatch.obj (.text:bleDispatch_ProcessEvent)
HCI_EXT_ModemTestRxCmd    $Tramp$TT$L$PI$$HCI_EXT_ModemTestRxCmd
   10009ecd     0001d68c     000154b0   bleDispatch.obj (.text:bleDispatch_ProcessEvent)
HCI_EXT_EndModemTestCmd   $Tramp$TT$L$PI$$HCI_EXT_EndModemTestCmd
   10009eed     0001d694     000154a8   bleDispatch.obj (.text:bleDispatch_ProcessEvent)
HCI_EXT_SetBDADDRCmd      $Tramp$TT$L$PI$$HCI_EXT_SetBDADDRCmd
   10009f0d     0001d69c     000154a2   bleDispatch.obj (.text:bleDispatch_ProcessEvent)
HCI_EXT_SetSCACmd         $Tramp$TT$L$PI$$HCI_EXT_SetSCACmd
   10009f49     0001d6a4     0001549a   bleDispatch.obj (.text:bleDispatch_ProcessEvent)
HCI_EXT_EnablePTMCmd      $Tramp$TT$L$PI$$HCI_EXT_EnablePTMCmd
   10009f69     0001d6ac     00015492   bleDispatch.obj (.text:bleDispatch_ProcessEvent)
HCI_EXT_SetMaxDtmTxPowerCmd  $Tramp$TT$L$PI$$HCI_EXT_SetMaxDtmTxPowerCmd
   10009fd1     0001d6b4     0001548c   bleDispatch.obj (.text:bleDispatch_ProcessEvent)
HCI_EXT_DisconnectImmedCmd  $Tramp$TT$L$PI$$HCI_EXT_DisconnectImmedCmd
   1000a011     0001d6bc     00015484   bleDispatch.obj (.text:bleDispatch_ProcessEvent)
HCI_EXT_PacketErrorRateCmd  $Tramp$TT$L$PI$$HCI_EXT_PacketErrorRateCmd
   1000a031     0001d6c4     0001547c   bleDispatch.obj (.text:bleDispatch_ProcessEvent)
HCI_EXT_PERbyChanCmd      $Tramp$TT$L$PI$$HCI_EXT_PERbyChanCmd
   1000a075     0001d6cc     00015472   bleDispatch.obj (.text:bleDispatch_ProcessEvent)
HCI_EXT_AdvEventNoticeCmd  $Tramp$TT$L$PI$$HCI_EXT_AdvEventNoticeCmd
   1000a0f1     0001d6d4     00015468   bleDispatch.obj (.text:bleDispatch_ProcessEvent)
HCI_EXT_SetSlaveLatencyOverrideCmd  $Tramp$TT$L$PI$$HCI_EXT_SetSlaveLatencyOverrideCmd
   10009e6d     0001d6dc     00015452   bleDispatch.obj (.text:bleDispatch_ProcessEvent)
HCI_EXT_BuildRevisionCmd  $Tramp$TT$L$PI$$HCI_EXT_BuildRevisionCmd
   1000a109     0001d6e4     0001544a   bleDispatch.obj (.text:bleDispatch_ProcessEvent)
HCI_EXT_NumComplPktsLimitCmd  $Tramp$TT$L$PI$$HCI_EXT_NumComplPktsLimitCmd
   1000a1b5     0001d6ec     00015430   bleDispatch.obj (.text:bleDispatch_ProcessEvent)
HCI_DisconnectCmd         $Tramp$TT$L$PI$$HCI_DisconnectCmd
   10009525     0001d6f4     0001456e   CC2640_BLE_peri_HF_CF_FlashROM.a : gap_linkmgr.o (.text)
                             00014a78                                    : gap_linkmgr.o (.text)
llMoveTempTxDataEntries   $Tramp$TT$L$PI$$llMoveTempTxDataEntries
   1000afa1     0001d6fc     000144fe   CC2640_BLE_peri_HF_CF_FlashROM.a : ll_slaveEndCauses_PATCH.o (.text)
llSetupVersionIndReq      $Tramp$TT$L$PI$$llSetupVersionIndReq
   10007f29     0001d704     000143c8   CC2640_BLE_peri_HF_CF_FlashROM.a : ll_slaveEndCauses_PATCH.o (.text)
LL_ReadRemoteVersionInfoCback  $Tramp$TT$L$PI$$LL_ReadRemoteVersionInfoCback
   100091e1     0001d70c     000143aa   CC2640_BLE_peri_HF_CF_FlashROM.a : ll_slaveEndCauses_PATCH.o (.text)
                             000143bc                                    : ll_slaveEndCauses_PATCH.o (.text)
llSetupPauseEncRsp        $Tramp$TT$L$PI$$llSetupPauseEncRsp
   10007d55     0001d714     000142ee   CC2640_BLE_peri_HF_CF_FlashROM.a : ll_slaveEndCauses_PATCH.o (.text)
llSetupStartEncRsp        $Tramp$TT$L$PI$$llSetupStartEncRsp
   10007ca9     0001d71c     000142d4   CC2640_BLE_peri_HF_CF_FlashROM.a : ll_slaveEndCauses_PATCH.o (.text)
LL_EncChangeCback         $Tramp$TT$L$PI$$LL_EncChangeCback
   1000933d     0001d724     000142c2   CC2640_BLE_peri_HF_CF_FlashROM.a : ll_slaveEndCauses_PATCH.o (.text)
LL_EncKeyRefreshCback     $Tramp$TT$L$PI$$LL_EncKeyRefreshCback
   100093dd     0001d72c     000142a4   CC2640_BLE_peri_HF_CF_FlashROM.a : ll_slaveEndCauses_PATCH.o (.text)
LL_ENC_AES128_Encrypt     $Tramp$TT$L$PI$$LL_ENC_AES128_Encrypt
   1000b5f5     0001d734     0001425c   CC2640_BLE_peri_HF_CF_FlashROM.a : ll_slaveEndCauses_PATCH.o (.text)
llSetupStartEncReq        $Tramp$TT$L$PI$$llSetupStartEncReq
   10007c55     0001d73c     00014234   CC2640_BLE_peri_HF_CF_FlashROM.a : ll_slaveEndCauses_PATCH.o (.text)
llSetupEncRsp             $Tramp$TT$L$PI$$llSetupEncRsp
   10007b95     0001d744     000141fe   CC2640_BLE_peri_HF_CF_FlashROM.a : ll_slaveEndCauses_PATCH.o (.text)
LL_EncLtkReqCback         $Tramp$TT$L$PI$$LL_EncLtkReqCback
   1000925d     0001d74c     000141f6   CC2640_BLE_peri_HF_CF_FlashROM.a : ll_slaveEndCauses_PATCH.o (.text)
llSetupUnknownRsp         $Tramp$TT$L$PI$$llSetupUnknownRsp
   10008069     0001d754     00014150   CC2640_BLE_peri_HF_CF_FlashROM.a : ll_slaveEndCauses_PATCH.o (.text)
                             00018102                                    : ble_PATCH.o (.text)
llEventInRange            $Tramp$TT$L$PI$$llEventInRange
   100086f1     0001d75c     00013e3c   CC2640_BLE_peri_HF_CF_FlashROM.a : ll_slaveEndCauses_PATCH.o (.text)
                             00013e5c                                    : ll_slaveEndCauses_PATCH.o (.text)
llCheckForLstoDuringSL    $Tramp$TT$L$PI$$llCheckForLstoDuringSL
   1000c1b5     0001d764     00013e1a   CC2640_BLE_peri_HF_CF_FlashROM.a : ll_slaveEndCauses_PATCH.o (.text)
llConnTerminate           $Tramp$TT$L$PI$$llConnTerminate
   10008631     0001d76c     00013d42   CC2640_BLE_peri_HF_CF_FlashROM.a : ll_slaveEndCauses_PATCH.o (.text)
                             000140ca                                    : ll_slaveEndCauses_PATCH.o (.text)
                             0001445a                                    : ll_slaveEndCauses_PATCH.o (.text)
                             00019488                                    : ll_advEndCauses_PATCH.o (.text)
HCI_SendDataPkt           $Tramp$TT$L$PI$$HCI_SendDataPkt
   100094e9     0001d774     000127c8   CC2640_BLE_peri_HF_CF_FlashROM.a : l2cap_util.o (.text)
llGetNumTasks             $Tramp$TT$L$PI$$llGetNumTasks
   1000ace1     0001d77c     00012130   CC2640_BLE_peri_HF_CF_FlashROM.a : ll_PATCH.o (.text)
llScheduler               $Tramp$TT$L$PI$$llScheduler
   1000a335     0001d784     0001211a   CC2640_BLE_peri_HF_CF_FlashROM.a : ll_PATCH.o (.text)
                             00012170                                    : ll_PATCH.o (.text)
                             00013db8                                    : ll_slaveEndCauses_PATCH.o (.text)
                             000195e0                                    : ll_advEndCauses_PATCH.o (.text)
llSetupAdv                $Tramp$TT$L$PI$$llSetupAdv
   100073e5     0001d78c     000120de   CC2640_BLE_peri_HF_CF_FlashROM.a : ll_PATCH.o (.text)
LL_DirectTestEndDoneCback  $Tramp$TT$L$PI$$LL_DirectTestEndDoneCback
   10009471     0001d794     00011e92   CC2640_BLE_peri_HF_CF_FlashROM.a : ll_PATCH.o (.text)
llRfStartFS               $Tramp$TT$L$PI$$llRfStartFS
   10007269     0001d79c     00011c08   CC2640_BLE_peri_HF_CF_FlashROM.a : ll_PATCH.o (.text)
HCI_DataBufferOverflowEvent  $Tramp$TT$L$PI$$HCI_DataBufferOverflowEvent
   10008a2d     0001d7a4     00011b6c   CC2640_BLE_peri_HF_CF_FlashROM.a : ll_PATCH.o (.text)
llReleaseAllConnId        $Tramp$TT$L$PI$$llReleaseAllConnId
   10008461     0001d7ac     000117f6   CC2640_BLE_peri_HF_CF_FlashROM.a : ll_PATCH.o (.text)
LL_ClearWhiteList         $Tramp$TT$L$PI$$LL_ClearWhiteList
   10005719     0001d7b4     00011792   CC2640_BLE_peri_HF_CF_FlashROM.a : ll_PATCH.o (.text)
LL_ENC_Init               $Tramp$TT$L$PI$$LL_ENC_Init
   1000b4c9     0001d7bc     0001178e   CC2640_BLE_peri_HF_CF_FlashROM.a : ll_PATCH.o (.text)
                             00016afe                                    : ll_sleep.o (.text)
WL_Init                   $Tramp$TT$L$PI$$WL_Init
   1000d189     0001d7c4     0001178a   CC2640_BLE_peri_HF_CF_FlashROM.a : ll_PATCH.o (.text)
LL_ConnectionCompleteCback  $Tramp$TT$L$PI$$LL_ConnectionCompleteCback
   10008ead     0001d7cc     00011672   CC2640_BLE_peri_HF_CF_FlashROM.a : ll_PATCH.o (.text)
                             000116c2                                    : ll_PATCH.o (.text)
                             000116d6                                    : ll_PATCH.o (.text)
LL_ENC_GenerateTrueRandNum  $Tramp$TT$L$PI$$LL_ENC_GenerateTrueRandNum
   1000b51d     0001d7d4     000115f6   CC2640_BLE_peri_HF_CF_FlashROM.a : ll_PATCH.o (.text)
llInitRAT                 $Tramp$TT$L$PI$$llInitRAT
   1000d8b5     0001d7dc     000115d2   CC2640_BLE_peri_HF_CF_FlashROM.a : ll_PATCH.o (.text)
llSetupRfHal              $Tramp$TT$L$PI$$llSetupRfHal
   1000ad6d     0001d7e4     000115a0   CC2640_BLE_peri_HF_CF_FlashROM.a : ll_PATCH.o (.text)
llSetupMailbox            $Tramp$TT$L$PI$$llSetupMailbox
   1000ad21     0001d7ec     0001159c   CC2640_BLE_peri_HF_CF_FlashROM.a : ll_PATCH.o (.text)
                             0001176c                                    : ll_PATCH.o (.text)
                             00011e96                                    : ll_PATCH.o (.text)
llResetRadio              $Tramp$TT$L$PI$$llResetRadio
   10007201     0001d7f4     0001158e   CC2640_BLE_peri_HF_CF_FlashROM.a : ll_PATCH.o (.text)
                             00018da6                                    : ll_isr.o (.text)
llSetupRejectInd          $Tramp$TT$L$PI$$llSetupRejectInd
   10007df5     0001d7fc     000101ae   CC2640_BLE_peri_HF_CF_FlashROM.a : ll_common_PATCH.o (.text)
                             00014322                                    : ll_slaveEndCauses_PATCH.o (.text)
WL_FindEntry              $Tramp$TT$L$PI$$WL_FindEntry
   1000d26d     0001d804     00010176   CC2640_BLE_peri_HF_CF_FlashROM.a : ll_common_PATCH.o (.text)
llEnqueueCtrlPkt          $Tramp$TT$L$PI$$llEnqueueCtrlPkt
   100080bd     0001d80c     0000fee4   CC2640_BLE_peri_HF_CF_FlashROM.a : ll_common_PATCH.o (.text)
                             00011a58                                    : ll_PATCH.o (.text)
                             0001200c                                    : ll_PATCH.o (.text)
                             00017f56                                    : ble_PATCH.o (.text)
                             00018184                                    : ble_PATCH.o (.text)
                             000181ce                                    : ble_PATCH.o (.text)
LL_ConnActive             $Tramp$TT$L$PI$$LL_ConnActive
   1000678d     0001d814     0000feb4   CC2640_BLE_peri_HF_CF_FlashROM.a : ll_common_PATCH.o (.text)
                             000118b6                                    : ll_PATCH.o (.text)
                             000118fe                                    : ll_PATCH.o (.text)
                             00011920                                    : ll_PATCH.o (.text)
                             0001199a                                    : ll_PATCH.o (.text)
                             000119e4                                    : ll_PATCH.o (.text)
                             00011a1a                                    : ll_PATCH.o (.text)
                             00011b3c                                    : ll_PATCH.o (.text)
                             00011eb4                                    : ll_PATCH.o (.text)
                             00011ef2                                    : ll_PATCH.o (.text)
                             00011f92                                    : ll_PATCH.o (.text)
                             000121cc                                    : ll_PATCH.o (.text)
llHaltRadio               $Tramp$TT$L$PI$$llHaltRadio
   1000720d     0001d81c     0000fe50   CC2640_BLE_peri_HF_CF_FlashROM.a : ll_common_PATCH.o (.text)
                             0001175e                                    : ll_PATCH.o (.text)
                             00011e3c                                    : ll_PATCH.o (.text)
                             0001214a                                    : ll_PATCH.o (.text)
llGetCurrentTask          $Tramp$TT$L$PI$$llGetCurrentTask
   1000ac3d     0001d824     0000fe46   CC2640_BLE_peri_HF_CF_FlashROM.a : ll_common_PATCH.o (.text)
                             00011640                                    : ll_PATCH.o (.text)
                             00012138                                    : ll_PATCH.o (.text)
                             000168e6                                    : ll_sleep.o (.text)
                             00016a2a                                    : ll_sleep.o (.text)
                             00016a3e                                    : ll_sleep.o (.text)
LL_RX_bm_alloc            $Tramp$TT$L$PI$$LL_RX_bm_alloc
   1000556d     0001d82c     0000fd8c   CC2640_BLE_peri_HF_CF_FlashROM.a : ll_common_PATCH.o (.text)
                             0001828e                                    : ble_PATCH.o (.text)
                             0001909c                                    : ll_isr.o (.text)
HCI_HardwareErrorEvent    $Tramp$TT$L$PI$$HCI_HardwareErrorEvent
   10008bf5     0001d834     0000fcc0   CC2640_BLE_peri_HF_CF_FlashROM.a : ll_common_PATCH.o (.text)
                             0000fdc8                                    : ll_common_PATCH.o (.text)
                             0001023a                                    : ll_common_PATCH.o (.text)
                             0001170a                                    : ll_PATCH.o (.text)
                             00011b8e                                    : ll_PATCH.o (.text)
HCI_bm_alloc              $Tramp$TT$L$PI$$HCI_bm_alloc
   100094a1     0001d83c     0000fcb4   CC2640_BLE_peri_HF_CF_FlashROM.a : ll_common_PATCH.o (.text)
                             0001315e                                    : l2cap_util.o (.text)
llWriteTxData             $Tramp$TT$L$PI$$llWriteTxData
   100087c9     0001d844     0000fc9e   CC2640_BLE_peri_HF_CF_FlashROM.a : ll_common_PATCH.o (.text)
                             00011b9e                                    : ll_PATCH.o (.text)
llGetCurrentTime          $Tramp$TT$L$PI$$llGetCurrentTime
   1000d8c1     0001d84c     0000fa5e   CC2640_BLE_peri_HF_CF_FlashROM.a : ll_common_PATCH.o (.text)
                             0000fe1c                                    : ll_common_PATCH.o (.text)
                             000115c4                                    : ll_PATCH.o (.text)
                             000115ca                                    : ll_PATCH.o (.text)
                             000120fa                                    : ll_PATCH.o (.text)
                             0001656e                                    : ll_sleep.o (.text)
                             0001677a                                    : ll_sleep.o (.text)
                             000168f4                                    : ll_sleep.o (.text)
                             0001697a                                    : ll_sleep.o (.text)
llConvertCtrlProcTimeoutToEvent  $Tramp$TT$L$PI$$llConvertCtrlProcTimeoutToEvent
   10008741     0001d854     0000f988   CC2640_BLE_peri_HF_CF_FlashROM.a : ll_common_PATCH.o (.text)
                             00013f0a                                    : ll_slaveEndCauses_PATCH.o (.text)
                             00019350                                    : ll_advEndCauses_PATCH.o (.text)
llConvertLstoToEvent      $Tramp$TT$L$PI$$llConvertLstoToEvent
   10008721     0001d85c     0000f930   CC2640_BLE_peri_HF_CF_FlashROM.a : ll_common_PATCH.o (.text)
                             00013eac                                    : ll_slaveEndCauses_PATCH.o (.text)
                             00019346                                    : ll_advEndCauses_PATCH.o (.text)
llTimeDelta               $Tramp$TT$L$PI$$llTimeDelta
   1000d8f5     0001d864     0000f8a8   CC2640_BLE_peri_HF_CF_FlashROM.a : ll_common_PATCH.o (.text)
                             0000fe5e                                    : ll_common_PATCH.o (.text)
                             00016780                                    : ll_sleep.o (.text)
                             000168fc                                    : ll_sleep.o (.text)
llTimeCompare             $Tramp$TT$L$PI$$llTimeCompare
   1000d8c9     0001d86c     0000f846   CC2640_BLE_peri_HF_CF_FlashROM.a : ll_common_PATCH.o (.text)
                             0000f898                                    : ll_common_PATCH.o (.text)
                             0000f8ec                                    : ll_common_PATCH.o (.text)
                             0000fc0e                                    : ll_common_PATCH.o (.text)
                             0000fe40                                    : ll_common_PATCH.o (.text)
llFreeTask                $Tramp$TT$L$PI$$llFreeTask
   1000abed     0001d874     0000f780   CC2640_BLE_peri_HF_CF_FlashROM.a : ll_common_PATCH.o (.text)
                             00012160                                    : ll_PATCH.o (.text)
                             00019248                                    : ll_advEndCauses_PATCH.o (.text)
llReleaseConnId           $Tramp$TT$L$PI$$llReleaseConnId
   10008429     0001d87c     0000f77a   CC2640_BLE_peri_HF_CF_FlashROM.a : ll_common_PATCH.o (.text)
LL_ENC_Encrypt            $Tramp$TT$L$PI$$LL_ENC_Encrypt
   1000b965     0001d884     0000f4ba   CC2640_BLE_peri_HF_CF_FlashROM.a : ll_common_PATCH.o (.text)
                             00010234                                    : ll_common_PATCH.o (.text)
LL_TX_bm_alloc            $Tramp$TT$L$PI$$LL_TX_bm_alloc
   10005549     0001d88c     0000f3bc   CC2640_BLE_peri_HF_CF_FlashROM.a : ll_common_PATCH.o (.text)
                             0000f406                                    : ll_common_PATCH.o (.text)
                             0000f45e                                    : ll_common_PATCH.o (.text)
                             0000f494                                    : ll_common_PATCH.o (.text)
                             0000f4ea                                    : ll_common_PATCH.o (.text)
                             0000f52c                                    : ll_common_PATCH.o (.text)
                             0000f5de                                    : ll_common_PATCH.o (.text)
                             000101ce                                    : ll_common_PATCH.o (.text)
llEventDelta              $Tramp$TT$L$PI$$llEventDelta
   10008719     0001d894     0000f25e   CC2640_BLE_peri_HF_CF_FlashROM.a : ll_common_PATCH.o (.text)
                             0000f8c4                                    : ll_common_PATCH.o (.text)
                             0000fa42                                    : ll_common_PATCH.o (.text)
                             0001008c                                    : ll_common_PATCH.o (.text)
                             00013e7a                                    : ll_slaveEndCauses_PATCH.o (.text)
                             00013ec6                                    : ll_slaveEndCauses_PATCH.o (.text)

[116 trampolines]
[224 trampoline calls]


GLOBAL SYMBOLS: SORTED ALPHABETICALLY BY Name 

address   name                                  
-------   ----                                  
10014c00  A1_rw                                 
10005000  A1_rw_1                               
10019ffe  A2_rw                                 
1000dffe  A2_rw_1                               
10019ffc  A3_rw                                 
1000dffc  A3_rw_1                               
20004f2c  A4_rw                                 
200048e8  A4_rw_1                               
20004f7c  ACCX                                  
20004f80  ACCY                                  
20004f84  ACCZ                                  
10015229  ATOMICPATTERN                         
00017817  ATT_BuildErrorRsp                     
00017847  ATT_BuildExchangeMTUReq               
00017853  ATT_BuildExchangeMTURsp               
00017b67  ATT_BuildExecuteWriteReq              
000178df  ATT_BuildFindByTypeValueReq           
0001793b  ATT_BuildFindByTypeValueRsp           
00017879  ATT_BuildFindInfoReq                  
00017885  ATT_BuildFindInfoRsp                  
00017b8b  ATT_BuildHandleValueInd               
00017aed  ATT_BuildPrepareWriteReq              
00017b17  ATT_BuildPrepareWriteRsp              
00017a3b  ATT_BuildReadBlobReq                  
00017a79  ATT_BuildReadBlobRsp                  
00017ab1  ATT_BuildReadByGrpTypeRsp             
00017955  ATT_BuildReadByTypeReq                
000179c1  ATT_BuildReadByTypeRsp                
00017a8b  ATT_BuildReadMultiReq                 
00017aab  ATT_BuildReadMultiRsp                 
000179e3  ATT_BuildReadReq                      
000179ff  ATT_BuildReadRsp                      
00017a2f  ATT_BuildWriteReq                     
00017c59  ATT_CompareUUID                       
00017ca9  ATT_ConvertUUIDto128                  
00017cd1  ATT_ConvertUUIDto16                   
0001b7b7  ATT_ErrorRsp                          
0001b7c9  ATT_ExchangeMTURsp                    
0001b8fb  ATT_ExecuteWriteRsp                   
0001b811  ATT_FindByTypeValueRsp                
0001b7e1  ATT_FindInfoRsp                       
00017d39  ATT_GetMTU                            
00017d59  ATT_GetParamValue                     
0001b91d  ATT_HandleValueInd                    
0001b907  ATT_HandleValueNoti                   
00017829  ATT_ParseErrorRsp                     
00017849  ATT_ParseExchangeMTUReq               
00017863  ATT_ParseExchangeMTURsp               
00017b6f  ATT_ParseExecuteWriteReq              
00017b81  ATT_ParseExecuteWriteRsp              
000178f9  ATT_ParseFindByTypeValueReq           
00017943  ATT_ParseFindByTypeValueRsp           
0001787b  ATT_ParseFindInfoReq                  
0001789d  ATT_ParseFindInfoRsp                  
00017bcb  ATT_ParseHandleValueCfm               
00017b9f  ATT_ParseHandleValueInd               
000177bd  ATT_ParsePacket                       
00017aef  ATT_ParsePrepareWriteReq              
00017b35  ATT_ParsePrepareWriteRsp              
00017a55  ATT_ParseReadBlobReq                  
00017a7d  ATT_ParseReadBlobRsp                  
00017ac3  ATT_ParseReadByGrpTypeRsp             
00017985  ATT_ParseReadByTypeReq                
000179c3  ATT_ParseReadByTypeRsp                
00017a93  ATT_ParseReadMultiReq                 
00017aaf  ATT_ParseReadMultiRsp                 
000179e5  ATT_ParseReadReq                      
00017a03  ATT_ParseReadRsp                      
00017a05  ATT_ParseWriteReq                     
00017a31  ATT_ParseWriteRsp                     
0001b8e1  ATT_PrepareWriteRsp                   
0001b879  ATT_ReadBlobRsp                       
0001b8b3  ATT_ReadByGrpTypeRsp                  
0001b831  ATT_ReadByTypeRsp                     
0001b895  ATT_ReadMultiRsp                      
0001b85d  ATT_ReadRsp                           
0001b7b1  ATT_RegisterServer                    
00017d57  ATT_SetParamValue                     
00017d0f  ATT_UpdateMTU                         
0001b8d5  ATT_WriteRsp                          
10016c29  AddRoundKeySubBytes_Sw                
10018a19  AesCcm_authEncrypt_Sw                 
10018a35  AesCcm_decryptAuth_Sw                 
10018b09  AesCcm_getNumBlocks_Sw                
10018ac5  Aes_decrypt_Sw                        
10018a99  Aes_encrypt_Sw                        
20004f2c  COMMON_RAM_BASE_ADDR                  
10014c01  COMMON_ROM_BASE_ADDR                  
10015a6d  COPY                                  
10017959  ECC_allocWorkzone                     
10017dbd  ECC_keyGen                            
10017961  ECC_setWin                            
10017ded  ECDH_commonKey                        
10017969  ECDSA_sign                            
10017b01  ECDSA_verif                           
10015a11  EXPORTOPERAND                         
20004f78  EXPW                                  
20004f6c  EXPX                                  
20004f70  EXPY                                  
20004f74  EXPZ                                  
10016f58  FFMult2                               
10017058  FFMult3                               
10016d05  FFMult_Sw                             
10018d6c  Fill1                                 
1000d9ec  Fill1_1                               
00014637  GAP_Authenticate                      
0001476d  GAP_Bond                              
0001a5d9  GAP_ConfigDeviceAddr                  
00016c1d  GAP_EndDiscoverable                   
00016ccd  GAP_GetAdvToken                       
0001a561  GAP_GetParamValue                     
0001b13b  GAP_Init                              
00016b09  GAP_MakeDiscoverable                  
0001b217  GAP_NumActiveConnections              
0001a573  GAP_ParamsInit                        
00014721  GAP_PasscodeUpdate                    
000146ef  GAP_PasskeyUpdate                     
0001bc4d  GAP_PeriConnRegister                  
00016d11  GAP_PeriDevMgrInit                    
0001b151  GAP_ProcessEvent                      
0001b135  GAP_RegisterForMsgs                   
00016ce9  GAP_RemoveAdvToken                    
0001c565  GAP_ResolvePrivateAddr                
0001a59b  GAP_SecParamsInit                     
0001bc15  GAP_SendSlaveSecurityRequest          
00016c69  GAP_SetAdvToken                       
0001a545  GAP_SetParamValue                     
000145ef  GAP_Signable                          
000146d1  GAP_TerminateAuth                     
00014505  GAP_TerminateLinkReq                  
00016cfd  GAP_UpdateAdvTokens                   
00016baf  GAP_UpdateAdvertisingData             
0001457f  GAP_UpdateLinkParamReq                
00010515  GATTServApp_AddService                
00010539  GATTServApp_DelService                
000103bd  GATTServApp_DeregisterService         
000111fb  GATTServApp_GetParamValue             
0001045f  GATTServApp_GetParameter              
000102bd  GATTServApp_Init                      
0001cded  GATTServApp_InitCharCfg               
0001c965  GATTServApp_ProcessCCCWriteReq        
0001032b  GATTServApp_ProcessEvent              
00010f7d  GATTServApp_ReadAttr                  
0001d46d  GATTServApp_ReadCharCfg               
000102b5  GATTServApp_RegisterForMsg            
00010369  GATTServApp_RegisterService           
0001129d  GATTServApp_SendCCCUpdatedEvent       
0001121d  GATTServApp_SendServiceChangedInd     
000111f9  GATTServApp_SetParamValue             
000103ff  GATTServApp_SetParameter              
20004854  GATTServApp_TaskID                    
000111ff  GATTServApp_UpdateCharCfg             
00011171  GATTServApp_WriteAttr                 
0001abc3  GATT_AppCompletedMsg                  
00013277  GATT_DeregisterService                
00013415  GATT_FindHandle                       
000133b9  GATT_FindHandleUUID                   
0001345d  GATT_FindNextAttr                     
0001b99d  GATT_FindUUIDRec                      
00013b3d  GATT_GetNextHandle                    
000135b1  GATT_Indication                       
0001abeb  GATT_Init                             
00013179  GATT_InitServer                       
0001360b  GATT_Notification                     
0001ad55  GATT_NotifyEvent                      
0001ac09  GATT_ProcessEvent                     
0001abb1  GATT_RegisterForMsgs                  
000132b7  GATT_RegisterForReq                   
000131df  GATT_RegisterService                  
000134fd  GATT_SendRsp                          
00013347  GATT_ServiceChangedInd                
000134ed  GATT_ServiceEncKeySize                
000134e1  GATT_ServiceNumAttrs                  
0001abb7  GATT_SetHostToAppFlowCtrl             
00013b3b  GATT_SetNextHandle                    
0001ad69  GATT_UpdateMTU                        
000132bf  GATT_VerifyReadPermissions            
000132f5  GATT_VerifyWritePermissions           
0001ae15  GATT_bm_alloc                         
0001ae8d  GATT_bm_free                          
10015141  GETBIT                                
10015155  GETDIGIT                              
100151a5  GETDIGITL2R                           
0001a959  GGS_AddService                        
0001a971  GGS_DelService                        
[...]
1000a335  llScheduler                           
1000a895  llFindStartType                       
1000a939  llFindNextSecTask                     
1000abed  llFreeTask                            
1000ac3d  llGetCurrentTask                      
1000aca9  llGetActiveTasks                      
1000ace1  llGetNumTasks                         
1000ad21  llSetupMailbox                        
1000ad6d  llSetupRfHal                          
1000adb1  llPatchCM0                            
1000adc9  llSetupRATChanCompare                 
1000ae41  llRatChanCBack_B                      
1000ae45  llRatChanCBack_C                      
1000ae49  llRatChanCBack_D                      
1000ae4d  llSetupScanDataEntryQueue             
1000ae95  llSetupInitDataEntryQueue             
1000aeb1  llSetupAdvDataEntryQueue              
1000afa1  llMoveTempTxDataEntries               
1000b009  llGetNumTxDataEntries                 
1000b4c9  LL_ENC_Init                           
1000b4ed  LL_ENC_ReverseBytes                   
1000b50d  LL_ENC_GeneratePseudoRandNum          
1000b51d  LL_ENC_GenerateTrueRandNum            
1000b541  LL_ENC_GenDeviceSKD                   
1000b555  LL_ENC_GenDeviceIV                    
1000b569  LL_ENC_GenerateNonce                  
1000b58d  LL_ENC_LoadKey                        
1000b5f5  LL_ENC_AES128_Encrypt                 
1000b639  LL_ENC_AES128_Decrypt                 
1000b721  LL_ENC_EncryptMsg                     
1000b851  LL_ENC_DecryptMsg                     
1000b965  LL_ENC_Encrypt                        
1000b9dd  LL_ENC_Decrypt                        
1000c1b5  llCheckForLstoDuringSL                
1000c87d  llDirAdv_TaskEnd                      
1000cc71  llAdv_TaskEnd                         
1000cd51  llAdv_TaskAbort                       
1000d10d  llInit_TaskEnd                        
1000d189  WL_Init                               
1000d1ad  WL_Clear                              
1000d1f5  WL_ClearEntry                         
1000d229  WL_GetSize                            
1000d23d  WL_GetNumFreeEntries                  
1000d26d  WL_FindEntry                          
1000d2d9  WL_AddEntry                           
1000d36d  WL_RemoveEntry                        
1000d3dd  WL_SetWlIgnore                        
1000d425  WL_ClearIgnoreList                    
1000d46d  llScan_TaskEnd                        
1000d4ad  llGetAdvChanPDU                       
1000d575  llProcessScanRxFIFO                   
1000d635  llValidAccessAddr                     
1000d695  llGenerateValidAccessAddr             
1000d6b1  llGtSixConsecZerosOrOnes              
1000d6e5  llEqSynchWord                         
1000d6f5  llOneBitSynchWordDiffer               
1000d709  llEqualBytes                          
1000d731  llGtTwentyFourTransitions             
1000d761  llLtTwoChangesInLastSixBits           
1000d795  llEqAlreadyValidAddr                  
1000d7cd  HCI_ReverseBytes                      
1000d8b5  llInitRAT                             
1000d8c1  llGetCurrentTime                      
1000d8c9  llTimeCompare                         
1000d8f5  llTimeDelta                           
1000d94d  llCalcScaFactor                       
1000d964  SCA                                   
1000d9b0  advChan                               
1000d9b4  advEvt2Cmd                            
1000d9c0  advEvt2State                          
1000d9e1  llTaskError                           
1000d9ec  Fill1_1                               
1000dffc  A3_rw_1                               
1000dffc  romRev                                
1000dffd  __checksum_end                        
1000dffe  A2_rw_1                               
1000dffe  P1_ro_2_1                             
1000dffe  __checksum                            
10014c00  A1_rw                                 
10014c00  __checksum_begin_CommonROM            
10014c01  COMMON_ROM_BASE_ADDR                  
10014c04  P1_ro                                 
10014c05  SCALARMUL_init                        
10014ced  SCALARMUL_core                        
10015019  SCALARMUL_final                       
100150e5  SCALARMUL                             
10015101  SAVEPOINT                             
10015141  GETBIT                                
10015155  GETDIGIT                              
100151a5  GETDIGITL2R                           
10015215  SelectReg                             
10015229  ATOMICPATTERN                         
100154f5  JACADD                                
1001568d  INVERT                                
10015821  SQUAREMULTIPLYWORD                    
1001588c  LUTOPCODE                             
10015894  LUTOPSIGN                             
100158ac  LUTC                                  
100158c4  LUTSE                                 
100158dc  LUTINCI                               
100158f4  LUTJ                                  
1001596c  LUTSTATE                              
100159a9  IMPORTLENGTH                          
100159ad  IMPORTMODULUS                         
100159d1  IMPORTOPERAND                         
10015a11  EXPORTOPERAND                         
10015a35  IMPORTDATA                            
10015a51  SETOPERAND                            
10015a6d  COPY                                  
10015a85  ZERO                                  
10015a91  SETWORD                               
10015a9d  mSET                                  
10015bcd  zSET                                  
10015bd5  mINVK                                 
10015d19  zADD                                  
10015d5d  zSUB                                  
10015de9  zMACC32                               
10015e69  zSUB32                                
10015eb5  zADD32                                
10015f0d  zMULT32                               
10015f81  mMULT                                 
10016551  mADD                                  
1001664d  mSUB                                  
10016749  mOUT                                  
10016975  ssp_KeyInit_Sw                        
10016979  sspAesEncrypt_Sw                      
10016985  sspKeyExpansion_Sw                    
10016a99  sspAesEncryptKeyExp_Sw                
10016af5  sspAesEncryptBasic_Sw                 
10016b79  RoundKey_Sw                           
10016c29  AddRoundKeySubBytes_Sw                
10016c45  ShiftRows_Sw                          
10016c79  MixColumns_Sw                         
10016d05  FFMult_Sw                             
10016d29  sspAesDecrypt_Sw                      
10016da1  InvAddRoundKey_Sw                     
10016dc9  InvRoundKey_Sw                        
10016e8d  InvSubBytes_Sw                        
10016ea1  InvShiftRows_Sw                       
10016ed5  InvMixColumns_Sw                      
10016f58  FFMult2                               
10017058  FFMult3                               
10017158  RCon                                  
10017164  Sbox                                  
10017264  InvSbox                               
10017365  SSP_CCM_Auth_Sw                       
100174fd  SSP_CCM_Encrypt_Sw                    
100175ed  SSP_CTR_Encrypt_Sw                    
1001767d  SSP_CCM_Decrypt_Sw                    
10017771  SSP_CTR_Decrypt_Sw                    
10017839  SSP_CCM_InvAuth_Sw                    
10017895  SSP_CCM_Auth_Encrypt_Sw               
100178f5  SSP_CCM_InvAuth_Decrypt_Sw            
10017959  ECC_allocWorkzone                     
10017961  ECC_setWin                            
10017969  ECDSA_sign                            
10017b01  ECDSA_verif                           
10017dbd  ECC_keyGen                            
10017ded  ECDH_commonKey                        
10017e39  SHA256_updateW                        
10017e75  SHA256_round                          
10017ef1  SHA256_nextState                      
10017f49  SHA256_saveBuffer                     
10017ffd  SHA256_init                           
10018019  SHA256_process                        
10018089  SHA256_final                          
10018129  SHA256_full                           
100182ad  RFHAL_InitRfHal                       
10018315  RFHAL_AllocRatChan                    
1001833d  RFHAL_FreeRatChan                     
10018369  RFHAL_MapRatChansToInt                
10018391  RFHAL_RegisterRatChanCallback         
100183b9  RFHAL_InitDataQueue                   
100183c5  RFHAL_QueueRFDataEntries              
10018415  RFHAL_AddTxDataEntry                  
10018485  RFHAL_FreeNextTxDataEntry             
100184a9  RFHAL_AllocDataEntryQueue             
100184c5  RFHAL_FreeDataEntryQueue              
100184cd  RFHAL_GetNextDataEntry                
100184d1  RFHAL_GetTempDataEntry                
100184d5  RFHAL_NextDataEntryDone               
100184f9  RFHAL_AllocDataEntry                  
10018549  RFHAL_FreeDataEntry                   
10018551  RFHAL_BuildRingBuffer                 
100185e1  RFHAL_BuildDataEntryRingBuffer        
10018669  RFHAL_BuildLinkedBuffer               
10018935  MB_ReadMailboxStatus                  
1001893d  MB_RegisterIsrCback                   
10018945  MB_FwDebugDump                        
10018a19  AesCcm_authEncrypt_Sw                 
10018a35  AesCcm_decryptAuth_Sw                 
10018a99  Aes_encrypt_Sw                        
10018ac5  Aes_decrypt_Sw                        
10018b09  AesCcm_getNumBlocks_Sw                
10018b0c  NIST256_p                             
10018b30  NIST256_r                             
10018b54  NIST256_a                             
10018b78  NIST256_b                             
10018b9c  NIST256_Gx                            
10018bc0  NIST256_Gy                            
10018ced  __exit                                
10018d6c  Fill1                                 
10019ffc  A3_rw                                 
10019ffd  __checksum_end_CommonROM              
10019ffe  A2_rw                                 
10019ffe  P1_ro_2                               
10019ffe  __checksum_CommonROM                  
20004460  baseTaskID                            
20004464  cbTimers                              
20004610  LL_PM_RFCmdDoneEventCallback          
2000461a  osal_entity                           
2000461c  osal_qHead                            
20004620  osal_eventloop_hook                   
20004624  osal_semaphore                        
20004628  osal_last_timestamp                   
2000462c  osal_tickperiod                       
20004630  osal_max_msecs                        
20004664  gapAppTaskID                          
20004665  gapProfileRole                        
20004666  gapDeviceAddrMode                     
20004667  gapAutoAdvPrivateAddrChange           
20004668  gapPrivateAddrChangeTimeout           
2000469c  slaveUpdateReq                        
200046a4  slaveConnHandle                       
200046a8  pEstLink                              
200046ac  pAuthLink                             
200046b0  pfnCentralConnCBs                     
200046d0  l2capUserConfig                       
200046d4  l2capTaskID                           
200046d5  l2capNumChannels                      
200046d6  l2capNumDataPkts                      
200046d7  l2capNumPSM                           
200046d8  l2capNumCoChannels                    
200046dc  l2capChannels                         
200046e0  l2capPsm                              
200046e4  llUserConfig                          
200046f4  gapTaskID                             
200046f5  gapUnwantedTaskID                     
200046f8  pfnPeripheralCBs                      
2000471c  OSAL_timeSeconds                      
20004728  pwrmgr_initialized                    
2000472a  pwrmgr_attribute                      
20004734  l2capMtuSize                          
20004739  reqTaskId                             
2000473a  gattAppTaskID                         
2000473b  appTaskID                             
20004740  bleDispatch_TaskID                    
20004741  rspBuf                                
2000477c  linkDBNumConns                        
200047b4  l2capFixedChannels                    
20004804  maxPduSize                            
20004805  rfFeModeBias                          
20004808  advInfoExt                            
2000480c  maxQueuedPdu                          
20004810  llConnectionExt                       
20004814  activeConns                           
20004818  SysBootMsg                            
2000481c  sclkSrc                               
20004838  pBleEvtMask                           
20004840  pHciEvtMask2                          
20004848  ICall_dispatcher                      
2000484c  ICall_enterCriticalSection            
20004850  ICall_leaveCriticalSection            
20004854  GATTServApp_TaskID                    
20004860  pPairingParams                        
20004864  pfnResponderCBs                       
2000486c  timerHead                             
20004880  linkCmd                               
20004884  linkParam                             
20004888  pGapAdvertState                       
2000488c  pGapDiscReq                           
20004890  pfnPeripheralConnCBs                  
20004898  serverInfoTbl                         
200048a8  tasksEvents                           
200048ae  gattNumConns                          
200048af  gattTaskID                            
200048b2  hciTaskID                             
200048b3  hciTestTaskID                         
200048b4  hciGapTaskID                          
200048b5  hciL2capTaskID                        
200048b6  hciSmpTaskID                          
200048b7  hciExtTaskID                          
200048bb  nextConnId                            
200048bd  smTaskID                              
200048e8  A4_rw_1                               
200048e8  RAM_BASE_ADDR                         
200048fc  P2_zi_1                               
200048fc  scanDataEntry                         
200049dc  scanDataQueue                         
200049ec  advInfo                               
20004a8c  wlTable                               
20004b10  wlTableScan                           
20004b94  initDataEntry                         
20004bcc  initDataQueue                         
20004bdc  advDataEntry                          
20004c14  advDataQueue                          
20004c24  advCmd                                
20004c6c  ownPublicAddr                         
20004c74  ownRandomAddr                         
20004c7c  ownSavedPublicAddr                    
20004c84  LL_TaskID                             
20004c85  maxTxPwrForDTM                        
20004c86  onePktPerEvt                          
20004c87  numComplPktsLimit                     
20004c88  numComplPktsFlush                     
20004c89  slOverride                            
20004c8a  rxFifoFlowCtrl                        
20004c8b  numTxDataBufs                         
20004c8c  verInfo                               
20004c94  rfCfgAdiVal                           
20004c96  sleepDelay                            
20004c98  buildInfo                             
20004c9c  peerInfo                              
20004ca8  chanMapUpdate                         
20004cb0  llConns                               
20004cb8  llState                               
20004cb9  curTxPowerVal                         
20004cba  numComplPkts                          
20004cbb  fastTxRespTime                        
20004cbc  maxNumConns                           
20004cbe  postRfOperations                      
20004cc0  rssiCorrection                        
20004cc4  taskEndAction                         
20004cf0  initParam                             
20004d14  scanParam                             
20004d38  slvParam                              
20004d58  advParam                              
20004d78  txModemTestCmd                        
20004d94  scanInfo                              
20004db0  initCmd                               
20004dc8  connReqData                           
20004de0  slvCmd                                
20004df8  scanCmd                               
20004e10  scanOutput                            
20004e28  trxTestCmd                            
20004e40  rxModemTestCmd                        
20004e58  initInfo                              
20004e70  connOutput                            
20004e84  rxTestParam                           
20004e98  advOutput                             
20004ea8  txTestParam                           
20004eb8  initOutput                            
20004ec4  rxTestOut                             
20004ed0  deviceFeatureSet                      
20004edc  dtmInfo                               
20004ee8  cachedTRNGdata                        
20004ef4  llTaskList                            
20004f00  pHciEvtMask                           
20004f08  bleEvtMask                            
20004f0a  taskEndStatus                         
20004f0c  rxDataQ                               
20004f10  rxRingBuf                             
20004f14  mstCmd                                
20004f18  mstParam                              
20004f1c  txDataQ                               
20004f20  txTestOut                             
20004f24  ctrlToHostEnable                      
20004f26  numHostBufs                           
20004f28  hciPTMenabled                         
20004f2c  A4_rw                                 
20004f2c  COMMON_RAM_BASE_ADDR                  
20004f40  P2_rw                                 
20004f40  P2_s0                                 
20004f40  win                                   
20004f44  workzone                              
20004f48  data_p                                
20004f4c  data_r                                
20004f50  data_a                                
20004f54  inScalar                              
20004f58  inPointX                              
20004f5c  inPointY                              
20004f60  outPointX                             
20004f64  outPointY                             
20004f68  SCAL                                  
20004f6c  EXPX                                  
20004f70  EXPY                                  
20004f74  EXPZ                                  
20004f78  EXPW                                  
20004f7c  ACCX                                  
20004f80  ACCY                                  
20004f84  ACCZ                                  
20004f88  TMP1                                  
20004f8c  TMP2                                  
20004f90  TMP3                                  
20004f94  TMP4                                  
20004f98  TMP5                                  
20004f9c  TMP6                                  
20004fa0  data_Gx                               
20004fa4  data_Gy                               
20004fa8  data_b                                
20004fac  P2_zi                                 
20004fac  ratChanInfo                           
20004fcc  fwInfoCmd                             
20004fd8  MSBMOD                                
20004fdc  aux64                                 
20004fe4  MOD                                   
20004fe8  LEN                                   
20004fec  mbIntCbackTable                       
20004ffc  pSspAesEncrypt_Sw                     
ffffffff  __TI_pprof_out_hndl                   
ffffffff  __TI_prof_data_size                   
ffffffff  __TI_prof_data_start                  
ffffffff  __binit__                             
ffffffff  __c_args__                            
ffffffff  binit                                 
UNDEFED   SHT$$INIT_ARRAY$$Base                 
UNDEFED   SHT$$INIT_ARRAY$$Limit                

[1202 symbols]
