******************************************************************************
                  TI ARM Linker PC v16.9.0                     
******************************************************************************
>> Linked Thu Dec 01 21:25:43 2016

OUTPUT FILE NAME:   <SensorTag.out>
ENTRY POINT SYMBOL: "ResetISR"  address: 00007db9


MEMORY CONFIGURATION

         name            origin    length      used     unused   attr    fill
----------------------  --------  ---------  --------  --------  ----  --------
  FLASH                 00000000   0000dfff  0000ac04  000033fb  R  X
  SRAM                  20000000   0000445f  00003c1f  00000840  RW X


SEGMENT ALLOCATION MAP

run origin  load origin   length   init length attrs members
----------  ----------- ---------- ----------- ----- -------
00000000    00000000    00000094   00000094    r--
  00000000    00000000    0000003c   0000003c    r-- .resetVecs
  0000003c    0000003c    00000058   00000058    r-- .ccfg
00000100    00000100    0000ab80   0000ab80    r-x
  00000100    00000100    0000003c   0000003c    r-- .const:ti_sysbios_knl_Task_Object__PARAMS__C
  0000013c    0000013c    00000034   00000034    r-- .const:ti_sysbios_knl_Mailbox_Object__PARAMS__C
  00000170    00000170    00000030   00000030    r-- .const:ti_sysbios_family_arm_m3_Hwi_Object__PARAMS__C
  000001a0    000001a0    0000002c   0000002c    r-- .const:ti_sysbios_hal_Hwi_Object__PARAMS__C
  000001cc    000001cc    00000028   00000028    r-- .const:ti_sysbios_heaps_HeapMem_Module__FXNS__C
  000001f4    000001f4    00000028   00000028    r-- .const:ti_sysbios_knl_Swi_Object__PARAMS__C
  0000021c    0000021c    00000024   00000024    r-- .const:ti_sysbios_gates_GateHwi_Module__FXNS__C
  00000240    00000240    00000024   00000024    r-- .const:ti_sysbios_gates_GateMutex_Module__FXNS__C
  00000264    00000264    00000024   00000024    r-- .const:ti_sysbios_heaps_HeapMem_Object__PARAMS__C
  00000288    00000288    00000024   00000024    r-- .const:ti_sysbios_knl_Clock_Object__PARAMS__C
  000002ac    000002ac    00000024   00000024    r-- .const:ti_sysbios_knl_Semaphore_Object__PARAMS__C
  000002d0    000002d0    00000020   00000020    r-- .const:ti_sysbios_family_arm_m3_Hwi_Object__DESC__C
  000002f0    000002f0    00000020   00000020    r-- .const:ti_sysbios_gates_GateHwi_Object__DESC__C
  00000310    00000310    00000020   00000020    r-- .const:ti_sysbios_gates_GateMutex_Object__DESC__C
  00000330    00000330    00000020   00000020    r-- .const:ti_sysbios_hal_Hwi_Object__DESC__C
  00000350    00000350    00000020   00000020    r-- .const:ti_sysbios_heaps_HeapMem_Object__DESC__C
  00000370    00000370    00000020   00000020    r-- .const:ti_sysbios_knl_Clock_Object__DESC__C
  00000390    00000390    00000020   00000020    r-- .const:ti_sysbios_knl_Mailbox_Object__DESC__C
  000003b0    000003b0    00000020   00000020    r-- .const:ti_sysbios_knl_Queue_Object__DESC__C
  000003d0    000003d0    00000020   00000020    r-- .const:ti_sysbios_knl_Semaphore_Object__DESC__C
  000003f0    000003f0    00000020   00000020    r-- .const:ti_sysbios_knl_Swi_Object__DESC__C
  00000410    00000410    00000020   00000020    r-- .const:ti_sysbios_knl_Task_Object__DESC__C
  00000430    00000430    00000018   00000018    r-- .const:ti_sysbios_gates_GateHwi_Object__PARAMS__C
  00000448    00000448    00000018   00000018    r-- .const:ti_sysbios_gates_GateMutex_Object__PARAMS__C
  00000460    00000460    00000018   00000018    r-- .const:ti_sysbios_knl_Queue_Object__PARAMS__C
  00000478    00000478    00000008   00000008    r-- .const:ti_sysbios_knl_Idle_funcList__C
  00000484    00000484    00000004   00000004    r-- .const:ti_sysbios_family_arm_cc26xx_Timer_startupNeeded__C
  00000488    00000488    00000004   00000004    r-- .const:ti_sysbios_family_arm_m3_Hwi_E_alreadyDefined__C
  0000048c    0000048c    00000004   00000004    r-- .const:ti_sysbios_family_arm_m3_Hwi_E_hwiLimitExceeded__C
  00000490    00000490    00000004   00000004    r-- .const:ti_sysbios_family_arm_m3_Hwi_NUM_INTERRUPTS__C
  00000494    00000494    00000004   00000004    r-- .const:ti_sysbios_family_arm_m3_Hwi_Object__count__C
  00000498    00000498    00000004   00000004    r-- .const:ti_sysbios_family_arm_m3_Hwi_Object__table__C
  0000049c    0000049c    00000004   00000004    r-- .const:ti_sysbios_family_arm_m3_Hwi_ccr__C
  000004a0    000004a0    00000004   00000004    r-- .const:ti_sysbios_family_arm_m3_Hwi_excHandlerFunc__C
  000004a4    000004a4    00000004   00000004    r-- .const:ti_sysbios_family_arm_m3_Hwi_nullIsrFunc__C
  000004a8    000004a8    00000004   00000004    r-- .const:ti_sysbios_family_arm_m3_Hwi_numSparseInterrupts__C
  000004ac    000004ac    00000004   00000004    r-- .const:ti_sysbios_family_arm_m3_Hwi_priGroup__C
  000004b0    000004b0    00000004   00000004    r-- .const:ti_sysbios_family_arm_m3_TaskSupport_stackAlignment__C
  000004b4    000004b4    00000004   00000004    r-- .const:ti_sysbios_heaps_HeapMem_E_memory__C
  000004b8    000004b8    00000004   00000004    r-- .const:ti_sysbios_heaps_HeapMem_Module__gateObj__C
  000004bc    000004bc    00000004   00000004    r-- .const:ti_sysbios_heaps_HeapMem_Object__count__C
  000004c0    000004c0    00000004   00000004    r-- .const:ti_sysbios_heaps_HeapMem_Object__table__C
  000004c4    000004c4    00000004   00000004    r-- .const:ti_sysbios_heaps_HeapMem_reqAlign__C
  000004c8    000004c8    00000004   00000004    r-- .const:ti_sysbios_knl_Clock_serviceMargin__C
  000004cc    000004cc    00000004   00000004    r-- .const:ti_sysbios_knl_Mailbox_Object__count__C
  000004d0    000004d0    00000004   00000004    r-- .const:ti_sysbios_knl_Mailbox_Object__table__C
  000004d4    000004d4    00000004   00000004    r-- .const:ti_sysbios_knl_Queue_Object__count__C
  000004d8    000004d8    00000004   00000004    r-- .const:ti_sysbios_knl_Queue_Object__table__C
  000004dc    000004dc    00000004   00000004    r-- .const:ti_sysbios_knl_Swi_Object__count__C
  000004e0    000004e0    00000004   00000004    r-- .const:ti_sysbios_knl_Swi_Object__table__C
  000004e4    000004e4    00000004   00000004    r-- .const:ti_sysbios_knl_Swi_numPriorities__C
  000004e8    000004e8    00000004   00000004    r-- .const:ti_sysbios_knl_Task_Object__count__C
  000004ec    000004ec    00000004   00000004    r-- .const:ti_sysbios_knl_Task_Object__table__C
  000004f0    000004f0    00000004   00000004    r-- .const:ti_sysbios_knl_Task_allBlockedFunc__C
  000004f4    000004f4    00000004   00000004    r-- .const:ti_sysbios_knl_Task_defaultStackHeap__C
  000004f8    000004f8    00000004   00000004    r-- .const:ti_sysbios_knl_Task_defaultStackSize__C
  000004fc    000004fc    00000004   00000004    r-- .const:ti_sysbios_knl_Task_numConstructedTasks__C
  00000502    00000502    00000002   00000002    r-- .const:ti_sysbios_family_arm_cc26xx_Timer_Module__id__C
  00000504    00000504    00000002   00000002    r-- .const:ti_sysbios_family_arm_cc26xx_TimestampProvider_useClockTimer__C
  00000506    00000506    00000002   00000002    r-- .const:ti_sysbios_family_arm_m3_Hwi_Module__id__C
  00000508    00000508    00000002   00000002    r-- .const:ti_sysbios_gates_GateHwi_Module__id__C
  0000050a    0000050a    00000002   00000002    r-- .const:ti_sysbios_gates_GateMutex_Module__id__C
  0000050c    0000050c    00000002   00000002    r-- .const:ti_sysbios_heaps_HeapMem_Module__id__C
  0000050e    0000050e    00000002   00000002    r-- .const:ti_sysbios_knl_Task_initStackFlag__C
  00000510    00000510    00000001   00000001    r-- .const:ti_sysbios_knl_Clock_tickMode__C
  00000514    00000514    00000008   00000008    r-- .const:xdc_runtime_Startup_firstFxns__C
  0000051c    0000051c    00000008   00000008    r-- .const:xdc_runtime_Startup_lastFxns__C
  00000524    00000524    00000004   00000004    r-- .const:xdc_runtime_Assert_E_assertFailed__C
  00000528    00000528    00000004   00000004    r-- .const:xdc_runtime_Error_E_memory__C
  0000052c    0000052c    00000004   00000004    r-- .const:xdc_runtime_Error_policyFxn__C
  00000530    00000530    00000004   00000004    r-- .const:xdc_runtime_IGateProvider_Interface__BASE__C
  00000534    00000534    00000004   00000004    r-- .const:xdc_runtime_IHeap_Interface__BASE__C
  00000538    00000538    00000004   00000004    r-- .const:xdc_runtime_IModule_Interface__BASE__C
  0000053c    0000053c    00000004   00000004    r-- .const:xdc_runtime_Main_Module__diagsEnabled__C
  00000540    00000540    00000004   00000004    r-- .const:xdc_runtime_Main_Module__diagsIncluded__C
  00000544    00000544    00000004   00000004    r-- .const:xdc_runtime_Main_Module__diagsMask__C
  00000548    00000548    00000004   00000004    r-- .const:xdc_runtime_Memory_defaultHeapInstance__C
  0000054c    0000054c    00000004   00000004    r-- .const:xdc_runtime_Startup_execImpl__C
  00000550    00000550    00000004   00000004    r-- .const:xdc_runtime_Startup_maxPasses__C
  00000554    00000554    00000004   00000004    r-- .const:xdc_runtime_Startup_sfxnRts__C
  00000558    00000558    00000004   00000004    r-- .const:xdc_runtime_Startup_sfxnTab__C
  0000055c    0000055c    00000004   00000004    r-- .const:xdc_runtime_Startup_startModsFxn__C
  00000560    00000560    00000004   00000004    r-- .const:xdc_runtime_SysCallback_abortFxn__C
  00000564    00000564    00000004   00000004    r-- .const:xdc_runtime_SysCallback_exitFxn__C
  00000568    00000568    00000004   00000004    r-- .const:xdc_runtime_System_abortFxn__C
  0000056c    0000056c    00000004   00000004    r-- .const:xdc_runtime_System_exitFxn__C
  00000570    00000570    00000004   00000004    r-- .const:xdc_runtime_System_maxAtexitHandlers__C
  00000574    00000574    00000004   00000004    r-- .const:xdc_runtime_Text_charTab__C
  00000578    00000578    00000004   00000004    r-- .const:xdc_runtime_Text_nameEmpty__C
  0000057c    0000057c    00000004   00000004    r-- .const:xdc_runtime_Text_nameStatic__C
  00000580    00000580    00000004   00000004    r-- .const:xdc_runtime_Text_nameUnknown__C
  00000584    00000584    00000002   00000002    r-- .const:xdc_runtime_Main_Module__id__C
  00000586    00000586    00000002   00000002    r-- .const:xdc_runtime_Memory_Module__id__C
  00000588    00000588    00000002   00000002    r-- .const:xdc_runtime_Text_charCnt__C
  0000058a    0000058a    00000002   00000002    r-- .const:xdc_runtime_Text_isLoaded__C
  0000058c    0000058c    00000001   00000001    r-- .const:xdc_runtime_Error_policy__C
  00000590    00000590    00000004   00000004    r-- .const:ti_sysbios_rom_ROM_AONRTCChannelEnable
  00000594    00000594    00000004   00000004    r-- .const:ti_sysbios_rom_ROM_AONRTCCompareValueSet
  00000598    00000598    00000004   00000004    r-- .const:ti_sysbios_rom_ROM_AONRTCCurrentCompareValueGet
  0000059c    0000059c    00000004   00000004    r-- .const:ti_sysbios_rom_ROM_AONRTCEventClear
  000005a0    000005a0    00000004   00000004    r-- .const:ti_sysbios_rom_ROM_ti_sysbios_family_arm_cc26xx_Timer_getCount64__E
  000005a4    000005a4    00000004   00000004    r-- .const:ti_sysbios_rom_ROM_ti_sysbios_family_arm_cc26xx_Timer_getCurrentTick__E
  000005a8    000005a8    00000004   00000004    r-- .const:ti_sysbios_rom_ROM_ti_sysbios_family_arm_cc26xx_Timer_getMaxTicks__E
  000005ac    000005ac    00000004   00000004    r-- .const:ti_sysbios_rom_ROM_ti_sysbios_family_arm_cc26xx_Timer_initDevice__I
  000005b0    000005b0    00000004   00000004    r-- .const:ti_sysbios_rom_ROM_ti_sysbios_family_arm_cc26xx_Timer_setNextTick__E
  000005b4    000005b4    00000004   00000004    r-- .const:ti_sysbios_rom_ROM_ti_sysbios_family_arm_cc26xx_Timer_setThreshold__I
  000005b8    000005b8    00000004   00000004    r-- .const:ti_sysbios_rom_ROM_ti_sysbios_family_arm_cc26xx_Timer_start__E
  000005bc    000005bc    00000004   00000004    r-- .const:ti_sysbios_rom_ROM_ti_sysbios_family_arm_cc26xx_TimestampProvider_get32__E
  000005c0    000005c0    00000004   00000004    r-- .const:ti_sysbios_rom_ROM_xdc_runtime_Startup_getState__I
  000005c4    000005c4    00000004   00000004    r-- .const:ti_sysbios_rom_ROM_xdc_runtime_System_SupportProxy_abort__E
  000005c8    000005c8    00000004   00000004    r-- .const:ti_sysbios_rom_ROM_xdc_runtime_System_SupportProxy_exit__E
  000005cc    000005cc    00000004   00000004    r-- .const:ti_sysbios_gates_GateMutex_Instance_State_sem__O
  000005d0    000005d0    00000004   00000004    r-- .const:ti_sysbios_knl_Clock_Module_State_clockQ__O
  000005d4    000005d4    00000004   00000004    r-- .const:ti_sysbios_knl_Mailbox_Instance_State_dataQue__O
  000005d8    000005d8    00000004   00000004    r-- .const:ti_sysbios_knl_Mailbox_Instance_State_dataSem__O
  000005dc    000005dc    00000004   00000004    r-- .const:ti_sysbios_knl_Mailbox_Instance_State_freeQue__O
  000005e0    000005e0    00000004   00000004    r-- .const:ti_sysbios_knl_Mailbox_Instance_State_freeSem__O
  000005e4    000005e4    00000004   00000004    r-- .const:ti_sysbios_knl_Semaphore_Instance_State_pendQ__O
  000005e8    000005e8    00000004   00000004    r-- .const:ti_sysbios_knl_Task_Module_State_inactiveQ__O
  000005ec    000005ec    000098dc   000098dc    r-x .text
  00009ec8    00009ec8    000006d4   000006d4    r-- .const
  0000a5a0    0000a5a0    000006e0   000006e0    r-- .cinit
20000000    20000000    000000c8   00000000    rw-
  20000000    20000000    000000c8   00000000    rw- .vecs
20000100    20000100    00000104   00000000    rw-
  20000100    20000100    00000044   00000000    rw- .data:ti_sysbios_knl_Task_Module__state__V
  20000144    20000144    00000034   00000000    rw- .data:ti_sysbios_family_arm_m3_Hwi_Module__state__V
  20000178    20000178    0000002c   00000000    rw- .data:ti_sysbios_knl_Clock_Module__state__V
  200001a4    200001a4    00000024   00000000    rw- .data:ti_sysbios_BIOS_Module__state__V
  200001c8    200001c8    0000001c   00000000    rw- .data:ti_sysbios_knl_Swi_Module__state__V
  200001e4    200001e4    00000008   00000000    rw- .data:ti_sysbios_family_arm_cc26xx_Timer_Module__state__V
  200001ec    200001ec    00000004   00000000    rw- .data:ti_sysbios_family_arm_cc26xx_TimestampProvider_Module__state__V
  200001f0    200001f0    00000008   00000000    rw- .data:xdc_runtime_Startup_Module__state__V
  200001f8    200001f8    00000008   00000000    rw- .data:xdc_runtime_System_Module__state__V
  20000200    20000200    00000004   00000000    rw- .data:xdc_runtime_Memory_Module__state__V
20000430    20000430    00000010   00000000    rw-
  20000430    20000430    00000010   00000000    rw- .TI.bound:dmaRxControlTableEntry0$23
20000440    20000440    00000010   00000000    rw-
  20000440    20000440    00000010   00000000    rw- .TI.bound:dmaTxControlTableEntry0$23
20000500    20000500    00000010   00000000    rw-
  20000500    20000500    00000010   00000000    rw- .TI.bound:dmaRxControlTableEntry1$23
20000510    20000510    00003627   00000000    rw-
  20000510    20000510    00000010   00000000    rw- .TI.bound:dmaTxControlTableEntry1$23
  20000520    20000520    00001dfc   00000000    rw- .data
  20002320    20002320    00001817   00000000    rw- .bss
2000405c    2000405c    00000400   00000000    rw-
  2000405c    2000405c    00000400   00000000    rw- .stack


SECTION ALLOCATION MAP

 output                                  attributes/
section   page    origin      length       input sections
--------  ----  ----------  ----------   ----------------
.text      0    000005ec    000098dc     
                  000005ec    000015c4     SensorTag.obj (.text:SensorTag_taskFxn$0)
                  00001bb0    000005c0     driverlib.lib : setup.obj (.text:HapiTrimDeviceShutDown$54)
                  00002170    000004e8     peripheral.obj (.text:gapRole_taskFxn$41)
                  00002658    00000418     sysbios.aem3 : mangled__BIOS_lib.obj (.text:ti_sysbios_family_arm_cc26xx_Power_auxISR__E)
                  00002a70    000002e4                  : mangled__BIOS_lib.obj (.text:ti_sysbios_family_arm_cc26xx_Power_sleep__E)
                  00002d54    00000284     SensorTag_Bar.obj (.text:sensorTaskFxn$1)
                  00002fd8    00000244     peripheral.obj (.text:GAPRole_SetParameter)
                  0000321c    000001fc     oad.obj (.text:OAD_imgBlockWrite)
                  00003418    000001f4     rtsv7M3_T_le_eabi.lib : ull_div_t2.obj (.text)
                  0000360c    000001c8     driverlib.lib : sys_ctrl.obj (.text:SysCtrlSetRechargeBeforePowerDown)
                  000037d4    00000198     SPICC26XXDMA.obj (.text:SPICC26XXDMA_transfer)
                  0000396c    00000194     PINCC26XX.obj (.text:PIN_init)
                  00003b00    00000178     SensorTag_Tmp.obj (.text:sensorTaskFxn$8)
                  00003c78    00000158     SensorTag_Hum.obj (.text:sensorTaskFxn$3)
                  00003dd0    0000014c     registerservice.obj (.text:sensor_WriteAttrCB$42)
                  00003f1c    00000148     SPICC26XXDMA.obj (.text:SPICC26XXDMA_initIO$23)
                  00004064    0000013c     driverlib.lib : setup.obj (.text:trimDevice)
                  000041a0    00000134     I2CCC26XX.obj (.text:I2CCC26XX_open)
                  000042d4    00000128     SPICC26XXDMA.obj (.text:SPICC26XXDMA_open)
                  000043fc    00000124     peripheral.obj (.text:GAPRole_GetParameter)
                  00004520    0000010c     sensor_mpu9250.obj (.text:sensorMpu9250Reset)
                  0000462c    00000106     ICall.obj (.text:ICall_primWaitMatch$25)
                  00004732    00000002     SPICC26XXDMA.obj (.text:SPICC26XXDMA_serviceISR$23)
                  00004734    000000fc     SPICC26XXDMA.obj (.text:SPICC26XXDMA_transferCancel)
                  00004830    000000f8     SPICC26XXDMA.obj (.text:SPICC26XXDMA_hwiFxn$23)
                  00004928    000000dc     I2CCC26XX.obj (.text:I2CCC26XX_hwiFxn$20)
                  00004a04    000000d8     sysbios.aem3 : mangled__BIOS_lib.obj (.text:ti_sysbios_family_arm_cc26xx_Power_setDependency__E)
                  00004adc    000000d0                  : mangled__BIOS_lib.obj (.text:ti_sysbios_family_arm_cc26xx_Power_releaseDependency__E)
                  00004bac    000000d0                  : mangled__BIOS_lib.obj (.text:ti_sysbios_family_arm_cc26xx_Power_startFirstMeasurement__E)
                  00004c7c    000000cc     SPICC26XXDMA.obj (.text:SPICC26XXDMA_control)
                  00004d48    000000cc     sensor_mpu9250.obj (.text:sensorMpu9250Enable)
                  00004e14    000000cc     barometerservice.obj (.text:sensor_WriteAttrCB$29)
                  00004ee0    000000cc     humidityservice.obj (.text:sensor_WriteAttrCB$34)
                  00004fac    000000cc     irtempservice.obj (.text:sensor_WriteAttrCB$36)
                  00005078    000000cc     movementservice.obj (.text:sensor_WriteAttrCB$37)
                  00005144    000000cc     opticservice.obj (.text:sensor_WriteAttrCB$40)
                  00005210    000000cc     sysbios.aem3 : mangled__BIOS_lib.obj (.text:ti_sysbios_family_arm_cc26xx_Power_standbyPolicy__E)
                  000052dc    000000c8     ioservice.obj (.text:io_WriteAttrCB$35)
                  000053a4    000000c4     I2CCC26XX.obj (.text:I2CCC26XX_transfer)
                  00005468    000000bc     devinfoservice.obj (.text:DevInfo_SetParameter)
                  00005524    000000b4     SensorTag_Mov.obj (.text:appStateSet$6)
                  000055d8    000000b4     sysbios.aem3 : mangled__BIOS_lib.obj (.text:ti_sysbios_knl_Clock_workFuncDynamic__E)
                  0000568c    000000b0     PINCC26XX.obj (.text:PINCC26XX_setIoCfg$21)
                  0000573c    000000b0     ccservice.obj (.text:ccService_WriteAttrCB$30)
                  000057ec    000000b0     devinfoservice.obj (.text:devInfo_ReadAttrCB$31)
                  0000589c    000000a8     sysbios.aem3 : mangled__BIOS_lib.obj (.text:ti_sysbios_knl_Task_setPri__E)
                  00005944    000000a4                  : mangled__BIOS_lib.obj (.text:ti_sysbios_family_arm_cc26xx_Power_initiateCalibration__E)
                  000059e8    000000a0     auto_init.aem3 : auto_init.oem3 (.text)
                  00005a88    0000009c     rtsv7M3_T_le_eabi.lib : memcpy_t2.obj (.text)
                  00005b24    00000098     gattservapp_util.obj (.text:GATTServApp_ProcessCharCfg)
                  00005bbc    00000098     bsp_i2c.obj (.text:bspI2cInit)
                  00005c54    00000094     ICall.obj (.text:ICall_primSetTimer$25)
                  00005ce8    00000094     driverlib.lib : osc.obj (.text:OSCHF_GetStartupTime)
                  00005d7c    00000094     ext_flash.obj (.text:extFlashOpen)
                  00005e10    00000090     PINCC26XX.obj (.text:PIN_open)
                  00005ea0    00000090     registerservice.obj (.text:sensor_ReadAttrCB$42)
                  00005f30    0000008c     sysbios.aem3 : mangled__BIOS_lib.obj (.text:ti_sysbios_family_arm_cc26xx_Power_LF_clockFunc__E)
                  00005fbc    0000008c                  : mangled__BIOS_lib.obj (.text:ti_sysbios_family_arm_cc26xx_Power_Module_startup__E)
                  00006048    00000088     I2CCC26XX.obj (.text:I2CCC26XX_close)
                  000060d0    00000088     SensorTag.obj (.text:SensorTag_callback$0)
                  00006158    00000088     sysbios.aem3 : mangled__BIOS_lib.obj (.text:ti_sysbios_family_arm_cc26xx_Timer_start__E)
                  000061e0    00000084     ICall.obj (.text:ICall_heapMalloc)
                  00006264    00000084     main.obj (.text:main)
                  000062e8    0000007a     SPICC26XXDMA.obj (.text:SPICC26XXDMA_close)
                  00006362    0000007a     rtsv7M3_T_le_eabi.lib : memset_t2.obj (.text)
                  000063dc    00000078     oad.obj (.text:oadWriteAttrCB$38)
                  00006454    00000076     gattservapp_util.obj (.text:gattServApp_SendNotiInd$33)
                  000064ca    00000076     movementservice.obj (.text:sensor_ReadAttrCB$37)
                  00006540    00000074     ICall.obj (.text:ICall_primSend$25)
                  000065b4    00000074     SPICC26XXDMA.obj (.text:SPICC26XXDMA_csnCallback$23)
                  00006628    00000074     ext_flash.obj (.text:extFlashClose)
                  0000669c    00000074     peripheral.obj (.text:gapRole_startConnUpdate$41)
                  00006710    00000072     ext_flash.obj (.text:extFlashWrite)
                  00006782    00000002     appBLE_pem3.oem3 (.text:ti_sysbios_BIOS_nullFunc__I)
                  00006784    0000006c     ICallCC2650.obj (.text:ICallPlatform_pwrUpdActivityCounter)
                  000067f0    0000006c     ICall.obj (.text:ICall_createRemoteTasks)
                  0000685c    0000006c     driverlib.lib : sys_ctrl.obj (.text:SysCtrl_DCDC_VoltageConditionalControl)
                  000068c8    0000006c     bsp_i2c.obj (.text:bspI2cSelect)
                  00006934    0000006c     barometerservice.obj (.text:sensor_ReadAttrCB$29)
                  000069a0    00000068     I2CCC26XX.obj (.text:I2CCC26XX_primeTransfer$20)
                  00006a08    00000068     UDMACC26XX.obj (.text:UDMACC26XX_open)
                  00006a70    00000068     rtsv7M3_T_le_eabi.lib : copy_decompress_lzss.obj (.text:decompress:lzss)
                  00006ad8    00000064     driverlib.lib : osc.obj (.text:OSCHF_AttemptToSwitchToXosc)
                  00006b3c    00000064     humidityservice.obj (.text:sensor_ReadAttrCB$34)
                  00006ba0    00000064     irtempservice.obj (.text:sensor_ReadAttrCB$36)
                  00006c04    00000064     opticservice.obj (.text:sensor_ReadAttrCB$40)
                  00006c68    00000064     registerservice.obj (.text:sensor_initRegister$42)
                  00006ccc    00000062     driverlib.lib : sys_ctrl.obj (.text:SysCtrlAdjustRechargeAfterPowerDown)
                  00006d2e    00000060     gattservapp_util.obj (.text:GATTServApp_ProcessCCCWriteReq)
                  00006d8e    00000060     ext_flash.obj (.text:extFlashErase)
                  00006dee    00000002     sysbios.aem3 : mangled__BIOS_lib.obj (.text:ti_sysbios_family_arm_cc26xx_Power_defaultClockFunc__E)
                  00006df0    00000060     appBLE_pem3.oem3 (.text:ti_sysbios_family_arm_cc26xx_Power_XOSC_HF_clockFunc__E)
                  00006e50    00000060     sysbios.aem3 : mangled__BIOS_lib.obj (.text:ti_sysbios_family_arm_cc26xx_Timer_setNextTick__E)
                  00006eb0    0000005c     oad.obj (.text:OAD_getNextBlockReq$38)
                  00006f0c    0000005c     SensorTag.obj (.text:SensorTag_enqueueMsg$0)
                  00006f68    0000005c     sensor_mpu9250.obj (.text:sensorMpu9250Test)
                  00006fc4    0000005c     registerservice.obj (.text:sensor_readRegister$42)
                  00007020    0000005c     appBLE_pem3.oem3 (.text:xdc_runtime_Startup_getState__I)
                  0000707c    0000005a     driverlib.lib : ddi.obj (.text:NOROM_DDI16BitfieldWrite)
                  000070d6    00000002     sysbios.aem3 : mangled__BIOS_lib.obj (.text:ti_sysbios_family_arm_cc26xx_Power_defaultNotifyTrapFunc__E)
                  000070d8    00000058     ICall.obj (.text:ICall_primEnroll$25)
                  00007130    00000058     movementservice.obj (.text:Movement_setParameter)
                  00007188    00000058     SPICC26XXDMA.obj (.text:SPICC26XXDMA_initHw$23)
                  000071e0    00000058     ccservice.obj (.text:ccService_ReadAttrCB$30)
                  00007238    00000058     ext_flash.obj (.text:extFlashWaitReady$10)
                  00007290    00000058     ioservice.obj (.text:io_ReadAttrCB$35)
                  000072e8    00000058     SensorTag_Keys.obj (.text:processGapStateChange$5)
                  00007340    00000058     sysbios.aem3 : mangled__BIOS_lib.obj (.text:tdcPerformRcOscMeasurement$28)
                  00007398    00000058                  : mangled__BIOS_lib.obj (.text:ti_sysbios_family_arm_cc26xx_Power_notify__I)
                  000073f0    00000054     barometerservice.obj (.text:Barometer_setParameter)
                  00007444    00000054     ICall.obj (.text:ICall_primFetchMsg$25)
                  00007498    00000054     ICall.obj (.text:ICall_primThreadServes$25)
                  000074ec    00000054     util.obj (.text:Util_rescheduleClock)
                  00007540    00000054     rtsv7M3_T_le_eabi.lib : exit.obj (.text)
                  00007594    00000052     ICall.obj (.text:ICall_primWait$25)
                  000075e6    00000052     driverlib.lib : osc.obj (.text:NOROM_OSCClockSourceSet)
                  00007638    00000050     ICallBleAPI.obj (.text:GAP_UpdateAdvertisingData)
                  00007688    00000050     humidityservice.obj (.text:Humidity_setParameter)
                  000076d8    00000050     I2CCC26XX.obj (.text:I2CCC26XX_completeTransfer$20)
                  00007728    00000050     I2CCC26XX.obj (.text:I2CCC26XX_initHw$20)
                  00007778    00000050     ICall.obj (.text:ICall_primGetEntityId$25)
                  000077c8    00000050     ICall.obj (.text:ICall_primRegisterApp$25)
                  00007818    00000050     irtempservice.obj (.text:IRTemp_setParameter)
                  00007868    00000050     opticservice.obj (.text:Optic_setParameter)
                  000078b8    00000050     PINCC26XX.obj (.text:PIN_remove)
                  00007908    00000050     SensorTag_Bar.obj (.text:SensorTagBar_reset)
                  00007958    00000050     SensorTag_IO.obj (.text:SensorTagIO_reset)
                  000079a8    00000050     ext_flash.obj (.text:extFlashRead)
                  000079f8    0000004e     sensor_opt3001.obj (.text:sensorOpt3001Test)
                  00007a46    00000002     appBLE_pem3.oem3 (.text:ti_sysbios_rom_cortexm_cc26xx_CC26xx_badRomRevision__E)
                  00007a48    0000004c     peripheral.obj (.text:GAPRole_SendUpdateParam)
                  00007a94    0000004c     ICall.obj (.text:ICall_newTask$25)
                  00007ae0    0000004c     util.obj (.text:Util_constructClock)
                  00007b2c    0000004c     ext_flash.obj (.text:extFlashVerifyPart$10)
                  00007b78    0000004c     rtsv7M3_T_le_eabi.lib : cpy_tbl.obj (.text)
                  00007bc4    00000048     peripheral.obj (.text:GAPRole_TerminateConnection)
                  00007c0c    00000048     driverlib.lib : ddi.obj (.text:NOROM_DDI16BitfieldRead)
                  00007c54    00000048     PINCC26XX.obj (.text:PIN_Isr$21)
                  00007c9c    00000048     SensorTag.obj (.text:SensorTag_processOadWriteCB$0)
                  00007ce4    00000048     ICallBleAPI.obj (.text:gattIndNoti$27)
                  00007d2c    00000046     SensorTag.obj (.text:SensorTag_hasFactoryImage$0)
                  00007d72    00000002     sysbios.aem3 : mangled__BIOS_lib.obj (.text:xdc_runtime_SysCallback_defaultAbort)
                  00007d74    00000044     SensorTag.obj (.text:SensorTag_blinkLed)
                  00007db8    00000044     boot.aem3 : boot.oem3 (.text)
                  00007dfc    00000044     ICallBleAPI.obj (.text:gapSendParamAndPtrCmd$27)
                  00007e40    00000044     sensor_mpu9250.obj (.text:sensorMpu9250SetBypass$13)
                  00007e84    00000042     ICall.obj (.text:ICall_primCreateSemaphore$25)
                  00007ec6    00000042     ICall.obj (.text:ICall_primCreateTask$25)
                  00007f08    00000040     peripheral.obj (.text:GAPRole_createTask)
                  00007f48    00000040     driverlib.lib : osc.obj (.text:NOROM_OSCInterfaceEnable)
                  00007f88    00000040     simplekeys.obj (.text:SK_readAttrCB$43)
                  00007fc8    00000040     bsp_i2c.obj (.text:bspI2cRead)
                  00008008    00000040     sensor_mpu9250.obj (.text:sensorMpuSleep$13)
                  00008048    00000040     sensor_tmp007.obj (.text:sensorTmp007Enable)
                  00008088    00000040     appBLE_pem3.oem3 (.text:ti_sysbios_family_arm_cc26xx_Power_XOSC_HF)
                  000080c8    00000040     sysbios.aem3 : mangled__BIOS_lib.obj (.text:ti_sysbios_family_arm_cc26xx_Power_isStableXOSC_HF__E)
                  00008108    00000040                  : mangled__BIOS_lib.obj (.text:ti_sysbios_family_arm_cc26xx_Timer_getCurrentTick__E)
                  00008148    0000003c     ICallBleAPI.obj (.text:GAP_GetParamValue)
                  00008184    0000003c     ICallBleAPI.obj (.text:GATTServApp_RegisterService)
                  000081c0    0000003c     ICallCC2650.obj (.text:ICallPlatform_pwrConfigACAction)
                  000081fc    0000003c     ICall.obj (.text:ICall_primFetchServiceMsg$25)
                  00008238    0000003c     SensorTag_Bar.obj (.text:SensorTagBar_createTask)
                  00008274    0000003c     SensorTag_Hum.obj (.text:SensorTagHum_createTask)
                  000082b0    0000003c     SensorTag_Tmp.obj (.text:SensorTagTmp_createTask)
                  000082ec    0000003c     SensorTag.obj (.text:SensorTag_createTask)
                  00008328    0000003c     bsp_i2c.obj (.text:bspI2cWriteRead)
                  00008364    0000003c     SensorTag_IO.obj (.text:initBuzzTimer$4)
                  000083a0    0000003c     ICallBleAPI.obj (.text:profileSetParameter$27)
                  000083dc    0000003c     ICallBleAPI.obj (.text:sendWaitMatchCS$27)
                  00008418    0000003c     ICallBleAPI.obj (.text:sendWaitMatchValueCS$27)
                  00008454    0000003c     sysbios.aem3 : mangled__BIOS_lib.obj (.text:ti_sysbios_family_arm_cc26xx_Power_releaseConstraint__E)
                  00008490    0000003c                  : mangled__BIOS_lib.obj (.text:ti_sysbios_family_arm_cc26xx_Timer_initDevice__I)
                  000084cc    00000038     ICall.obj (.text:ICall_primGetMaxMSecs$25)
                  00008504    00000038     SensorTag_Opt.obj (.text:SensorTagOpt_reset)
                  0000853c    00000038     util.obj (.text:Util_restartClock)
                  00008574    00000038     bsp_i2c.obj (.text:bspI2cWrite)
                  000085ac    00000038     sysbios.aem3 : mangled__BIOS_lib.obj (.text:ti_sysbios_family_arm_cc26xx_Power_setConstraint__E)
                  000085e4    00000038                  : mangled__BIOS_lib.obj (.text:ti_sysbios_family_arm_cc26xx_Timer_setThreshold__I)
                  0000861c    00000036     ICallCC2650.obj (.text:ICallPlatform_pwrDispenseImpl$26)
                  00008652    00000036     ICallCC2650.obj (.text:ICallPlatform_pwrRequireImpl$26)
                  00008688    00000036     ICall.obj (.text:ICall_primWaitSemaphore$25)
                  000086be    00000036     ICallBleAPI.obj (.text:waitMatchCS$27)
                  000086f4    00000034     driverlib.lib : chipinfo.obj (.text:ChipInfo_GetChipFamily)
                  00008728    00000034     ICallBleAPI.obj (.text:GAP_SetParamValue)
                  0000875c    00000034     ICallCC2650.obj (.text:ICallPlatform_pwrRegisterNotify)
                  00008790    00000034     ICall.obj (.text:ICall_primEntityId2ServiceId$25)
                  000087c4    00000034     ICall.obj (.text:ICall_primRegisterISR$25)
                  000087f8    00000034     ICall.obj (.text:ICall_primRegisterISR_Ext$25)
                  0000882c    00000034     ICall.obj (.text:ICall_searchServiceEntity$25)
                  00008860    00000034     ioservice.obj (.text:Io_setParameter)
                  00008894    00000034     movementservice.obj (.text:Movement_getParameter)
                  000088c8    00000034     driverlib.lib : setup.obj (.text:SetAonRtcSubSecInc$54)
                  000088fc    00000034     ICallBleAPI.obj (.text:osal_snv_read)
                  00008930    00000034     ICallBleAPI.obj (.text:osal_snv_write)
                  00008964    00000034     ICallBleAPI.obj (.text:profileAddService$27)
                  00008998    00000034     sysbios.aem3 : mangled__BIOS_lib.obj (.text:ti_sysbios_knl_Clock_getTicksUntilInterrupt__E)
                  000089cc    00000032     driverlib.lib : osc.obj (.text:OSCHF_SwitchToRcOscTurnOffXosc)
                  000089fe    00000032     ICallBleAPI.obj (.text:gapSendParamsCmd$27)
                  00008a30    00000032     ICallBleAPI.obj (.text:gapSendPtrParamsCmd$27)
                  00008a62    00000032     ICallBleAPI.obj (.text:matchGapSetGetParamCS$27)
                  00008a94    00000032     ICallBleAPI.obj (.text:matchGattCmdStatus$27)
                  00008ac6    00000032     ICallBleAPI.obj (.text:matchUtilNvCS$27)
                  00008af8    00000030     ICallCC2650.obj (.text:ICallPlatform_pwrNotify$26)
                  00008b28    00000030     ICall.obj (.text:ICall_dispatch$25)
                  00008b58    00000030     ICall.obj (.text:ICall_msecs2Ticks$25)
                  00008b88    00000030     oad.obj (.text:crc16$38)
                  00008bb8    00000030     appBLE_pem3.oem3 (.text:ti_sysbios_BIOS_atExitFunc__I)
                  00008be8    00000030     sysbios.aem3 : mangled__BIOS_lib.obj (.text:ti_sysbios_family_arm_cc26xx_Power_registerNotify__E)
                  00008c18    0000002e     simplekeys.obj (.text:SK_writeAttrCB$43)
                  00008c46    0000002e     sensor_opt3001.obj (.text:sensorOpt3001Enable)
                  00008c74    0000002c     driverlib.lib : aon_batmon.obj (.text:AONBatMonTemperatureGetDegC)
                  00008ca0    0000002c     ICall.obj (.text:ICall_heapFree)
                  00008ccc    0000002c     oad.obj (.text:ICall_malloc$38)
                  00008cf8    0000002c     ICall.obj (.text:ICall_msgEnqueue$25)
                  00008d24    0000002c     ICall.obj (.text:ICall_primAllocMsg$25)
                  00008d50    0000002c     ICall.obj (.text:ICall_searchTask$25)
                  00008d7c    0000002c     ICallBleAPI.obj (.text:ICall_sendServiceMsg$27)
                  00008da8    0000002c     driverlib.lib : aon_rtc.obj (.text:NOROM_AONRTCCurrentCompareValueGet)
                  00008dd4    0000002c     PINCC26XX.obj (.text:PIN_setConfig)
                  00008e00    0000002c     PINCC26XX.obj (.text:PIN_setInterrupt)
                  00008e2c    0000002c     PINCC26XX.obj (.text:PIN_setOutputValue)
                  00008e58    0000002c     SensorTag_Mov.obj (.text:SensorTagMov_reset)
                  00008e84    0000002c     bsp_spi.obj (.text:bspSpiRead)
                  00008eb0    0000002c     bsp_spi.obj (.text:bspSpiWrite)
                  00008edc    0000002c     ext_flash.obj (.text:extFlashWriteEnable$10)
                  00008f08    0000002c     ICallBleAPI.obj (.text:matchProfileAddServiceCS$27)
                  00008f34    0000002c     sysbios.aem3 : mangled__BIOS_lib.obj (.text:ti_sysbios_family_arm_cc26xx_Power_switchXOSC_HF__E)
                  00008f60    0000002c     st_util.obj (.text:utilExtractUuid16)
                  00008f8c    0000002a     ICallBleAPI.obj (.text:ICall_waitMatch$27)
                  00008fb6    0000002a     ICallBleAPI.obj (.text:matchProfileCS$27)
                  00008fe0    00000028     ccservice.obj (.text:CcService_setParameter)
                  00009008    00000028     simplekeys.obj (.text:SK_SetParameter)
                  00009030    00000028     SensorTag_ConnCtrl.obj (.text:SensorTagConnControl_paramUpdateCB)
                  00009058    00000028     SensorTag_Tmp.obj (.text:SensorTagTmp_reset)
                  00009080    00000028     sensor_bmp280.obj (.text:sensorBmp280Enable)
                  000090a8    00000028     sensor.obj (.text:sensorWriteReg)
                  000090d0    00000028     appBLE_pem3.oem3 (.text:ti_sysbios_family_arm_cc26xx_Power_isDependencyActive)
                  000090f8    00000026     driverlib.lib : osc.obj (.text:NOROM_OSCClockSourceGet)
                  0000911e    00000002     sysbios.aem3 : mangled__BIOS_lib.obj (.text:xdc_runtime_SysCallback_defaultExit)
                  00009120    00000024     barometerservice.obj (.text:Barometer_getParameter)
                  00009144    00000024     ICallBleAPI.obj (.text:ICall_getLocalMsgEntityId$27)
                  00009168    00000024     PINCC26XX.obj (.text:PINCC26XX_setMux)
                  0000918c    00000024     SensorTag_Hum.obj (.text:SensorTagHum_reset)
                  000091b0    00000024     rtsv7M3_T_le_eabi.lib : memcmp.obj (.text)
                  000091d4    00000024     appBLE_pem3.oem3 (.text:ti_sysbios_BIOS_registerRTSLock__I)
                  000091f8    00000024     appBLE_pem3.oem3 (.text:ti_sysbios_BIOS_removeRTSLock__I)
                  0000921c    00000024     appBLE_pem3.oem3 (.text:ti_sysbios_BIOS_startFunc__I)
                  00009240    00000024     sysbios.aem3 : mangled__BIOS_lib.obj (.text:ti_sysbios_family_arm_cc26xx_Timer_dynamicStub__E)
                  00009264    00000024                  : mangled__BIOS_lib.obj (.text:ti_sysbios_family_arm_cc26xx_Timer_getMaxTicks__E)
                  00009288    00000024     SensorTag_IO.obj (.text:timerIsr$4)
                  000092ac    00000020     gattservapp_util.obj (.text:GATTServApp_InitCharCfg)
                  000092cc    00000020     humidityservice.obj (.text:Humidity_getParameter)
                  000092ec    00000020     ICallBleAPI.obj (.text:ICall_allocMsg$27)
                  0000930c    00000020     ICallBleAPI.obj (.text:ICall_getEntityId$27)
                  0000932c    00000020     SensorTag.obj (.text:ICall_malloc$0)
                  0000934c    00000020     ICall.obj (.text:ICall_primService$25)
                  0000936c    00000020     irtempservice.obj (.text:IRTemp_getParameter)
                  0000938c    00000020     opticservice.obj (.text:Optic_getParameter)
                  000093ac    00000020     SensorTag_Mov.obj (.text:SensorTagMov_processInterrupt)
                  000093cc    00000020     SensorTag_Opt.obj (.text:SensorTagOpt_clockHandler$7)
                  000093ec    00000020     gattservapp_util.obj (.text:gattServApp_FindCharCfgItem$33)
                  0000940c    00000020     SensorTag_Mov.obj (.text:initCharacteristicValue$6)
                  0000942c    00000020     appBLE_pem3.oem3 (.text:ti_sysbios_BIOS_rtsLock__I)
                  0000944c    00000020     sysbios.aem3 : mangled__BIOS_lib.obj (.text:ti_sysbios_family_arm_cc26xx_TimestampProvider_get32__E)
                  0000946c    0000001e     ICall.obj (.text:ICall_primSendServiceMsg$25)
                  0000948a    0000001e     driverlib.lib : flash.obj (.text:NOROM_FlashProgram)
                  000094a8    0000001e     PINCC26XX.obj (.text:PIN_close)
                  000094c6    00000002     --HOLE-- [fill = 0]
                  000094c8    0000001c     ICallBleAPI.obj (.text:GATT_bm_alloc)
                  000094e4    0000001c     ICallBleAPI.obj (.text:GATT_bm_free)
                  00009500    0000001c     PINCC26XX.obj (.text:PINCC26XX_setIoCfgMux$21)
                  0000951c    0000001c     SensorTag.obj (.text:SensorTag_resetAllSensors$0)
                  00009538    0000001c     ICallBleAPI.obj (.text:getStatusValueFromErrNo$27)
                  00009554    0000001c     sysbios.aem3 : mangled__BIOS_lib.obj (.text:ti_sysbios_family_arm_cc26xx_Power_unregisterNotify__E)
                  00009570    0000001a     ICallBleAPI.obj (.text:GATT_Notification)
                  0000958a    0000001a     ICall.obj (.text:ICall_enterCSImpl)
                  000095a4    0000001a     ICall.obj (.text:ICall_primSetTimerMSecs$25)
                  000095be    0000001a     driverlib.lib : osc.obj (.text:OSCHF_TurnOnXosc)
                  000095d8    0000001a     ICallBleAPI.obj (.text:matchGattIndNotiCS$27)
                  000095f2    00000002     --HOLE-- [fill = 0]
                  000095f4    00000018     I2C.obj (.text:I2C_open)
                  0000960c    00000018     ICallCC2650.obj (.text:ICallPlatform_pwrDispense)
                  00009624    00000018     ICallCC2650.obj (.text:ICallPlatform_pwrRequire)
                  0000963c    00000018     SensorTag.obj (.text:ICall_free$0)
                  00009654    00000018     util.obj (.text:ICall_free$9)
                  0000966c    00000018     ICallBleAPI.obj (.text:ICall_freeMsg$27)
                  00009684    00000018     ICall.obj (.text:ICall_primMalloc$25)
                  0000969c    00000018     SensorTag_Mov.obj (.text:SensorTagMov_clockHandler$6)
                  000096b4    00000018     SensorTag.obj (.text:SensorTag_clockHandler$0)
                  000096cc    00000018     peripheral.obj (.text:gapRole_setEvent$41)
                  000096e4    00000018     SensorTag_Bar.obj (.text:initCharacteristicValue$1)
                  000096fc    00000018     SensorTag_Hum.obj (.text:initCharacteristicValue$3)
                  00009714    00000018     SensorTag_Opt.obj (.text:initCharacteristicValue$7)
                  0000972c    00000018     SensorTag_Tmp.obj (.text:initCharacteristicValue$8)
                  00009744    00000018     rtsv7M3_T_le_eabi.lib : args_main.obj (.text)
                  0000975c    00000018                           : ll_mul_t2.obj (.text)
                  00009774    00000018     SensorTag.obj (.text:sensorTag_updateAdvertisingData)
                  0000978c    00000018     appBLE_pem3.oem3 (.text:ti_sysbios_BIOS_rtsUnlock__I)
                  000097a4    00000018     appBLE_pem3.oem3 (.text:ti_sysbios_family_arm_cc26xx_Power_RFCORECLKS)
                  000097bc    00000018     sysbios.aem3 : mangled__BIOS_lib.obj (.text:ti_sysbios_family_arm_cc26xx_Timer_getCount64__E)
                  000097d4    00000018     appBLE_pem3.oem3 (.text:ti_sysbios_rom_cortexm_cc26xx_CC26xx_checkRevision__E)
                  000097ec    00000016     ICall.obj (.text:ICall_leaveCSImpl)
                  00009802    00000016     ICall.obj (.text:ICall_primStopTimer$25)
                  00009818    00000016     appBLE_pem3.oem3 (.text:ti_sysbios_BIOS_exitFunc__I)
                  0000982e    00000002     --HOLE-- [fill = 0]
                  00009830    00000014     I2CCC26XX.obj (.text:I2CCC26XX_init)
                  00009844    00000014     ICallCC2650.obj (.text:ICallPlatform_pwrIsStableXOSCHF)
                  00009858    00000014     ioservice.obj (.text:Io_getParameter)
                  0000986c    00000014     oad_target_externalFlash.obj (.text:OADTarget_close)
                  00009880    00000014     PINCC26XX.obj (.text:PINCC26XX_getInputValue$21)
                  00009894    00000014     PINCC26XX.obj (.text:PINCC26XX_getOutputValue$21)
                  000098a8    00000014     SPICC26XXDMA.obj (.text:SPICC26XXDMA_init)
                  000098bc    00000014     SPI.obj (.text:SPI_Params_init)
                  000098d0    00000014     sensor.obj (.text:convertToLe)
                  000098e4    00000014     rtsv7M3_T_le_eabi.lib : _lock.obj (.text)
                  000098f8    00000014                           : strlen.obj (.text)
                  0000990c    00000014     sensor_mpu9250.obj (.text:sensorMpu9250PowerIsOn)
                  00009920    00000014     sensor_mpu9250.obj (.text:sensorMpu9250_Callback$13)
                  00009934    00000014     sensor.obj (.text:sensorSetErrorData)
                  00009948    00000014     ICallBleAPI.obj (.text:setICallCmdEvtHdr$27)
                  0000995c    00000014     appBLE_pem3.oem3 (.text:ti_sysbios_knl_Clock_doTick__I)
                  00009970    00000012     gattservapp_util.obj (.text:GATTServApp_FindAttr)
                  00009982    00000012     appBLE_pem3.oem3 (.text:xdc_runtime_Startup_exec__I)
                  00009994    00000010     ICallBleAPI.obj (.text:GAP_EndDiscoverable)
                  000099a4    00000010     gattservapp_util.obj (.text:GATTServApp_ReadCharCfg)
                  000099b4    00000010     I2C.obj (.text:I2C_Params_init)
                  000099c4    00000010     ICallCC2650.obj (.text:ICallPlatform_pwrGetXOSCStartupTime)
                  000099d4    00000010     ICall.obj (.text:ICall_primGetTickPeriod$25)
                  000099e4    00000010     ICall.obj (.text:ICall_taskEntry$25)
                  000099f4    00000010     util.obj (.text:Util_isActive)
                  00009a04    00000010     bsp_i2c.obj (.text:bspI2cWriteSingle)
                  00009a14    00000010     ext_flash.obj (.text:extFlashDeselect$10)
                  00009a24    00000010     ext_flash.obj (.text:extFlashSelect$10)
                  00009a34    00000010     I2CCC26XX.obj (.text:i2cPostNotify$20)
                  00009a44    0000000e     ICallCC2650.obj (.text:ICallPlatform_pwrGetTransitionState)
                  00009a52    0000000e     ICall.obj (.text:ICall_primDisableMInt$25)
                  00009a60    0000000e     ICall.obj (.text:ICall_primEnableMInt$25)
                  00009a6e    0000000e     ICall.obj (.text:ICall_primFreeMsg$25)
                  00009a7c    0000000e     ICall.obj (.text:ICall_primGetTicks$25)
                  00009a8a    0000000e     driverlib.lib : vims.obj (.text:NOROM_VIMSModeGet)
                  00009a98    0000000e     util.obj (.text:Util_constructQueue)
                  00009aa6    0000000e     rtsv7M3_T_le_eabi.lib : copy_decompress_none.obj (.text:decompress:none)
                  00009ab4    0000000e     ICallBleAPI.obj (.text:matchGSARegisterServiceCS$27)
                  00009ac2    0000000e     ICallBleAPI.obj (.text:matchGapLinkEstCS$27)
                  00009ad0    0000000e     ICallBleAPI.obj (.text:matchLinkDBNumConnsCS$27)
                  00009ade    0000000e     sensor.obj (.text:sensorReadReg)
                  00009aec    0000000e     ICallBleAPI.obj (.text:setDispatchCmdEvtHdr$27)
                  00009afa    0000000c     ICall.obj (.text:ICall_clockFunc$25)
                  00009b06    0000000c     ICall.obj (.text:ICall_primDisableInt$25)
                  00009b12    0000000c     ICall.obj (.text:ICall_primEnableInt$25)
                  00009b1e    0000000c     ICall.obj (.text:ICall_primFree$25)
                  00009b2a    0000000c     ICall.obj (.text:ICall_primSignal$25)
                  00009b36    0000000c     driverlib.lib : cpu.obj (.text:NOROM_CPUcpsid)
                  00009b42    0000000c                   : cpu.obj (.text:NOROM_CPUcpsie)
                  00009b4e    00000002     --HOLE-- [fill = 0]
                  00009b50    0000000c     bsp_i2c.obj (.text:bspI2cDeselect)
                  00009b5c    0000000c     rtsv7M3_T_le_eabi.lib : copy_zero_init.obj (.text:decompress:ZI)
                  00009b68    0000000c     ICallBleAPI.obj (.text:matchProfileSetParamCS$27)
                  00009b74    0000000c     sensor.obj (.text:sensorTestResult)
                  00009b80    0000000c     SPICC26XXDMA.obj (.text:spiPostNotify$23)
                  00009b8c    0000000c     sysbios.aem3 : mangled__BIOS_lib.obj (.text:ti_sysbios_BIOS_getThreadType__E)
                  00009b98    0000000c                  : mangled__BIOS_lib.obj (.text:ti_sysbios_family_arm_cc26xx_Power_getDependencyCount__E)
                  00009ba4    0000000c                  : mangled__BIOS_lib.obj (.text:ti_sysbios_family_arm_cc26xx_Power_getTransitionState__E)
                  00009bb0    0000000c                  : mangled__BIOS_lib.obj (.text:ti_sysbios_hal_Hwi_Params__init__S)
                  00009bbc    0000000c     appBLE_pem3.oem3 (.text:xdc_runtime_Startup_reset__I)
                  00009bc8    0000000a     I2C.obj (.text:I2C_close)
                  00009bd2    0000000a     I2C.obj (.text:I2C_transfer)
                  00009bdc    0000000a     ICallCC2650.obj (.text:ICallPlatform_pwrSwitchXOSCHF)
                  00009be6    0000000a     ICall.obj (.text:ICall_primE2S$25)
                  00009bf0    0000000a     SPI.obj (.text:SPI_transfer)
                  00009bfa    0000000a     SensorTag.obj (.text:SensorTag_charValueChangeCB)
                  00009c04    0000000a     SensorTag.obj (.text:SensorTag_stateChangeCB$0)
                  00009c0e    0000000a     UDMACC26XX.obj (.text:UDMACC26XX_hwiIntFxn)
                  00009c18    00000008     I2CCC26XX.obj (.text:I2CCC26XX_blockingCallback$20)
                  00009c20    00000008     SPICC26XXDMA.obj (.text:SPICC26XXDMA_transferCallback$23)
                  00009c28    00000008     SensorTag_ConnCtrl.obj (.text:ccChangeCB$2)
                  00009c30    00000008     SensorTag_IO.obj (.text:ioChangeCB$4)
                  00009c38    00000008     oad.obj (.text:oadReadAttrCB$38)
                  00009c40    00000008     SensorTag_Mov.obj (.text:sensorChangeCB$6)
                  00009c48    00000008     SensorTag_Bar.obj (.text:sensorConfigChangeCB$1)
                  00009c50    00000008     SensorTag_Hum.obj (.text:sensorConfigChangeCB$3)
                  00009c58    00000008     SensorTag_Opt.obj (.text:sensorConfigChangeCB$7)
                  00009c60    00000008     SensorTag_Tmp.obj (.text:sensorConfigChangeCB$8)
                  00009c68    00000006     I2CCC26XX.obj (.text:I2CCC26XX_control)
                  00009c6e    00000006     driverlib.lib : cpu.obj (.text:NOROM_CPUdelay)
                  00009c74    00000006     PINCC26XX.obj (.text:PIN_registerIntCb)
                  00009c7a    00000006     ICallBleAPI.obj (.text:matchGGSSetParamCS$27)
                  00009c80    00000006     ICallBleAPI.obj (.text:matchGapDeviceInitCS$27)
                  00009c86    00000006     ICallBleAPI.obj (.text:matchGapEndDiscoverableCS$27)
                  00009c8c    00000006     ICallBleAPI.obj (.text:matchGapGetParamCS$27)
                  00009c92    00000006     ICallBleAPI.obj (.text:matchGapMakeDiscoverableCS$27)
                  00009c98    00000006     ICallBleAPI.obj (.text:matchGapSetParamCS$27)
                  00009c9e    00000006     ICallBleAPI.obj (.text:matchGapTerminateAuthCS$27)
                  00009ca4    00000006     ICallBleAPI.obj (.text:matchGapTerminateLinkReqCS$27)
                  00009caa    00000006     ICallBleAPI.obj (.text:matchGapUpdateAdvDataCS$27)
                  00009cb0    00000006     ICallBleAPI.obj (.text:matchGapUpdateLinkParamReqCS$27)
                  00009cb6    00000006     ICallBleAPI.obj (.text:matchUtilNvReadCS$27)
                  00009cbc    00000006     ICallBleAPI.obj (.text:matchUtilNvWriteCS$27)
                  00009cc2    00000004     sysbios.aem3 : mangled__BIOS_lib.obj (.text:CPUwfi$27)
                  00009cc6    00000004     ICall.obj (.text:ICall_primAbort$25)
                  00009cca    00000004     util.obj (.text:Util_startClock)
                  00009cce    00000004     util.obj (.text:Util_stopClock)
                  00009cd2    00000004     appBLE_pem3.oem3 (.text:ti_sysbios_family_arm_cc26xx_Power_NOP)
                  00009cd6    00000004     sysbios.aem3 : mangled__BIOS_lib.obj (.text:ti_sysbios_knl_Clock_isActive__E)
                  00009cda    00000004                  : mangled__BIOS_lib.obj (.text:ti_sysbios_knl_Clock_setPeriod__E)
                  00009cde    00000002     --HOLE-- [fill = 0]
                  00009ce0    00000008     (.tramp.xdc_runtime_Core_assignParams__I.1)
                  00009ce8    00000008     (.tramp.ti_sysbios_hal_Hwi_enableInterrupt__E.1)
                  00009cf0    00000008     (.tramp.ti_sysbios_hal_Hwi_disableInterrupt__E.1)
                  00009cf8    00000008     (.tramp.ti_sysbios_knl_Queue_construct.1)
                  00009d00    00000008     (.tramp.ti_sysbios_knl_Task_enable__E.1)
                  00009d08    00000008     (.tramp.ti_sysbios_family_arm_m3_Hwi_enableFxn__E.1)
                  00009d10    00000008     (.tramp.xdc_runtime_Startup_startMods__I.1)
                  00009d18    00000008     (.tramp.ti_sysbios_knl_Swi_post__E.1)
                  00009d20    00000008     (.tramp.ti_sysbios_knl_Clock_logTick__E.1)
                  00009d28    00000008     (.tramp.ti_sysbios_BIOS_RtsGateProxy_leave__E.1)
                  00009d30    00000008     (.tramp.ti_sysbios_BIOS_RtsGateProxy_enter__E.1)
                  00009d38    00000008     (.tramp.ti_sysbios_knl_Task_startup__E.1)
                  00009d40    00000008     (.tramp.ti_sysbios_knl_Swi_startup__E.1)
                  00009d48    00000008     (.tramp.ti_sysbios_hal_Hwi_startup__E.1)
                  00009d50    00000008     (.tramp.ti_sysbios_family_arm_cc26xx_Timer_startup__E.1)
                  00009d58    00000008     (.tramp.xdc_runtime_System_atexit__E.1)
                  00009d60    00000008     (.tramp.ti_sysbios_knl_Queue_put__E.1)
                  00009d68    00000008     (.tramp.ti_sysbios_BIOS_setThreadType__E.1)
                  00009d70    00000008     (.tramp.ti_sysbios_hal_Hwi_create.1)
                  00009d78    00000008     (.tramp.ti_sysbios_knl_Task_construct.1)
                  00009d80    00000008     (.tramp.xdc_runtime_System_exit__E.1)
                  00009d88    00000008     (.tramp.ti_sysbios_knl_Clock_construct.1)
                  00009d90    00000008     (.tramp.ti_sysbios_knl_Semaphore_create.1)
                  00009d98    00000008     (.tramp.ti_sysbios_BIOS_getCpuFreq__E.1)
                  00009da0    00000008     (.tramp.ti_sysbios_knl_Task_create.1)
                  00009da8    00000008     (.tramp.ti_sysbios_knl_Task_Params__init__S.1)
                  00009db0    00000008     (.tramp.ti_sysbios_BIOS_start__E.1)
                  00009db8    00000008     (.tramp.ti_sysbios_knl_Semaphore_destruct.1)
                  00009dc0    00000008     (.tramp.ti_sysbios_family_arm_m3_Hwi_destruct.1)
                  00009dc8    00000008     (.tramp.ti_sysbios_knl_Clock_create.1)
                  00009dd0    00000008     (.tramp.ti_sysbios_knl_Clock_Params__init__S.1)
                  00009dd8    00000008     (.tramp.ti_sysbios_knl_Task_exit__E.1)
                  00009de0    00000008     (.tramp.ti_sysbios_knl_Queue_enqueue__E.1)
                  00009de8    00000008     (.tramp.ti_sysbios_knl_Queue_remove__E.1)
                  00009df0    00000008     (.tramp.ti_sysbios_knl_Clock_scheduleNextTick__E.1)
                  00009df8    00000008     (.tramp.ti_sysbios_knl_Clock_walkQueueDynamic__E.1)
                  00009e00    00000008     (.tramp.ti_sysbios_knl_Clock_TimerProxy_getCurrentTick__E.1)
                  00009e08    00000008     (.tramp.ti_sysbios_family_arm_m3_Hwi_enableInterrupt__E.1)
                  00009e10    00000008     (.tramp.ti_sysbios_family_arm_m3_Hwi_disableInterrupt__E.1)
                  00009e18    00000008     (.tramp.ti_sysbios_knl_Clock_setTimeout__E.1)
                  00009e20    00000008     (.tramp.ti_sysbios_knl_Semaphore_post__E.1)
                  00009e28    00000008     (.tramp.ti_sysbios_knl_Clock_getTicks__E.1)
                  00009e30    00000008     (.tramp.ti_sysbios_knl_Task_self__E.1)
                  00009e38    00000008     (.tramp.ti_sysbios_family_arm_m3_Hwi_construct.1)
                  00009e40    00000008     (.tramp.ti_sysbios_family_arm_m3_Hwi_Params__init__S.1)
                  00009e48    00000008     (.tramp.ti_sysbios_knl_Semaphore_construct.1)
                  00009e50    00000008     (.tramp.ti_sysbios_knl_Semaphore_Params__init__S.1)
                  00009e58    00000008     (.tramp.ti_sysbios_knl_Semaphore_pend__E.1)
                  00009e60    00000008     (.tramp.ti_sysbios_family_arm_m3_Hwi_restoreFxn__E.1)
                  00009e68    00000008     (.tramp.ti_sysbios_family_arm_m3_Hwi_disableFxn__E.1)
                  00009e70    00000008     (.tramp.ti_sysbios_knl_Task_restore__E.1)
                  00009e78    00000008     (.tramp.ti_sysbios_knl_Swi_restore__E.1)
                  00009e80    00000008     (.tramp.ti_sysbios_knl_Swi_disable__E.1)
                  00009e88    00000008     (.tramp.ti_sysbios_knl_Queue_next__E.1)
                  00009e90    00000008     (.tramp.ti_sysbios_knl_Queue_head__E.1)
                  00009e98    00000008     (.tramp.ti_sysbios_knl_Task_disable__E.1)
                  00009ea0    00000008     (.tramp.ti_sysbios_knl_Task_sleep__E.1)
                  00009ea8    00000008     (.tramp.ti_sysbios_knl_Clock_start__E.1)
                  00009eb0    00000008     (.tramp.ti_sysbios_knl_Clock_stop__E.1)
                  00009eb8    00000008     (.tramp.ti_sysbios_knl_Queue_dequeue__E.1)
                  00009ec0    00000008     (.tramp.ti_sysbios_knl_Queue_empty__E.1)

.const     0    00009ec8    000006d4     
                  00009ec8    000000bc     ICall.obj (.const:$O22$$)
                  00009f84    0000005c     SensorTag.obj (.const:$O2$$)
                  00009fe0    0000004c     appBLE_pem3.oem3 (.const:ti_sysbios_family_arm_cc26xx_Power_db)
                  0000a02c    00000048     appBLE_pem3.oem3 (.const:.string)
                  0000a074    00000038     SPICC26XXDMA.obj (.const:$O20$$)
                  0000a0ac    0000002c     gatt_uuid.obj (.const:$O28$$)
                  0000a0d8    0000002c     oad.obj (.const:$O34$$)
                  0000a104    00000028     Board.obj (.const:spiCC26XXDMAHWAttrs)
                  0000a12c    00000028     appBLE_pem3.oem3 (.const:xdc_runtime_Startup_sfxnTab__A)
                  0000a154    00000027     bleUserConfig.obj (.const:txPowerTable)
                  0000a17b    00000001     ICallCC2650.obj (.const:events$1$26)
                  0000a17c    00000024     Board.obj (.const:SPI_config)
                  0000a1a0    00000020     SPI.obj (.const:SPI_defaultParams)
                  0000a1c0    0000001c     SPICC26XXDMA.obj (.const:SPICC26XXDMA_fxnTable)
                  0000a1dc    00000018     Board.obj (.const:I2C_config)
                  0000a1f4    00000014     I2CCC26XX.obj (.const:I2CCC26XX_fxnTable)
                  0000a208    00000014     appBLE_pem3.oem3 (.const:xdc_runtime_Startup_sfxnRts__A)
                  0000a21c    00000010     ccservice.obj (.const:.string:ccServiceServUUID)
                  0000a22c    00000010     ccservice.obj (.const:.string:ccServicechar1UUID)
                  0000a23c    00000010     ccservice.obj (.const:.string:ccServicechar2UUID)
                  0000a24c    00000010     ccservice.obj (.const:.string:ccServicechar3UUID)
                  0000a25c    00000010     ioservice.obj (.const:.string:ioConfUUID)
                  0000a26c    00000010     ioservice.obj (.const:.string:ioDataUUID)
                  0000a27c    00000010     ioservice.obj (.const:.string:ioServUUID)
                  0000a28c    00000010     oad.obj (.const:.string:oadServUUID$38)
                  0000a29c    00000010     registerservice.obj (.const:.string:registerAddressUUID$42)
                  0000a2ac    00000010     registerservice.obj (.const:.string:registerDataUUID$42)
                  0000a2bc    00000010     registerservice.obj (.const:.string:registerDeviceIDUUID$42)
                  0000a2cc    00000010     barometerservice.obj (.const:.string:sensorCfgUUID$29)
                  0000a2dc    00000010     humidityservice.obj (.const:.string:sensorCfgUUID$34)
                  0000a2ec    00000010     irtempservice.obj (.const:.string:sensorCfgUUID$36)
                  0000a2fc    00000010     movementservice.obj (.const:.string:sensorCfgUUID$37)
                  0000a30c    00000010     opticservice.obj (.const:.string:sensorCfgUUID$40)
                  0000a31c    00000010     barometerservice.obj (.const:.string:sensorDataUUID$29)
                  0000a32c    00000010     humidityservice.obj (.const:.string:sensorDataUUID$34)
                  0000a33c    00000010     irtempservice.obj (.const:.string:sensorDataUUID$36)
                  0000a34c    00000010     movementservice.obj (.const:.string:sensorDataUUID$37)
                  0000a35c    00000010     opticservice.obj (.const:.string:sensorDataUUID$40)
                  0000a36c    00000010     barometerservice.obj (.const:.string:sensorPeriodUUID$29)
                  0000a37c    00000010     humidityservice.obj (.const:.string:sensorPeriodUUID$34)
                  0000a38c    00000010     irtempservice.obj (.const:.string:sensorPeriodUUID$36)
                  0000a39c    00000010     movementservice.obj (.const:.string:sensorPeriodUUID$37)
                  0000a3ac    00000010     opticservice.obj (.const:.string:sensorPeriodUUID$40)
                  0000a3bc    00000010     barometerservice.obj (.const:.string:sensorServiceUUID$29)
                  0000a3cc    00000010     humidityservice.obj (.const:.string:sensorServiceUUID$34)
                  0000a3dc    00000010     irtempservice.obj (.const:.string:sensorServiceUUID$36)
                  0000a3ec    00000010     movementservice.obj (.const:.string:sensorServiceUUID$37)
                  0000a3fc    00000010     opticservice.obj (.const:.string:sensorServiceUUID$40)
                  0000a40c    00000010     registerservice.obj (.const:.string:sensorServiceUUID$42)
                  0000a41c    00000010     I2C.obj (.const:I2C_defaultParams)
                  0000a42c    00000010     Board.obj (.const:UDMACC26XX_config)
                  0000a43c    00000010     Board.obj (.const:i2cCC26xxHWAttrs)
                  0000a44c    0000000d     oad.obj (.const:.string:oadImgIdentifyDesc$38)
                  0000a459    00000002     devinfoservice.obj (.const:.string:devInfo11073CertUUID)
                  0000a45b    00000001     appBLE_pem3.oem3 (.const:xdc_runtime_Text_charTab__A)
                  0000a45c    0000000c     ccservice.obj (.const:ccServiceCBs)
                  0000a468    0000000c     devinfoservice.obj (.const:devInfoCBs)
                  0000a474    0000000c     ioservice.obj (.const:ioCBs)
                  0000a480    0000000c     barometerservice.obj (.const:sensorCBs$29)
                  0000a48c    0000000c     humidityservice.obj (.const:sensorCBs$34)
                  0000a498    0000000c     irtempservice.obj (.const:sensorCBs$36)
                  0000a4a4    0000000c     movementservice.obj (.const:sensorCBs$37)
                  0000a4b0    0000000c     opticservice.obj (.const:sensorCBs$40)
                  0000a4bc    0000000c     registerservice.obj (.const:sensorCBs$42)
                  0000a4c8    0000000c     simplekeys.obj (.const:skCBs)
                  0000a4d4    0000000c     appBLE_pem3.oem3 (.const:xdc_runtime_Startup_firstFxns__A)
                  0000a4e0    0000000a     oad.obj (.const:.string:oadImgBlockDesc$38)
                  0000a4ea    00000002     devinfoservice.obj (.const:.string:devInfoFirmwareRevUUID)
                  0000a4ec    00000008     ext_flash.obj (.const:$O11$$)
                  0000a4f4    00000008     I2CCC26XX.obj (.const:bitRate$20)
                  0000a4fc    00000008     ccservice.obj (.const:ccServiceService$30)
                  0000a504    00000008     devinfoservice.obj (.const:devInfoService$31)
                  0000a50c    00000008     ioservice.obj (.const:ioService$35)
                  0000a514    00000008     oad.obj (.const:oadService$38)
                  0000a51c    00000008     barometerservice.obj (.const:sensorService$29)
                  0000a524    00000008     humidityservice.obj (.const:sensorService$34)
                  0000a52c    00000008     irtempservice.obj (.const:sensorService$36)
                  0000a534    00000008     movementservice.obj (.const:sensorService$37)
                  0000a53c    00000008     opticservice.obj (.const:sensorService$40)
                  0000a544    00000008     registerservice.obj (.const:sensorService$42)
                  0000a54c    00000008     simplekeys.obj (.const:skService$43)
                  0000a554    00000008     Board.obj (.const:udmaHWAttrs)
                  0000a55c    00000006     bleUserConfig.obj (.const:txPwrTbl)
                  0000a562    00000002     devinfoservice.obj (.const:.string:devInfoHardwareRevUUID)
                  0000a564    00000004     appBLE_pem3.oem3 (.const:ti_sysbios_family_arm_cc26xx_Power_Module_State_clockObj__O)
                  0000a568    00000004     appBLE_pem3.oem3 (.const:ti_sysbios_family_arm_cc26xx_Power_Module_State_lfClockObj__O)
                  0000a56c    00000004     appBLE_pem3.oem3 (.const:ti_sysbios_family_arm_cc26xx_Power_Module_State_notifyQ__O)
                  0000a570    00000004     appBLE_pem3.oem3 (.const:ti_sysbios_family_arm_cc26xx_Power_notifyTrapFunc__C)
                  0000a574    00000004     appBLE_pem3.oem3 (.const:ti_sysbios_family_arm_cc26xx_Power_totalTicksSTANDBY__C)
                  0000a578    00000004     appBLE_pem3.oem3 (.const:ti_sysbios_family_arm_cc26xx_Power_wakeDelaySTANDBY__C)
                  0000a57c    00000004     appBLE_pem3.oem3 (.const:ti_sysbios_family_arm_m3_Hwi_disablePriority__C)
                  0000a580    00000004     appBLE_pem3.oem3 (.const:ti_sysbios_knl_Clock_tickPeriod__C)
                  0000a584    00000004     appBLE_pem3.oem3 (.const:ti_sysbios_knl_Idle_funcList__A)
                  0000a588    00000002     devinfoservice.obj (.const:.string:devInfoMfrNameUUID)
                  0000a58a    00000002     devinfoservice.obj (.const:.string:devInfoModelNumberUUID)
                  0000a58c    00000002     devinfoservice.obj (.const:.string:devInfoPnpIdUUID)
                  0000a58e    00000002     devinfoservice.obj (.const:.string:devInfoSerialNumberUUID)
                  0000a590    00000002     devinfoservice.obj (.const:.string:devInfoServUUID)
                  0000a592    00000002     devinfoservice.obj (.const:.string:devInfoSoftwareRevUUID)
                  0000a594    00000002     devinfoservice.obj (.const:.string:devInfoSystemIdUUID)
                  0000a596    00000002     simplekeys.obj (.const:.string:keyPressedUUID)
                  0000a598    00000002     simplekeys.obj (.const:.string:skServUUID)
                  0000a59a    00000002     bsp_i2c.obj (.const:pinCfg1$16)

.cinit     0    0000a5a0    000006e0     
                  0000a5a0    00000553     (.cinit..data.load) [load image, compression = lzss]
                  0000aaf3    0000002a     (.cinit..data:ti_sysbios_family_arm_m3_Hwi_Module__state__V.load) [load image, compression = lzss]
                  0000ab1d    00000021     (.cinit..data:ti_sysbios_knl_Task_Module__state__V.load) [load image, compression = lzss]
                  0000ab3e    0000001f     (.cinit..data:ti_sysbios_BIOS_Module__state__V.load) [load image, compression = lzss]
                  0000ab5d    0000001f     (.cinit..data:ti_sysbios_knl_Clock_Module__state__V.load) [load image, compression = lzss]
                  0000ab7c    00000010     (.cinit..data:ti_sysbios_knl_Swi_Module__state__V.load) [load image, compression = lzss]
                  0000ab8c    0000000c     (__TI_handler_table)
                  0000ab98    0000000b     (.cinit..data:ti_sysbios_family_arm_cc26xx_Timer_Module__state__V.load) [load image, compression = lzss]
                  0000aba3    00000005     --HOLE-- [fill = 0]
                  0000aba8    00000008     (.cinit..TI.bound:dmaRxControlTableEntry0$23.load) [load image, compression = zero_init]
                  0000abb0    00000008     (.cinit..TI.bound:dmaRxControlTableEntry1$23.load) [load image, compression = zero_init]
                  0000abb8    00000008     (.cinit..TI.bound:dmaTxControlTableEntry0$23.load) [load image, compression = zero_init]
                  0000abc0    00000008     (.cinit..TI.bound:dmaTxControlTableEntry1$23.load) [load image, compression = zero_init]
                  0000abc8    00000008     (.cinit..bss.load) [load image, compression = zero_init]
                  0000abd0    00000008     (.cinit..data:xdc_runtime_Memory_Module__state__V.load) [load image, compression = lzss]
                  0000abd8    00000008     (.cinit..vecs.load) [load image, compression = zero_init]
                  0000abe0    00000007     (.cinit..data:ti_sysbios_family_arm_cc26xx_TimestampProvider_Module__state__V.load) [load image, compression = lzss]
                  0000abe7    00000007     (.cinit..data:xdc_runtime_Startup_Module__state__V.load) [load image, compression = lzss]
                  0000abee    00000007     (.cinit..data:xdc_runtime_System_Module__state__V.load) [load image, compression = lzss]
                  0000abf5    00000003     --HOLE-- [fill = 0]
                  0000abf8    00000088     (__TI_cinit_table)

.init_array 
*          0    00000000    00000000     UNINITIALIZED

.resetVecs 
*          0    00000000    0000003c     
                  00000000    0000003c     appBLE_pem3.oem3 (.resetVecs)

.ccfg      0    0000003c    00000058     
                  0000003c    00000058     ccfg_appBLE.obj (.ccfg:retain)

.const:ti_sysbios_knl_Task_Object__PARAMS__C 
*          0    00000100    0000003c     
                  00000100    0000003c     appBLE_pem3.oem3 (.const:ti_sysbios_knl_Task_Object__PARAMS__C)

.const:ti_sysbios_knl_Mailbox_Object__PARAMS__C 
*          0    0000013c    00000034     
                  0000013c    00000034     appBLE_pem3.oem3 (.const:ti_sysbios_knl_Mailbox_Object__PARAMS__C)

.const:ti_sysbios_family_arm_m3_Hwi_Object__PARAMS__C 
*          0    00000170    00000030     
                  00000170    00000030     appBLE_pem3.oem3 (.const:ti_sysbios_family_arm_m3_Hwi_Object__PARAMS__C)

.const:ti_sysbios_hal_Hwi_Object__PARAMS__C 
*          0    000001a0    0000002c     
                  000001a0    0000002c     appBLE_pem3.oem3 (.const:ti_sysbios_hal_Hwi_Object__PARAMS__C)

.const:ti_sysbios_heaps_HeapMem_Module__FXNS__C 
*          0    000001cc    00000028     
                  000001cc    00000028     appBLE_pem3.oem3 (.const:ti_sysbios_heaps_HeapMem_Module__FXNS__C)

.const:ti_sysbios_knl_Swi_Object__PARAMS__C 
*          0    000001f4    00000028     
                  000001f4    00000028     appBLE_pem3.oem3 (.const:ti_sysbios_knl_Swi_Object__PARAMS__C)

.const:ti_sysbios_gates_GateHwi_Module__FXNS__C 
*          0    0000021c    00000024     
                  0000021c    00000024     appBLE_pem3.oem3 (.const:ti_sysbios_gates_GateHwi_Module__FXNS__C)

.const:ti_sysbios_gates_GateMutex_Module__FXNS__C 
*          0    00000240    00000024     
                  00000240    00000024     appBLE_pem3.oem3 (.const:ti_sysbios_gates_GateMutex_Module__FXNS__C)

.const:ti_sysbios_heaps_HeapMem_Object__PARAMS__C 
*          0    00000264    00000024     
                  00000264    00000024     appBLE_pem3.oem3 (.const:ti_sysbios_heaps_HeapMem_Object__PARAMS__C)

.const:ti_sysbios_knl_Clock_Object__PARAMS__C 
*          0    00000288    00000024     
                  00000288    00000024     appBLE_pem3.oem3 (.const:ti_sysbios_knl_Clock_Object__PARAMS__C)

.const:ti_sysbios_knl_Semaphore_Object__PARAMS__C 
*          0    000002ac    00000024     
                  000002ac    00000024     appBLE_pem3.oem3 (.const:ti_sysbios_knl_Semaphore_Object__PARAMS__C)

.const:ti_sysbios_family_arm_m3_Hwi_Object__DESC__C 
*          0    000002d0    00000020     
                  000002d0    00000020     appBLE_pem3.oem3 (.const:ti_sysbios_family_arm_m3_Hwi_Object__DESC__C)

.const:ti_sysbios_gates_GateHwi_Object__DESC__C 
*          0    000002f0    00000020     
                  000002f0    00000020     appBLE_pem3.oem3 (.const:ti_sysbios_gates_GateHwi_Object__DESC__C)

.const:ti_sysbios_gates_GateMutex_Object__DESC__C 
*          0    00000310    00000020     
                  00000310    00000020     appBLE_pem3.oem3 (.const:ti_sysbios_gates_GateMutex_Object__DESC__C)

.const:ti_sysbios_hal_Hwi_Object__DESC__C 
*          0    00000330    00000020     
                  00000330    00000020     appBLE_pem3.oem3 (.const:ti_sysbios_hal_Hwi_Object__DESC__C)

.const:ti_sysbios_heaps_HeapMem_Object__DESC__C 
*          0    00000350    00000020     
                  00000350    00000020     appBLE_pem3.oem3 (.const:ti_sysbios_heaps_HeapMem_Object__DESC__C)

.const:ti_sysbios_knl_Clock_Object__DESC__C 
*          0    00000370    00000020     
                  00000370    00000020     appBLE_pem3.oem3 (.const:ti_sysbios_knl_Clock_Object__DESC__C)

.const:ti_sysbios_knl_Mailbox_Object__DESC__C 
*          0    00000390    00000020     
                  00000390    00000020     appBLE_pem3.oem3 (.const:ti_sysbios_knl_Mailbox_Object__DESC__C)

.const:ti_sysbios_knl_Queue_Object__DESC__C 
*          0    000003b0    00000020     
                  000003b0    00000020     appBLE_pem3.oem3 (.const:ti_sysbios_knl_Queue_Object__DESC__C)

.const:ti_sysbios_knl_Semaphore_Object__DESC__C 
*          0    000003d0    00000020     
                  000003d0    00000020     appBLE_pem3.oem3 (.const:ti_sysbios_knl_Semaphore_Object__DESC__C)

.const:ti_sysbios_knl_Swi_Object__DESC__C 
*          0    000003f0    00000020     
                  000003f0    00000020     appBLE_pem3.oem3 (.const:ti_sysbios_knl_Swi_Object__DESC__C)

.const:ti_sysbios_knl_Task_Object__DESC__C 
*          0    00000410    00000020     
                  00000410    00000020     appBLE_pem3.oem3 (.const:ti_sysbios_knl_Task_Object__DESC__C)

.const:ti_sysbios_gates_GateHwi_Object__PARAMS__C 
*          0    00000430    00000018     
                  00000430    00000018     appBLE_pem3.oem3 (.const:ti_sysbios_gates_GateHwi_Object__PARAMS__C)

.const:ti_sysbios_gates_GateMutex_Object__PARAMS__C 
*          0    00000448    00000018     
                  00000448    00000018     appBLE_pem3.oem3 (.const:ti_sysbios_gates_GateMutex_Object__PARAMS__C)

.const:ti_sysbios_knl_Queue_Object__PARAMS__C 
*          0    00000460    00000018     
                  00000460    00000018     appBLE_pem3.oem3 (.const:ti_sysbios_knl_Queue_Object__PARAMS__C)

.const:ti_sysbios_knl_Idle_funcList__C 
*          0    00000478    00000008     
                  00000478    00000008     appBLE_pem3.oem3 (.const:ti_sysbios_knl_Idle_funcList__C)

.const:ti_sysbios_family_arm_cc26xx_Timer_startupNeeded__C 
*          0    00000484    00000004     
                  00000484    00000004     appBLE_pem3.oem3 (.const:ti_sysbios_family_arm_cc26xx_Timer_startupNeeded__C)

.const:ti_sysbios_family_arm_m3_Hwi_E_alreadyDefined__C 
*          0    00000488    00000004     
                  00000488    00000004     appBLE_pem3.oem3 (.const:ti_sysbios_family_arm_m3_Hwi_E_alreadyDefined__C)

.const:ti_sysbios_family_arm_m3_Hwi_E_hwiLimitExceeded__C 
*          0    0000048c    00000004     
                  0000048c    00000004     appBLE_pem3.oem3 (.const:ti_sysbios_family_arm_m3_Hwi_E_hwiLimitExceeded__C)

.const:ti_sysbios_family_arm_m3_Hwi_NUM_INTERRUPTS__C 
*          0    00000490    00000004     
                  00000490    00000004     appBLE_pem3.oem3 (.const:ti_sysbios_family_arm_m3_Hwi_NUM_INTERRUPTS__C)

.const:ti_sysbios_family_arm_m3_Hwi_Object__count__C 
*          0    00000494    00000004     
                  00000494    00000004     appBLE_pem3.oem3 (.const:ti_sysbios_family_arm_m3_Hwi_Object__count__C)

.const:ti_sysbios_family_arm_m3_Hwi_Object__table__C 
*          0    00000498    00000004     
                  00000498    00000004     appBLE_pem3.oem3 (.const:ti_sysbios_family_arm_m3_Hwi_Object__table__C)

.const:ti_sysbios_family_arm_m3_Hwi_ccr__C 
*          0    0000049c    00000004     
                  0000049c    00000004     appBLE_pem3.oem3 (.const:ti_sysbios_family_arm_m3_Hwi_ccr__C)

.const:ti_sysbios_family_arm_m3_Hwi_excHandlerFunc__C 
*          0    000004a0    00000004     
                  000004a0    00000004     appBLE_pem3.oem3 (.const:ti_sysbios_family_arm_m3_Hwi_excHandlerFunc__C)

.const:ti_sysbios_family_arm_m3_Hwi_nullIsrFunc__C 
*          0    000004a4    00000004     
                  000004a4    00000004     appBLE_pem3.oem3 (.const:ti_sysbios_family_arm_m3_Hwi_nullIsrFunc__C)

.const:ti_sysbios_family_arm_m3_Hwi_numSparseInterrupts__C 
*          0    000004a8    00000004     
                  000004a8    00000004     appBLE_pem3.oem3 (.const:ti_sysbios_family_arm_m3_Hwi_numSparseInterrupts__C)

.const:ti_sysbios_family_arm_m3_Hwi_priGroup__C 
*          0    000004ac    00000004     
                  000004ac    00000004     appBLE_pem3.oem3 (.const:ti_sysbios_family_arm_m3_Hwi_priGroup__C)

.const:ti_sysbios_family_arm_m3_TaskSupport_stackAlignment__C 
*          0    000004b0    00000004     
                  000004b0    00000004     appBLE_pem3.oem3 (.const:ti_sysbios_family_arm_m3_TaskSupport_stackAlignment__C)

.const:ti_sysbios_heaps_HeapMem_E_memory__C 
*          0    000004b4    00000004     
                  000004b4    00000004     appBLE_pem3.oem3 (.const:ti_sysbios_heaps_HeapMem_E_memory__C)

.const:ti_sysbios_heaps_HeapMem_Module__gateObj__C 
*          0    000004b8    00000004     
                  000004b8    00000004     appBLE_pem3.oem3 (.const:ti_sysbios_heaps_HeapMem_Module__gateObj__C)

.const:ti_sysbios_heaps_HeapMem_Object__count__C 
*          0    000004bc    00000004     
                  000004bc    00000004     appBLE_pem3.oem3 (.const:ti_sysbios_heaps_HeapMem_Object__count__C)

.const:ti_sysbios_heaps_HeapMem_Object__table__C 
*          0    000004c0    00000004     
                  000004c0    00000004     appBLE_pem3.oem3 (.const:ti_sysbios_heaps_HeapMem_Object__table__C)

.const:ti_sysbios_heaps_HeapMem_reqAlign__C 
*          0    000004c4    00000004     
                  000004c4    00000004     appBLE_pem3.oem3 (.const:ti_sysbios_heaps_HeapMem_reqAlign__C)

.const:ti_sysbios_knl_Clock_serviceMargin__C 
*          0    000004c8    00000004     
[...]
1001c21f  ti_sysbios_gates_GateHwi_leave__E                                         
1001c225  ti_sysbios_knl_Clock_stop__E                                              
1001c22b  ti_sysbios_knl_Queue_Instance_init__E                                     
1001c231  ti_sysbios_knl_Queue_elemClear__E                                         
1001c237  ti_sysbios_knl_Swi_Module_startup__E                                      
1001c23d  ti_sysbios_knl_Swi_startup__E                                             
1001c243  ti_sysbios_knl_Task_enable__E                                             
1001c249  ti_sysbios_BIOS_RtsGateProxy_enter__E                                     
1001c24d  ti_sysbios_BIOS_RtsGateProxy_leave__E                                     
1001c251  ti_sysbios_family_arm_cc26xx_Timer_getExpiredTicks__E                     
1001c255  ti_sysbios_family_arm_cc26xx_Timer_getPeriod__E                           
1001c259  ti_sysbios_family_arm_cc26xx_Timer_setPeriod__E                           
1001c25d  ti_sysbios_family_arm_m3_Hwi_delete                                       
1001c261  ti_sysbios_family_arm_m3_Hwi_destruct                                     
1001c265  ti_sysbios_family_arm_m3_TaskSupport_Module__startupDone__S               
1001c269  ti_sysbios_gates_GateHwi_query__E                                         
1001c269  xdc_runtime_System_Module_GateProxy_query__E                              
1001c26d  ti_sysbios_gates_GateMutex_delete                                         
1001c271  ti_sysbios_gates_GateMutex_destruct                                       
1001c275  ti_sysbios_BIOS_RtsGateProxy_query__E                                     
1001c275  ti_sysbios_gates_GateMutex_query__E                                       
1001c275  ti_sysbios_heaps_HeapMem_Module_GateProxy_query__E                        
1001c279  ti_sysbios_hal_Hwi_HwiProxy_Module__startupDone__S                        
1001c27d  ti_sysbios_hal_Hwi_HwiProxy_delete                                        
1001c281  ti_sysbios_hal_Hwi_HwiProxy_disableInterrupt__E                           
1001c281  ti_sysbios_hal_Hwi_disableInterrupt__E                                    
1001c285  ti_sysbios_hal_Hwi_HwiProxy_enableInterrupt__E                            
1001c285  ti_sysbios_hal_Hwi_enableInterrupt__E                                     
1001c289  ti_sysbios_hal_Hwi_HwiProxy_getStackInfo__E                               
1001c289  ti_sysbios_hal_Hwi_getStackInfo__E                                        
1001c28d  ti_sysbios_hal_Hwi_HwiProxy_startup__E                                    
1001c28d  ti_sysbios_hal_Hwi_startup__E                                             
1001c291  ti_sysbios_hal_Hwi_HwiProxy_switchFromBootStack__E                        
1001c295  ti_sysbios_hal_Hwi_delete                                                 
1001c299  ti_sysbios_hal_Hwi_switchFromBootStack__E                                 
1001c29d  ti_sysbios_heaps_HeapMem_Module_GateProxy_enter__E                        
1001c2a1  ti_sysbios_heaps_HeapMem_Module_GateProxy_leave__E                        
1001c2a5  ti_sysbios_heaps_HeapMem_isBlocking__E                                    
1001c2a9  ti_sysbios_knl_Clock_TimerProxy_Module__startupDone__S                    
1001c2ad  ti_sysbios_knl_Clock_TimerProxy_getExpiredTicks__E                        
1001c2b1  ti_sysbios_knl_Clock_TimerProxy_getPeriod__E                              
1001c2b5  ti_sysbios_knl_Clock_delete                                               
1001c2b9  ti_sysbios_knl_Clock_destruct                                             
1001c2bd  ti_sysbios_knl_Clock_removeI__E                                           
1001c2c1  ti_sysbios_knl_Clock_setTimeout__E                                        
1001c2c5  ti_sysbios_knl_Mailbox_delete                                             
1001c2c9  ti_sysbios_knl_Mailbox_destruct                                           
1001c2cd  ti_sysbios_knl_Queue_delete                                               
1001c2d1  ti_sysbios_knl_Queue_destruct                                             
1001c2d5  ti_sysbios_knl_Queue_head__E                                              
1001c2d9  ti_sysbios_knl_Queue_next__E                                              
1001c2dd  ti_sysbios_knl_Semaphore_delete                                           
1001c2e1  ti_sysbios_knl_Semaphore_destruct                                         
1001c2e5  ti_sysbios_knl_Swi_delete                                                 
1001c2e9  ti_sysbios_knl_Swi_destruct                                               
1001c2ed  ti_sysbios_knl_Swi_postInit__I                                            
1001c2f1  ti_sysbios_knl_Task_SupportProxy_Module__startupDone__S                   
1001c2f5  ti_sysbios_knl_Task_SupportProxy_getStackAlignment__E                     
1001c2f9  ti_sysbios_knl_Task_SupportProxy_start__E                                 
1001c2fd  ti_sysbios_knl_Task_SupportProxy_swap__E                                  
1001c301  ti_sysbios_knl_Task_delete                                                
1001c305  ti_sysbios_knl_Task_destruct                                              
1001c309  ti_sysbios_knl_Task_startup__E                                            
1001c30d  xdc_runtime_Startup_startMods__I                                          
1001c405  xdc_runtime_Core_createObject__I                                          
1001c487  xdc_runtime_Error_policySpin__E                                           
1001c489  xdc_runtime_Memory_alloc__E                                               
1001c4f9  xdc_runtime_Core_deleteObject__I                                          
1001c559  xdc_runtime_Startup_exec__E                                               
1001c5a9  xdc_runtime_Assert_raise__I                                               
1001c5f1  xdc_runtime_Core_assignParams__I                                          
1001c639  xdc_runtime_Core_constructObject__I                                       
1001c681  xdc_runtime_System_atexit__E                                              
1001c6b9  xdc_runtime_System_processAtExit__E                                       
1001c6ed  xdc_runtime_Core_assignLabel__I                                           
1001c71d  xdc_runtime_Text_cordText__E                                              
1001c749  xdc_runtime_System_abort__E                                               
1001c769  xdc_runtime_Error_raiseX__E                                               
1001c785  xdc_runtime_Memory_valloc__E                                              
1001c7a1  xdc_runtime_Core_destructObject__I                                        
1001c7b9  xdc_runtime_Error_check__E                                                
1001c7d1  xdc_runtime_System_exit__E                                                
1001c7e9  xdc_runtime_Text_ropeText__E                                              
1001c801  xdc_runtime_Memory_free__E                                                
1001c811  xdc_runtime_SysCallback_abort__E                                          
1001c821  xdc_runtime_SysCallback_exit__E                                           
1001c831  xdc_runtime_Timestamp_SupportProxy_get32__E                               
1001c831  xdc_runtime_Timestamp_get32__E                                            
1001c841  xdc_runtime_Error_init__E                                                 
1001c84d  xdc_runtime_Memory_calloc__E                                              
1001c859  xdc_runtime_Memory_getMaxDefaultTypeAlign__E                              
1001c879  xdc_runtime_Gate_leaveSystem__E                                           
1001c87f  xdc_runtime_System_Module_startup__E                                      
1001c885  xdc_runtime_Gate_enterSystem__E                                           
1001c889  xdc_runtime_Memory_HeapProxy_alloc__E                                     
1001c88d  xdc_runtime_Memory_HeapProxy_free__E                                      
1001c891  xdc_runtime_System_Module_GateProxy_enter__E                              
1001c895  xdc_runtime_System_Module_GateProxy_leave__E                              
1001c899  xdc_runtime_System_abortSpin__E                                           
1001c89b  xdc_runtime_System_exitSpin__E                                            
1001c89d  ti_sysbios_family_arm_m3_Hwi_dispatch__I                                  
1001c96d  ti_sysbios_family_arm_m3_TaskSupport_buildTaskStack                       
1001c9b9  ti_sysbios_family_arm_m3_Hwi_initStacks__E                                
1001ca01  ti_sysbios_family_arm_m3_Hwi_excHandlerAsm__I                             
1001ca21  ti_sysbios_family_xxx_Hwi_switchAndRunFunc                                
1001ca3f  ti_sysbios_family_arm_m3_Hwi_pendSV__I                                    
1001ca57  ti_sysbios_family_arm_m3_Hwi_return                                       
1001ca59  ti_sysbios_family_arm_m3_TaskSupport_glue                                 
1001ca69  ti_sysbios_family_arm_m3_TaskSupport_swap__E                              
1001ca71  ti_sysbios_knl_Task_swapReturn                                            
1001ca9b  ti_sysbios_rom_cortexm_cc26xx_CC26xx_getRevision__E                       
20000000  ti_sysbios_family_arm_m3_Hwi_ramVectors                                   
20000100  ti_sysbios_knl_Task_Module__state__V                                      
20000144  ti_sysbios_family_arm_m3_Hwi_Module__state__V                             
20000178  ti_sysbios_knl_Clock_Module__state__V                                     
200001a4  ti_sysbios_BIOS_Module__state__V                                          
200001c8  ti_sysbios_knl_Swi_Module__state__V                                       
200001e4  ti_sysbios_family_arm_cc26xx_Timer_Module__state__V                       
200001ec  ti_sysbios_family_arm_cc26xx_TimestampProvider_Module__state__V           
200001f0  xdc_runtime_Startup_Module__state__V                                      
200001f8  xdc_runtime_System_Module__state__V                                       
20000200  xdc_runtime_Memory_Module__state__V                                       
20000520  gapProfileState                                                           
20000528  sem                                                                       
2000052c  hGpioPin                                                                  
20000548  pinGpioState                                                              
200009e4  linkDBNumConns                                                            
20000af8  gapRoleTask                                                               
20000b48  gapRoleTaskStack                                                          
2000176c  ICall_dispatcher                                                          
20001774  ICall_enterCriticalSection                                                
20001778  ICall_leaveCriticalSection                                                
20001d38  ti_sysbios_family_arm_cc26xx_Power_Module__state__V                       
20001e04  BoardGpioInitTable                                                        
20001f04  TSK_idle                                                                  
20001f04  ti_sysbios_knl_Task_Object__table__V                                      
20001f98  ti_sysbios_family_arm_cc26xx_Timer_Object__table__V                       
20001fe0  ti_sysbios_gates_GateMutex_Object__table__V                               
2000204c  rfRegTbl                                                                  
200020b0  ti_sysbios_family_arm_m3_Hwi_Object__table__V                             
200020e0  ti_sysbios_knl_Swi_Module_State_0_readyQ__A                               
20002110  ti_sysbios_knl_Swi_Object__table__V                                       
20002140  ti_sysbios_knl_Task_Module_State_0_readyQ__A                              
200021b8  user0Cfg                                                                  
200021ec  ti_sysbios_heaps_HeapMem_Object__table__V                                 
2000222c  ti_sysbios_family_arm_cc26xx_Power_refCount                               
20002250  __TI_cleanup_ptr                                                          
20002254  __TI_dtors_ptr                                                            
20002258  __TI_enable_exit_profile_output                                           
2000225c  lastAppOpcodeSent                                                         
20002260  pfnBMAlloc                                                                
20002264  pfnBMFree                                                                 
20002268  ti_sysbios_family_arm_cc26xx_Power_resourceHandlers                       
20002288  _lock                                                                     
2000228c  _unlock                                                                   
20002290  ti_sysbios_family_arm_m3_Hwi_Module__root__V                              
20002298  ti_sysbios_gates_GateHwi_Module__root__V                                  
200022a0  ti_sysbios_gates_GateMutex_Module__root__V                                
200022a8  ti_sysbios_hal_Hwi_Module__root__V                                        
200022b0  ti_sysbios_heaps_HeapMem_Module__root__V                                  
200022b8  ti_sysbios_knl_Clock_Module__root__V                                      
200022c0  ti_sysbios_knl_Mailbox_Module__root__V                                    
200022c8  ti_sysbios_knl_Queue_Module__root__V                                      
200022d0  ti_sysbios_knl_Semaphore_Module__root__V                                  
200022d8  ti_sysbios_knl_Swi_Module__root__V                                        
200022e0  ti_sysbios_knl_Task_Module__root__V                                       
200022e8  ti_sysbios_family_arm_cc26xx_Power_constraintCounts                       
200022f4  main_func_sp                                                              
200022fc  ti_sysbios_family_arm_m3_Hwi_Module_State_0_excContext__A                 
20002300  ti_sysbios_family_arm_m3_Hwi_Module_State_0_excStack__A                   
20002304  ti_sysbios_knl_Task_Module_State_0_idleTask__A                            
2000231a  ti_sysbios_family_arm_m3_Hwi_Module_State_0_excActive__A                  
20002e58  ti_sysbios_heaps_HeapMem_Instance_State_0_buf__A                          
200034d8  ti_sysbios_knl_Task_Instance_State_0_stack__A                             
200036d8  spiCC26XXDMAObjects                                                       
20003828  PIN_NumPins                                                               
20003888  PIN_HandleTable                                                           
20003904  ti_sysbios_family_arm_m3_Hwi_dispatchTable                                
200039cc  i2cCC26xxObjects                                                          
20003abc  UdmaObjects                                                               
20003b36  driverlib_release_0_43243                                                 
2000405c  __stack                                                                   
2000445c  __STACK_END                                                               
2000445c  __STACK_TOP                                                               
e000e000  ti_sysbios_family_arm_m3_Hwi_nvic                                         
ffffffff  __TI_pprof_out_hndl                                                       
ffffffff  __TI_prof_data_size                                                       
ffffffff  __TI_prof_data_start                                                      
ffffffff  __binit__                                                                 
ffffffff  __c_args__                                                                
ffffffff  binit                                                                     
UNDEFED   SHT$$INIT_ARRAY$$Base                                                     
UNDEFED   SHT$$INIT_ARRAY$$Limit                                                    
UNDEFED   ti_sysbios_BIOS_RtsGateProxy_Handle__label__S__mangled__                  
UNDEFED   ti_sysbios_BIOS_RtsGateProxy_Object__delete__S__mangled__                 
UNDEFED   ti_sysbios_BIOS_RtsGateProxy_Params__init__S__mangled__                   
UNDEFED   ti_sysbios_BIOS_RtsGateProxy_query__E__mangled__                          
UNDEFED   ti_sysbios_hal_Hwi_HwiProxy_Module__startupDone__S__mangled__             
UNDEFED   ti_sysbios_hal_Hwi_HwiProxy_Object__delete__S__mangled__                  
UNDEFED   ti_sysbios_hal_Hwi_HwiProxy_Params__init__S__mangled__                    
UNDEFED   ti_sysbios_hal_Hwi_HwiProxy_disableInterrupt__E__mangled__                
UNDEFED   ti_sysbios_hal_Hwi_HwiProxy_enableInterrupt__E__mangled__                 
UNDEFED   ti_sysbios_hal_Hwi_HwiProxy_getStackInfo__E__mangled__                    
UNDEFED   ti_sysbios_hal_Hwi_HwiProxy_startup__E__mangled__                         
UNDEFED   ti_sysbios_hal_Hwi_HwiProxy_switchFromBootStack__E__mangled__             
UNDEFED   ti_sysbios_hal_Hwi_disableInterrupt__E__mangled__                         
UNDEFED   ti_sysbios_hal_Hwi_enableInterrupt__E__mangled__                          
UNDEFED   ti_sysbios_hal_Hwi_getStackInfo__E__mangled__                             
UNDEFED   ti_sysbios_hal_Hwi_startup__E__mangled__                                  
UNDEFED   ti_sysbios_hal_Hwi_switchFromBootStack__E__mangled__                      
UNDEFED   ti_sysbios_heaps_HeapMem_Module_GateProxy_Handle__label__S__mangled__     
UNDEFED   ti_sysbios_heaps_HeapMem_Module_GateProxy_Object__delete__S__mangled__    
UNDEFED   ti_sysbios_heaps_HeapMem_Module_GateProxy_Params__init__S__mangled__      
UNDEFED   ti_sysbios_heaps_HeapMem_Module_GateProxy_query__E__mangled__             
UNDEFED   ti_sysbios_knl_Clock_TimerProxy_Module__startupDone__S__mangled__         
UNDEFED   ti_sysbios_knl_Clock_TimerProxy_startup__E__mangled__                     
UNDEFED   ti_sysbios_knl_Task_SupportProxy_Module__startupDone__S__mangled__        
UNDEFED   ti_sysbios_knl_Task_SupportProxy_getStackAlignment__E__mangled__          
UNDEFED   ti_sysbios_knl_Task_SupportProxy_start__E__mangled__                      
UNDEFED   ti_sysbios_knl_Task_SupportProxy_swap__E__mangled__                       
UNDEFED   xdc_runtime_Main_Module_GateProxy_Handle__label__S                        
UNDEFED   xdc_runtime_Main_Module_GateProxy_Object__delete__S                       
UNDEFED   xdc_runtime_Main_Module_GateProxy_query__E                                
UNDEFED   xdc_runtime_Memory_HeapProxy_Handle__label__S__mangled__                  
UNDEFED   xdc_runtime_Memory_HeapProxy_Object__delete__S__mangled__                 
UNDEFED   xdc_runtime_System_Module_GateProxy_Handle__label__S__mangled__           
UNDEFED   xdc_runtime_System_Module_GateProxy_Object__delete__S__mangled__          
UNDEFED   xdc_runtime_System_Module_GateProxy_query__E__mangled__                   
UNDEFED   xdc_runtime_System_SupportProxy_abort__E                                  
UNDEFED   xdc_runtime_System_SupportProxy_exit__E                                   
UNDEFED   xdc_runtime_Timestamp_SupportProxy_get64__E__mangled__                    
UNDEFED   xdc_runtime_Timestamp_SupportProxy_getFreq__E__mangled__                  
UNDEFED   xdc_runtime_Timestamp_get32__E__mangled__                                 
UNDEFED   xdc_runtime_Timestamp_get64__E__mangled__                                 
UNDEFED   xdc_runtime_Timestamp_getFreq__E__mangled__                               

[875 symbols]
